Archive member included to satisfy reference by file (symbol)

/opt/st/stm32cubeide_1.19.0/plugins/com.st.stm32cube.ide.mcu.externaltools.gnu-tools-for-stm32.13.3.rel1.linux64_1.0.0.202410170706/tools/bin/../lib/gcc/arm-none-eabi/13.3.1/../../../../arm-none-eabi/lib/thumb/v7e-m+dp/hard/libc_nano.a(libc_a-exit.o)
                              /opt/st/stm32cubeide_1.19.0/plugins/com.st.stm32cube.ide.mcu.externaltools.gnu-tools-for-stm32.13.3.rel1.linux64_1.0.0.202410170706/tools/bin/../lib/gcc/arm-none-eabi/13.3.1/../../../../arm-none-eabi/lib/thumb/v7e-m+dp/hard/crt0.o (exit)
/opt/st/stm32cubeide_1.19.0/plugins/com.st.stm32cube.ide.mcu.externaltools.gnu-tools-for-stm32.13.3.rel1.linux64_1.0.0.202410170706/tools/bin/../lib/gcc/arm-none-eabi/13.3.1/../../../../arm-none-eabi/lib/thumb/v7e-m+dp/hard/libc_nano.a(libc_a-findfp.o)
                              /opt/st/stm32cubeide_1.19.0/plugins/com.st.stm32cube.ide.mcu.externaltools.gnu-tools-for-stm32.13.3.rel1.linux64_1.0.0.202410170706/tools/bin/../lib/gcc/arm-none-eabi/13.3.1/../../../../arm-none-eabi/lib/thumb/v7e-m+dp/hard/libc_nano.a(libc_a-exit.o) (__stdio_exit_handler)
/opt/st/stm32cubeide_1.19.0/plugins/com.st.stm32cube.ide.mcu.externaltools.gnu-tools-for-stm32.13.3.rel1.linux64_1.0.0.202410170706/tools/bin/../lib/gcc/arm-none-eabi/13.3.1/../../../../arm-none-eabi/lib/thumb/v7e-m+dp/hard/libc_nano.a(libc_a-fwalk.o)
                              /opt/st/stm32cubeide_1.19.0/plugins/com.st.stm32cube.ide.mcu.externaltools.gnu-tools-for-stm32.13.3.rel1.linux64_1.0.0.202410170706/tools/bin/../lib/gcc/arm-none-eabi/13.3.1/../../../../arm-none-eabi/lib/thumb/v7e-m+dp/hard/libc_nano.a(libc_a-findfp.o) (_fwalk_sglue)
/opt/st/stm32cubeide_1.19.0/plugins/com.st.stm32cube.ide.mcu.externaltools.gnu-tools-for-stm32.13.3.rel1.linux64_1.0.0.202410170706/tools/bin/../lib/gcc/arm-none-eabi/13.3.1/../../../../arm-none-eabi/lib/thumb/v7e-m+dp/hard/libc_nano.a(libc_a-puts.o)
                              build/main.o (puts)
/opt/st/stm32cubeide_1.19.0/plugins/com.st.stm32cube.ide.mcu.externaltools.gnu-tools-for-stm32.13.3.rel1.linux64_1.0.0.202410170706/tools/bin/../lib/gcc/arm-none-eabi/13.3.1/../../../../arm-none-eabi/lib/thumb/v7e-m+dp/hard/libc_nano.a(libc_a-stdio.o)
                              /opt/st/stm32cubeide_1.19.0/plugins/com.st.stm32cube.ide.mcu.externaltools.gnu-tools-for-stm32.13.3.rel1.linux64_1.0.0.202410170706/tools/bin/../lib/gcc/arm-none-eabi/13.3.1/../../../../arm-none-eabi/lib/thumb/v7e-m+dp/hard/libc_nano.a(libc_a-findfp.o) (__sread)
/opt/st/stm32cubeide_1.19.0/plugins/com.st.stm32cube.ide.mcu.externaltools.gnu-tools-for-stm32.13.3.rel1.linux64_1.0.0.202410170706/tools/bin/../lib/gcc/arm-none-eabi/13.3.1/../../../../arm-none-eabi/lib/thumb/v7e-m+dp/hard/libc_nano.a(libc_a-wbuf.o)
                              /opt/st/stm32cubeide_1.19.0/plugins/com.st.stm32cube.ide.mcu.externaltools.gnu-tools-for-stm32.13.3.rel1.linux64_1.0.0.202410170706/tools/bin/../lib/gcc/arm-none-eabi/13.3.1/../../../../arm-none-eabi/lib/thumb/v7e-m+dp/hard/libc_nano.a(libc_a-puts.o) (__swbuf_r)
/opt/st/stm32cubeide_1.19.0/plugins/com.st.stm32cube.ide.mcu.externaltools.gnu-tools-for-stm32.13.3.rel1.linux64_1.0.0.202410170706/tools/bin/../lib/gcc/arm-none-eabi/13.3.1/../../../../arm-none-eabi/lib/thumb/v7e-m+dp/hard/libc_nano.a(libc_a-wsetup.o)
                              /opt/st/stm32cubeide_1.19.0/plugins/com.st.stm32cube.ide.mcu.externaltools.gnu-tools-for-stm32.13.3.rel1.linux64_1.0.0.202410170706/tools/bin/../lib/gcc/arm-none-eabi/13.3.1/../../../../arm-none-eabi/lib/thumb/v7e-m+dp/hard/libc_nano.a(libc_a-puts.o) (__swsetup_r)
/opt/st/stm32cubeide_1.19.0/plugins/com.st.stm32cube.ide.mcu.externaltools.gnu-tools-for-stm32.13.3.rel1.linux64_1.0.0.202410170706/tools/bin/../lib/gcc/arm-none-eabi/13.3.1/../../../../arm-none-eabi/lib/thumb/v7e-m+dp/hard/libc_nano.a(libc_a-memset.o)
                              /opt/st/stm32cubeide_1.19.0/plugins/com.st.stm32cube.ide.mcu.externaltools.gnu-tools-for-stm32.13.3.rel1.linux64_1.0.0.202410170706/tools/bin/../lib/gcc/arm-none-eabi/13.3.1/../../../../arm-none-eabi/lib/thumb/v7e-m+dp/hard/crt0.o (memset)
/opt/st/stm32cubeide_1.19.0/plugins/com.st.stm32cube.ide.mcu.externaltools.gnu-tools-for-stm32.13.3.rel1.linux64_1.0.0.202410170706/tools/bin/../lib/gcc/arm-none-eabi/13.3.1/../../../../arm-none-eabi/lib/thumb/v7e-m+dp/hard/libc_nano.a(libc_a-closer.o)
                              /opt/st/stm32cubeide_1.19.0/plugins/com.st.stm32cube.ide.mcu.externaltools.gnu-tools-for-stm32.13.3.rel1.linux64_1.0.0.202410170706/tools/bin/../lib/gcc/arm-none-eabi/13.3.1/../../../../arm-none-eabi/lib/thumb/v7e-m+dp/hard/libc_nano.a(libc_a-stdio.o) (_close_r)
/opt/st/stm32cubeide_1.19.0/plugins/com.st.stm32cube.ide.mcu.externaltools.gnu-tools-for-stm32.13.3.rel1.linux64_1.0.0.202410170706/tools/bin/../lib/gcc/arm-none-eabi/13.3.1/../../../../arm-none-eabi/lib/thumb/v7e-m+dp/hard/libc_nano.a(libc_a-reent.o)
[...]
Memory Configuration

Name             Origin             Length             Attributes
DTCMRAM          0x20000000         0x00020000         xrw
RAM              0x24000000         0x00080000         xrw
RAM_D2           0x30000000         0x00048000         xrw
RAM_D3           0x38000000         0x00010000         xrw
ITCMRAM          0x00000000         0x00010000         xrw
FLASH            0x08000000         0x00200000         xr
*default*        0x00000000         0xffffffff

Linker script and memory map

LOAD /opt/st/stm32cubeide_1.19.0/plugins/com.st.stm32cube.ide.mcu.externaltools.gnu-tools-for-stm32.13.3.rel1.linux64_1.0.0.202410170706/tools/bin/../lib/gcc/arm-none-eabi/13.3.1/thumb/v7e-m+dp/hard/crti.o
LOAD /opt/st/stm32cubeide_1.19.0/plugins/com.st.stm32cube.ide.mcu.externaltools.gnu-tools-for-stm32.13.3.rel1.linux64_1.0.0.202410170706/tools/bin/../lib/gcc/arm-none-eabi/13.3.1/thumb/v7e-m+dp/hard/crtbegin.o
LOAD /opt/st/stm32cubeide_1.19.0/plugins/com.st.stm32cube.ide.mcu.externaltools.gnu-tools-for-stm32.13.3.rel1.linux64_1.0.0.202410170706/tools/bin/../lib/gcc/arm-none-eabi/13.3.1/../../../../arm-none-eabi/lib/thumb/v7e-m+dp/hard/crt0.o
LOAD build/main.o
LOAD build/gpio.o
LOAD build/mdma.o
LOAD build/quadspi.o
LOAD build/tim.o
LOAD build/stm32h7xx_it.o
LOAD build/stm32h7xx_hal_msp.o
LOAD build/stm32h7xx_hal_rcc.o
LOAD build/stm32h7xx_hal_rcc_ex.o
LOAD build/stm32h7xx_hal_flash.o
LOAD build/stm32h7xx_hal_flash_ex.o
LOAD build/stm32h7xx_hal_gpio.o
LOAD build/stm32h7xx_hal_hsem.o
LOAD build/stm32h7xx_hal_dma.o
LOAD build/stm32h7xx_hal_dma_ex.o
LOAD build/stm32h7xx_hal_mdma.o
LOAD build/stm32h7xx_hal_pwr.o
LOAD build/stm32h7xx_hal_pwr_ex.o
LOAD build/stm32h7xx_hal_cortex.o
LOAD build/stm32h7xx_hal.o
LOAD build/stm32h7xx_hal_i2c.o
LOAD build/stm32h7xx_hal_i2c_ex.o
LOAD build/stm32h7xx_hal_exti.o
LOAD build/stm32h7xx_hal_qspi.o
LOAD build/stm32h7xx_ll_delayblock.o
LOAD build/stm32h7xx_hal_tim.o
LOAD build/stm32h7xx_hal_tim_ex.o
LOAD build/system_stm32h7xx.o
LOAD build/sysmem.o
LOAD build/syscalls.o
LOAD build/z_qflash_W25QXXX.o
LOAD build/z_qflash_W25QXXX_test.o
LOAD build/startup_stm32h753xx.o
LOAD /opt/st/stm32cubeide_1.19.0/plugins/com.st.stm32cube.ide.mcu.externaltools.gnu-tools-for-stm32.13.3.rel1.linux64_1.0.0.202410170706/tools/bin/../lib/gcc/arm-none-eabi/13.3.1/../../../../arm-none-eabi/lib/thumb/v7e-m+dp/hard/libc_nano.a
LOAD /opt/st/stm32cubeide_1.19.0/plugins/com.st.stm32cube.ide.mcu.externaltools.gnu-tools-for-stm32.13.3.rel1.linux64_1.0.0.202410170706/tools/bin/../lib/gcc/arm-none-eabi/13.3.1/../../../../arm-none-eabi/lib/thumb/v7e-m+dp/hard/libm.a
LOAD /opt/st/stm32cubeide_1.19.0/plugins/com.st.stm32cube.ide.mcu.externaltools.gnu-tools-for-stm32.13.3.rel1.linux64_1.0.0.202410170706/tools/bin/../lib/gcc/arm-none-eabi/13.3.1/../../../../arm-none-eabi/lib/thumb/v7e-m+dp/hard/libnosys.a
START GROUP
LOAD /opt/st/stm32cubeide_1.19.0/plugins/com.st.stm32cube.ide.mcu.externaltools.gnu-tools-for-stm32.13.3.rel1.linux64_1.0.0.202410170706/tools/bin/../lib/gcc/arm-none-eabi/13.3.1/thumb/v7e-m+dp/hard/libgcc.a
LOAD /opt/st/stm32cubeide_1.19.0/plugins/com.st.stm32cube.ide.mcu.externaltools.gnu-tools-for-stm32.13.3.rel1.linux64_1.0.0.202410170706/tools/bin/../lib/gcc/arm-none-eabi/13.3.1/../../../../arm-none-eabi/lib/thumb/v7e-m+dp/hard/libc_nano.a
END GROUP
START GROUP
LOAD /opt/st/stm32cubeide_1.19.0/plugins/com.st.stm32cube.ide.mcu.externaltools.gnu-tools-for-stm32.13.3.rel1.linux64_1.0.0.202410170706/tools/bin/../lib/gcc/arm-none-eabi/13.3.1/thumb/v7e-m+dp/hard/libgcc.a
LOAD /opt/st/stm32cubeide_1.19.0/plugins/com.st.stm32cube.ide.mcu.externaltools.gnu-tools-for-stm32.13.3.rel1.linux64_1.0.0.202410170706/tools/bin/../lib/gcc/arm-none-eabi/13.3.1/../../../../arm-none-eabi/lib/thumb/v7e-m+dp/hard/libc_nano.a
END GROUP
LOAD /opt/st/stm32cubeide_1.19.0/plugins/com.st.stm32cube.ide.mcu.externaltools.gnu-tools-for-stm32.13.3.rel1.linux64_1.0.0.202410170706/tools/bin/../lib/gcc/arm-none-eabi/13.3.1/thumb/v7e-m+dp/hard/crtend.o
LOAD /opt/st/stm32cubeide_1.19.0/plugins/com.st.stm32cube.ide.mcu.externaltools.gnu-tools-for-stm32.13.3.rel1.linux64_1.0.0.202410170706/tools/bin/../lib/gcc/arm-none-eabi/13.3.1/thumb/v7e-m+dp/hard/crtn.o
                0x20020000                        _estack = (ORIGIN (DTCMRAM) + LENGTH (DTCMRAM))
                0x00000000                        _Min_Heap_Size = 0x0
                0x00012000                        _Min_Stack_Size = 0x12000

.isr_vector     0x08000000      0x298
                0x08000000                        . = ALIGN (0x4)
 *(.isr_vector)
 .isr_vector    0x08000000      0x298 build/startup_stm32h753xx.o
                0x08000000                g_pfnVectors
                0x08000298                        . = ALIGN (0x4)

.text           0x08000298     0x47ac
                0x08000298                        . = ALIGN (0x4)
 *(.text)
 .text          0x08000298       0x40 /opt/st/stm32cubeide_1.19.0/plugins/com.st.stm32cube.ide.mcu.externaltools.gnu-tools-for-stm32.13.3.rel1.linux64_1.0.0.202410170706/tools/bin/../lib/gcc/arm-none-eabi/13.3.1/thumb/v7e-m+dp/hard/crtbegin.o
 *(.text*)
 .text.ITM_SendChar
                0x080002d8       0x34 build/main.o
 .text.MPU_Config
                0x0800030c       0x52 build/main.o
 .text._write   0x0800035e       0x1c build/main.o
                0x0800035e                _write
 .text.Error_Handler
                0x0800037a        0x4 build/main.o
                0x0800037a                Error_Handler
 *fill*         0x0800037e        0x2 
 .text.SystemClock_Config
                0x08000380       0xc0 build/main.o
                0x08000380                SystemClock_Config
 .text.main     0x08000440       0x98 build/main.o
                0x08000440                main
 .text.MX_GPIO_Init
                0x080004d8       0xd0 build/gpio.o
                0x080004d8                MX_GPIO_Init
 .text.MX_MDMA_Init
                0x080005a8       0x38 build/mdma.o
                0x080005a8                MX_MDMA_Init
 .text.MX_QUADSPI_Init
                0x080005e0       0x38 build/quadspi.o
                0x080005e0                MX_QUADSPI_Init
 .text.HAL_QSPI_MspInit
                0x08000618      0x1a8 build/quadspi.o
                0x08000618                HAL_QSPI_MspInit
 .text.MX_TIM2_Init
                0x080007c0       0x70 build/tim.o
                0x080007c0                MX_TIM2_Init
 .text.HAL_TIM_Base_MspInit
                0x08000830       0x30 build/tim.o
                0x08000830                HAL_TIM_Base_MspInit
 .text.NMI_Handler
                0x08000860        0x2 build/stm32h7xx_it.o
                0x08000860                NMI_Handler
 .text.HardFault_Handler
                0x08000862        0x2 build/stm32h7xx_it.o
                0x08000862                HardFault_Handler
 .text.MemManage_Handler
                0x08000864        0x2 build/stm32h7xx_it.o
                0x08000864                MemManage_Handler
 .text.BusFault_Handler
                0x08000866        0x2 build/stm32h7xx_it.o
                0x08000866                BusFault_Handler
 .text.UsageFault_Handler
                0x08000868        0x2 build/stm32h7xx_it.o
                0x08000868                UsageFault_Handler
 .text.SVC_Handler
                0x0800086a        0x2 build/stm32h7xx_it.o
                0x0800086a                SVC_Handler
 .text.DebugMon_Handler
                0x0800086c        0x2 build/stm32h7xx_it.o
                0x0800086c                DebugMon_Handler
 .text.PendSV_Handler
                0x0800086e        0x2 build/stm32h7xx_it.o
                0x0800086e                PendSV_Handler
 .text.SysTick_Handler
                0x08000870        0x8 build/stm32h7xx_it.o
                0x08000870                SysTick_Handler
 .text.QUADSPI_IRQHandler
                0x08000878       0x10 build/stm32h7xx_it.o
                0x08000878                QUADSPI_IRQHandler
 .text.MDMA_IRQHandler
                0x08000888       0x10 build/stm32h7xx_it.o
                0x08000888                MDMA_IRQHandler
 .text.HAL_MspInit
                0x08000898       0x24 build/stm32h7xx_hal_msp.o
                0x08000898                HAL_MspInit
 .text.HAL_RCC_OscConfig
                0x080008bc      0x6b0 build/stm32h7xx_hal_rcc.o
                0x080008bc                HAL_RCC_OscConfig
 .text.HAL_RCC_GetSysClockFreq
                0x08000f6c      0x1f8 build/stm32h7xx_hal_rcc.o
                0x08000f6c                HAL_RCC_GetSysClockFreq
 .text.HAL_RCC_ClockConfig
                0x08001164      0x294 build/stm32h7xx_hal_rcc.o
                0x08001164                HAL_RCC_ClockConfig
 .text.RCCEx_PLL2_Config
                0x080013f8      0x108 build/stm32h7xx_hal_rcc_ex.o
 .text.RCCEx_PLL3_Config
                0x08001500      0x108 build/stm32h7xx_hal_rcc_ex.o
 .text.HAL_RCCEx_PeriphCLKConfig
                0x08001608      0xaac build/stm32h7xx_hal_rcc_ex.o
                0x08001608                HAL_RCCEx_PeriphCLKConfig
 .text.HAL_GPIO_Init
                0x080020b4      0x220 build/stm32h7xx_hal_gpio.o
                0x080020b4                HAL_GPIO_Init
 .text.HAL_GPIO_WritePin
                0x080022d4        0xc build/stm32h7xx_hal_gpio.o
                0x080022d4                HAL_GPIO_WritePin
 .text.MDMA_SetConfig
                0x080022e0       0x90 build/stm32h7xx_hal_mdma.o
 .text.MDMA_Init
                0x08002370       0xb8 build/stm32h7xx_hal_mdma.o
 .text.HAL_MDMA_Init
                0x08002428       0x60 build/stm32h7xx_hal_mdma.o
                0x08002428                HAL_MDMA_Init
 .text.HAL_MDMA_ConfigPostRequestMask
                0x08002488       0x66 build/stm32h7xx_hal_mdma.o
                0x08002488                HAL_MDMA_ConfigPostRequestMask
 .text.HAL_MDMA_Start_IT
                0x080024ee       0xac build/stm32h7xx_hal_mdma.o
                0x080024ee                HAL_MDMA_Start_IT
 .text.HAL_MDMA_Abort_IT
                0x0800259a       0x2c build/stm32h7xx_hal_mdma.o
                0x0800259a                HAL_MDMA_Abort_IT
 *fill*         0x080025c6        0x2 
 .text.HAL_MDMA_IRQHandler
                0x080025c8      0x1b4 build/stm32h7xx_hal_mdma.o
                0x080025c8                HAL_MDMA_IRQHandler
 .text.HAL_PWREx_ConfigSupply
                0x0800277c       0x54 build/stm32h7xx_hal_pwr_ex.o
                0x0800277c                HAL_PWREx_ConfigSupply
 .text.__NVIC_EnableIRQ
                0x080027d0       0x1c build/stm32h7xx_hal_cortex.o
 .text.__NVIC_SetPriority
                0x080027ec       0x24 build/stm32h7xx_hal_cortex.o
 .text.NVIC_EncodePriority
                0x08002810       0x3e build/stm32h7xx_hal_cortex.o
 *fill*         0x0800284e        0x2 
 .text.HAL_NVIC_SetPriorityGrouping
                0x08002850       0x24 build/stm32h7xx_hal_cortex.o
                0x08002850                HAL_NVIC_SetPriorityGrouping
 .text.HAL_NVIC_SetPriority
                0x08002874       0x20 build/stm32h7xx_hal_cortex.o
                0x08002874                HAL_NVIC_SetPriority
 .text.HAL_NVIC_EnableIRQ
                0x08002894        0x8 build/stm32h7xx_hal_cortex.o
                0x08002894                HAL_NVIC_EnableIRQ
 .text.HAL_SYSTICK_Config
                0x0800289c       0x28 build/stm32h7xx_hal_cortex.o
                0x0800289c                HAL_SYSTICK_Config
 .text.HAL_MPU_Disable
                0x080028c4       0x1c build/stm32h7xx_hal_cortex.o
                0x080028c4                HAL_MPU_Disable
 .text.HAL_MPU_Enable
                0x080028e0       0x20 build/stm32h7xx_hal_cortex.o
                0x080028e0                HAL_MPU_Enable
 .text.HAL_MPU_ConfigRegion
                0x08002900       0x58 build/stm32h7xx_hal_cortex.o
                0x08002900                HAL_MPU_ConfigRegion
 .text.HAL_InitTick
                0x08002958       0x50 build/stm32h7xx_hal.o
                0x08002958                HAL_InitTick
 .text.HAL_Init
                0x080029a8       0x5c build/stm32h7xx_hal.o
                0x080029a8                HAL_Init
 .text.HAL_IncTick
                0x08002a04       0x18 build/stm32h7xx_hal.o
                0x08002a04                HAL_IncTick
 .text.HAL_GetTick
                0x08002a1c        0xc build/stm32h7xx_hal.o
                0x08002a1c                HAL_GetTick
 .text.HAL_Delay
                0x08002a28       0x28 build/stm32h7xx_hal.o
                0x08002a28                HAL_Delay
 .text.HAL_GetREVID
                0x08002a50        0xc build/stm32h7xx_hal.o
                0x08002a50                HAL_GetREVID
 .text.QSPI_DMARxCplt
                0x08002a5c       0x12 build/stm32h7xx_hal_qspi.o
 .text.QSPI_DMATxCplt
                0x08002a6e       0x12 build/stm32h7xx_hal_qspi.o
 .text.QSPI_Config
                0x08002a80      0x1ec build/stm32h7xx_hal_qspi.o
 .text.QSPI_WaitFlagStateUntilTimeout
                0x08002c6c       0x54 build/stm32h7xx_hal_qspi.o
 .text.HAL_QSPI_Command
                0x08002cc0       0x9e build/stm32h7xx_hal_qspi.o
                0x08002cc0                HAL_QSPI_Command
 *fill*         0x08002d5e        0x2 
 .text.HAL_QSPI_Transmit_DMA
                0x08002d60      0x140 build/stm32h7xx_hal_qspi.o
                0x08002d60                HAL_QSPI_Transmit_DMA
 .text.HAL_QSPI_Receive_DMA
                0x08002ea0      0x150 build/stm32h7xx_hal_qspi.o
                0x08002ea0                HAL_QSPI_Receive_DMA
 .text.HAL_QSPI_AutoPolling
                0x08002ff0       0xb6 build/stm32h7xx_hal_qspi.o
                0x08002ff0                HAL_QSPI_AutoPolling
 .text.QSPI_DMAAbortCplt
                0x080030a6       0x3c build/stm32h7xx_hal_qspi.o
 .text.HAL_QSPI_AbortCpltCallback
                0x080030e2        0x2 build/stm32h7xx_hal_qspi.o
                0x080030e2                HAL_QSPI_AbortCpltCallback
 .text.HAL_QSPI_FifoThresholdCallback
                0x080030e4        0x2 build/stm32h7xx_hal_qspi.o
                0x080030e4                HAL_QSPI_FifoThresholdCallback
 .text.HAL_QSPI_StatusMatchCallback
                0x080030e6        0x2 build/stm32h7xx_hal_qspi.o
                0x080030e6                HAL_QSPI_StatusMatchCallback
 .text.HAL_QSPI_TimeOutCallback
                0x080030e8        0x2 build/stm32h7xx_hal_qspi.o
                0x080030e8                HAL_QSPI_TimeOutCallback
 *fill*         0x080030ea        0x2 
 .text.HAL_QSPI_IRQHandler
                0x080030ec      0x240 build/stm32h7xx_hal_qspi.o
                0x080030ec                HAL_QSPI_IRQHandler
 .text.HAL_QSPI_Abort_IT
                0x0800332c       0x88 build/stm32h7xx_hal_qspi.o
                0x0800332c                HAL_QSPI_Abort_IT
 .text.QSPI_DMAError
                0x080033b4       0x22 build/stm32h7xx_hal_qspi.o
 .text.HAL_QSPI_SetTimeout
                0x080033d6        0x4 build/stm32h7xx_hal_qspi.o
                0x080033d6                HAL_QSPI_SetTimeout
 *fill*         0x080033da        0x2 
 .text.HAL_QSPI_Init
                0x080033dc       0xa8 build/stm32h7xx_hal_qspi.o
                0x080033dc                HAL_QSPI_Init
 .text.TIM_TI1_ConfigInputStage
                0x08003484       0x26 build/stm32h7xx_hal_tim.o
 .text.TIM_TI2_ConfigInputStage
                0x080034aa       0x28 build/stm32h7xx_hal_tim.o
 *fill*         0x080034d2        0x2 
 .text.TIM_ITRx_SetConfig
                0x080034d4       0x14 build/stm32h7xx_hal_tim.o
 .text.HAL_TIM_Base_Start
                0x080034e8       0x88 build/stm32h7xx_hal_tim.o
                0x080034e8                HAL_TIM_Base_Start
 .text.TIM_Base_SetConfig
                0x08003570      0x104 build/stm32h7xx_hal_tim.o
                0x08003570                TIM_Base_SetConfig
 .text.HAL_TIM_Base_Init
                0x08003674       0x60 build/stm32h7xx_hal_tim.o
                0x08003674                HAL_TIM_Base_Init
 .text.TIM_ETR_SetConfig
                0x080036d4       0x1a build/stm32h7xx_hal_tim.o
                0x080036d4                TIM_ETR_SetConfig
 *fill*         0x080036ee        0x2 
 .text.HAL_TIM_ConfigClockSource
                0x080036f0      0x138 build/stm32h7xx_hal_tim.o
                0x080036f0                HAL_TIM_ConfigClockSource
 .text.HAL_TIMEx_MasterConfigSynchronization
                0x08003828       0xa0 build/stm32h7xx_hal_tim_ex.o
                0x08003828                HAL_TIMEx_MasterConfigSynchronization
 .text.SystemInit
                0x080038c8       0xf0 build/system_stm32h7xx.o
                0x080038c8                SystemInit
 .text.ExitRun0Mode
                0x080039b8       0x1c build/system_stm32h7xx.o
                0x080039b8                ExitRun0Mode
 .text._sbrk    0x080039d4       0x48 build/sysmem.o
                0x080039d4                _sbrk
 .text._read    0x08003a1c       0x20 build/syscalls.o
                0x08003a1c                _read
 .text._close   0x08003a3c        0x6 build/syscalls.o
                0x08003a3c                _close
 .text._fstat   0x08003a42        0xa build/syscalls.o
                0x08003a42                _fstat
 .text._isatty  0x08003a4c        0x4 build/syscalls.o
                0x08003a4c                _isatty
 .text._lseek   0x08003a50        0x4 build/syscalls.o
                0x08003a50                _lseek
 .text.QFlash_WaitForDataAvailable
                0x08003a54       0x30 build/z_qflash_W25QXXX.o
                0x08003a54                QFlash_WaitForDataAvailable
 .text.QFlash_DefaultCmd
                0x08003a84       0x26 build/z_qflash_W25QXXX.o
                0x08003a84                QFlash_DefaultCmd
 *fill*         0x08003aaa        0x2 
 .text.QFlash_Reset
                0x08003aac       0x80 build/z_qflash_W25QXXX.o
                0x08003aac                QFlash_Reset
 .text.QFlash_ReadJedecID
                0x08003b2c       0x78 build/z_qflash_W25QXXX.o
                0x08003b2c                QFlash_ReadJedecID
 .text.QFlash_ReadSFDP
                0x08003ba4       0x84 build/z_qflash_W25QXXX.o
                0x08003ba4                QFlash_ReadSFDP
 .text.QFlash_WriteEnable
                0x08003c28       0x48 build/z_qflash_W25QXXX.o
                0x08003c28                QFlash_WriteEnable
 .text.QFlash_ReadSR1
                0x08003c70       0x78 build/z_qflash_W25QXXX.o
                0x08003c70                QFlash_ReadSR1
 .text.QFlash_ReadSR2
                0x08003ce8       0x78 build/z_qflash_W25QXXX.o
                0x08003ce8                QFlash_ReadSR2
 .text.QFlash_ReadSR3
                0x08003d60       0x78 build/z_qflash_W25QXXX.o
                0x08003d60                QFlash_ReadSR3
 .text.QFlash_WaitForWritingComplete
                0x08003dd8       0x64 build/z_qflash_W25QXXX.o
                0x08003dd8                QFlash_WaitForWritingComplete
 .text.QFlash_WriteSR2
                0x08003e3c       0x84 build/z_qflash_W25QXXX.o
                0x08003e3c                QFlash_WriteSR2
 .text.QFlash_ChipSelect
                0x08003ec0       0x14 build/z_qflash_W25QXXX.o
                0x08003ec0                QFlash_ChipSelect
 .text.QFlash_ChipDeselect
                0x08003ed4       0x14 build/z_qflash_W25QXXX.o
                0x08003ed4                QFlash_ChipDeselect
 .text.QFlash_Init
                0x08003ee8       0xa6 build/z_qflash_W25QXXX.o
                0x08003ee8                QFlash_Init
 *fill*         0x08003f8e        0x2 
 .text.HAL_QSPI_CmdCpltCallback
                0x08003f90       0x18 build/z_qflash_W25QXXX.o
                0x08003f90                HAL_QSPI_CmdCpltCallback
 .text.HAL_QSPI_RxCpltCallback
                0x08003fa8       0x20 build/z_qflash_W25QXXX.o
                0x08003fa8                HAL_QSPI_RxCpltCallback
 .text.HAL_QSPI_TxCpltCallback
                0x08003fc8       0x18 build/z_qflash_W25QXXX.o
                0x08003fc8                HAL_QSPI_TxCpltCallback
 .text.HAL_QSPI_ErrorCallback
                0x08003fe0       0x28 build/z_qflash_W25QXXX.o
                0x08003fe0                HAL_QSPI_ErrorCallback
 .text.BlinkIt  0x08004008       0x74 build/z_qflash_W25QXXX_test.o
                0x08004008                BlinkIt
 .text.Reset_Handler
                0x0800407c       0x54 build/startup_stm32h753xx.o
                0x0800407c                Reset_Handler
 .text.Default_Handler
                0x080040d0        0x2 build/startup_stm32h753xx.o
                0x080040d0                RTC_Alarm_IRQHandler
                0x080040d0                HASH_RNG_IRQHandler
                0x080040d0                EXTI2_IRQHandler
                0x080040d0                TIM8_CC_IRQHandler
                0x080040d0                HRTIM1_Master_IRQHandler
                0x080040d0                UART8_IRQHandler
                0x080040d0                SPI4_IRQHandler
                0x080040d0                TIM1_CC_IRQHandler
                0x080040d0                BDMA_Channel6_IRQHandler
                0x080040d0                DMA2_Stream5_IRQHandler
                0x080040d0                HRTIM1_FLT_IRQHandler
                0x080040d0                JPEG_IRQHandler
                0x080040d0                DMA1_Stream5_IRQHandler
                0x080040d0                BDMA_Channel1_IRQHandler
                0x080040d0                HRTIM1_TIMD_IRQHandler
                0x080040d0                TAMP_STAMP_IRQHandler
                0x080040d0                EXTI3_IRQHandler
                0x080040d0                LPTIM4_IRQHandler
                0x080040d0                TIM8_TRG_COM_TIM14_IRQHandler
                0x080040d0                LPTIM2_IRQHandler
                0x080040d0                DFSDM1_FLT1_IRQHandler
                0x080040d0                DMAMUX2_OVR_IRQHandler
                0x080040d0                TIM8_UP_TIM13_IRQHandler
                0x080040d0                I2C3_ER_IRQHandler
                0x080040d0                DFSDM1_FLT2_IRQHandler
                0x080040d0                LPTIM3_IRQHandler
                0x080040d0                HSEM1_IRQHandler
                0x080040d0                EXTI0_IRQHandler
                0x080040d0                I2C2_EV_IRQHandler
                0x080040d0                DMA1_Stream2_IRQHandler
                0x080040d0                FPU_IRQHandler
                0x080040d0                OTG_HS_WKUP_IRQHandler
                0x080040d0                FDCAN1_IT1_IRQHandler
                0x080040d0                LTDC_ER_IRQHandler
                0x080040d0                DMA2_Stream2_IRQHandler
                0x080040d0                HRTIM1_TIME_IRQHandler
                0x080040d0                SPI1_IRQHandler
                0x080040d0                TIM6_DAC_IRQHandler
                0x080040d0                DCMI_IRQHandler
                0x080040d0                HRTIM1_TIMC_IRQHandler
                0x080040d0                DMA2_Stream3_IRQHandler
                0x080040d0                SAI2_IRQHandler
                0x080040d0                DFSDM1_FLT3_IRQHandler
                0x080040d0                USART6_IRQHandler
                0x080040d0                TIM17_IRQHandler
                0x080040d0                USART3_IRQHandler
                0x080040d0                BDMA_Channel7_IRQHandler
                0x080040d0                CRYP_IRQHandler
                0x080040d0                LPTIM5_IRQHandler
                0x080040d0                UART5_IRQHandler
                0x080040d0                ADC3_IRQHandler
                0x080040d0                DMA2_Stream0_IRQHandler
                0x080040d0                TIM4_IRQHandler
                0x080040d0                BDMA_Channel2_IRQHandler
                0x080040d0                I2C1_EV_IRQHandler
                0x080040d0                DMA1_Stream6_IRQHandler
                0x080040d0                DMAMUX1_OVR_IRQHandler
                0x080040d0                DMA1_Stream1_IRQHandler
                0x080040d0                TIM16_IRQHandler
                0x080040d0                UART4_IRQHandler
                0x080040d0                BDMA_Channel5_IRQHandler
                0x080040d0                TIM3_IRQHandler
                0x080040d0                RCC_IRQHandler
                0x080040d0                TIM8_BRK_TIM12_IRQHandler
                0x080040d0                TIM1_TRG_COM_IRQHandler
                0x080040d0                Default_Handler
                0x080040d0                ECC_IRQHandler
                0x080040d0                CEC_IRQHandler
                0x080040d0                EXTI15_10_IRQHandler
                0x080040d0                BDMA_Channel0_IRQHandler
                0x080040d0                ADC_IRQHandler
                0x080040d0                DMA1_Stream7_IRQHandler
                0x080040d0                HRTIM1_TIMA_IRQHandler
                0x080040d0                SPI5_IRQHandler
                0x080040d0                TIM7_IRQHandler
                0x080040d0                SDMMC1_IRQHandler
                0x080040d0                TIM5_IRQHandler
                0x080040d0                DMA2_Stream7_IRQHandler
                0x080040d0                TIM15_IRQHandler
                0x080040d0                PVD_AVD_IRQHandler
                0x080040d0                I2C3_EV_IRQHandler
                0x080040d0                EXTI9_5_IRQHandler
                0x080040d0                RTC_WKUP_IRQHandler
                0x080040d0                LTDC_IRQHandler
                0x080040d0                SAI3_IRQHandler
                0x080040d0                ETH_WKUP_IRQHandler
                0x080040d0                SPDIF_RX_IRQHandler
                0x080040d0                SPI2_IRQHandler
                0x080040d0                OTG_HS_EP1_IN_IRQHandler
                0x080040d0                DMA1_Stream0_IRQHandler
                0x080040d0                CRS_IRQHandler
                0x080040d0                EXTI4_IRQHandler
                0x080040d0                HRTIM1_TIMB_IRQHandler
                0x080040d0                FDCAN2_IT1_IRQHandler
                0x080040d0                ETH_IRQHandler
                0x080040d0                TIM1_UP_IRQHandler
                0x080040d0                BDMA_Channel4_IRQHandler
                0x080040d0                OTG_HS_EP1_OUT_IRQHandler
                0x080040d0                WWDG_IRQHandler
                0x080040d0                SPI6_IRQHandler
                0x080040d0                MDIOS_IRQHandler
                0x080040d0                I2C4_EV_IRQHandler
                0x080040d0                FDCAN2_IT0_IRQHandler
                0x080040d0                LPUART1_IRQHandler
                0x080040d0                FDCAN1_IT0_IRQHandler
                0x080040d0                TIM2_IRQHandler
                0x080040d0                OTG_FS_WKUP_IRQHandler
                0x080040d0                OTG_HS_IRQHandler
                0x080040d0                DMA2D_IRQHandler
                0x080040d0                TIM1_BRK_IRQHandler
                0x080040d0                EXTI1_IRQHandler
                0x080040d0                SDMMC2_IRQHandler
                0x080040d0                OTG_FS_EP1_OUT_IRQHandler
                0x080040d0                BDMA_Channel3_IRQHandler
                0x080040d0                UART7_IRQHandler
                0x080040d0                MDIOS_WKUP_IRQHandler
                0x080040d0                USART2_IRQHandler
                0x080040d0                DFSDM1_FLT0_IRQHandler
                0x080040d0                SAI4_IRQHandler
                0x080040d0                I2C2_ER_IRQHandler
                0x080040d0                DMA2_Stream1_IRQHandler
                0x080040d0                FLASH_IRQHandler
                0x080040d0                DMA2_Stream4_IRQHandler
                0x080040d0                USART1_IRQHandler
                0x080040d0                OTG_FS_IRQHandler
                0x080040d0                SPI3_IRQHandler
                0x080040d0                WAKEUP_PIN_IRQHandler
                0x080040d0                DMA1_Stream4_IRQHandler
                0x080040d0                OTG_FS_EP1_IN_IRQHandler
                0x080040d0                I2C1_ER_IRQHandler
                0x080040d0                FMC_IRQHandler
                0x080040d0                FDCAN_CAL_IRQHandler
                0x080040d0                SWPMI1_IRQHandler
                0x080040d0                COMP1_IRQHandler
                0x080040d0                LPTIM1_IRQHandler
                0x080040d0                I2C4_ER_IRQHandler
                0x080040d0                DMA2_Stream6_IRQHandler
                0x080040d0                SAI1_IRQHandler
                0x080040d0                DMA1_Stream3_IRQHandler
 *fill*         0x080040d2        0x2 
 .text.std      0x080040d4       0x6c /opt/st/stm32cubeide_1.19.0/plugins/com.st.stm32cube.ide.mcu.externaltools.gnu-tools-for-stm32.13.3.rel1.linux64_1.0.0.202410170706/tools/bin/../lib/gcc/arm-none-eabi/13.3.1/../../../../arm-none-eabi/lib/thumb/v7e-m+dp/hard/libc_nano.a(libc_a-findfp.o)
 .text.stdio_exit_handler
                0x08004140       0x18 /opt/st/stm32cubeide_1.19.0/plugins/com.st.stm32cube.ide.mcu.externaltools.gnu-tools-for-stm32.13.3.rel1.linux64_1.0.0.202410170706/tools/bin/../lib/gcc/arm-none-eabi/13.3.1/../../../../arm-none-eabi/lib/thumb/v7e-m+dp/hard/libc_nano.a(libc_a-findfp.o)
 .text.cleanup_stdio
                0x08004158       0x40 /opt/st/stm32cubeide_1.19.0/plugins/com.st.stm32cube.ide.mcu.externaltools.gnu-tools-for-stm32.13.3.rel1.linux64_1.0.0.202410170706/tools/bin/../lib/gcc/arm-none-eabi/13.3.1/../../../../arm-none-eabi/lib/thumb/v7e-m+dp/hard/libc_nano.a(libc_a-findfp.o)
 .text.global_stdio_init.part.0
                0x08004198       0x3c /opt/st/stm32cubeide_1.19.0/plugins/com.st.stm32cube.ide.mcu.externaltools.gnu-tools-for-stm32.13.3.rel1.linux64_1.0.0.202410170706/tools/bin/../lib/gcc/arm-none-eabi/13.3.1/../../../../arm-none-eabi/lib/thumb/v7e-m+dp/hard/libc_nano.a(libc_a-findfp.o)
 .text.__sfp_lock_acquire
                0x080041d4        0xc /opt/st/stm32cubeide_1.19.0/plugins/com.st.stm32cube.ide.mcu.externaltools.gnu-tools-for-stm32.13.3.rel1.linux64_1.0.0.202410170706/tools/bin/../lib/gcc/arm-none-eabi/13.3.1/../../../../arm-none-eabi/lib/thumb/v7e-m+dp/hard/libc_nano.a(libc_a-findfp.o)
                0x080041d4                __sfp_lock_acquire
 .text.__sfp_lock_release
                0x080041e0        0xc /opt/st/stm32cubeide_1.19.0/plugins/com.st.stm32cube.ide.mcu.externaltools.gnu-tools-for-stm32.13.3.rel1.linux64_1.0.0.202410170706/tools/bin/../lib/gcc/arm-none-eabi/13.3.1/../../../../arm-none-eabi/lib/thumb/v7e-m+dp/hard/libc_nano.a(libc_a-findfp.o)
                0x080041e0                __sfp_lock_release
 .text.__sinit  0x080041ec       0x30 /opt/st/stm32cubeide_1.19.0/plugins/com.st.stm32cube.ide.mcu.externaltools.gnu-tools-for-stm32.13.3.rel1.linux64_1.0.0.202410170706/tools/bin/../lib/gcc/arm-none-eabi/13.3.1/../../../../arm-none-eabi/lib/thumb/v7e-m+dp/hard/libc_nano.a(libc_a-findfp.o)
                0x080041ec                __sinit
 .text._fwalk_sglue
                0x0800421c       0x3c /opt/st/stm32cubeide_1.19.0/plugins/com.st.stm32cube.ide.mcu.externaltools.gnu-tools-for-stm32.13.3.rel1.linux64_1.0.0.202410170706/tools/bin/../lib/gcc/arm-none-eabi/13.3.1/../../../../arm-none-eabi/lib/thumb/v7e-m+dp/hard/libc_nano.a(libc_a-fwalk.o)
                0x0800421c                _fwalk_sglue
 .text._puts_r  0x08004258       0xaa /opt/st/stm32cubeide_1.19.0/plugins/com.st.stm32cube.ide.mcu.externaltools.gnu-tools-for-stm32.13.3.rel1.linux64_1.0.0.202410170706/tools/bin/../lib/gcc/arm-none-eabi/13.3.1/../../../../arm-none-eabi/lib/thumb/v7e-m+dp/hard/libc_nano.a(libc_a-puts.o)
                0x08004258                _puts_r
 *fill*         0x08004302        0x2 
 .text.puts     0x08004304       0x10 /opt/st/stm32cubeide_1.19.0/plugins/com.st.stm32cube.ide.mcu.externaltools.gnu-tools-for-stm32.13.3.rel1.linux64_1.0.0.202410170706/tools/bin/../lib/gcc/arm-none-eabi/13.3.1/../../../../arm-none-eabi/lib/thumb/v7e-m+dp/hard/libc_nano.a(libc_a-puts.o)
                0x08004304                puts
 .text.__sread  0x08004314       0x22 /opt/st/stm32cubeide_1.19.0/plugins/com.st.stm32cube.ide.mcu.externaltools.gnu-tools-for-stm32.13.3.rel1.linux64_1.0.0.202410170706/tools/bin/../lib/gcc/arm-none-eabi/13.3.1/../../../../arm-none-eabi/lib/thumb/v7e-m+dp/hard/libc_nano.a(libc_a-stdio.o)
                0x08004314                __sread
 .text.__swrite
                0x08004336       0x38 /opt/st/stm32cubeide_1.19.0/plugins/com.st.stm32cube.ide.mcu.externaltools.gnu-tools-for-stm32.13.3.rel1.linux64_1.0.0.202410170706/tools/bin/../lib/gcc/arm-none-eabi/13.3.1/../../../../arm-none-eabi/lib/thumb/v7e-m+dp/hard/libc_nano.a(libc_a-stdio.o)
                0x08004336                __swrite
 .text.__sseek  0x0800436e       0x24 /opt/st/stm32cubeide_1.19.0/plugins/com.st.stm32cube.ide.mcu.externaltools.gnu-tools-for-stm32.13.3.rel1.linux64_1.0.0.202410170706/tools/bin/../lib/gcc/arm-none-eabi/13.3.1/../../../../arm-none-eabi/lib/thumb/v7e-m+dp/hard/libc_nano.a(libc_a-stdio.o)
                0x0800436e                __sseek
 .text.__sclose
                0x08004392        0x8 /opt/st/stm32cubeide_1.19.0/plugins/com.st.stm32cube.ide.mcu.externaltools.gnu-tools-for-stm32.13.3.rel1.linux64_1.0.0.202410170706/tools/bin/../lib/gcc/arm-none-eabi/13.3.1/../../../../arm-none-eabi/lib/thumb/v7e-m+dp/hard/libc_nano.a(libc_a-stdio.o)
                0x08004392                __sclose
 .text.__swbuf_r
                0x0800439a       0x7c /opt/st/stm32cubeide_1.19.0/plugins/com.st.stm32cube.ide.mcu.externaltools.gnu-tools-for-stm32.13.3.rel1.linux64_1.0.0.202410170706/tools/bin/../lib/gcc/arm-none-eabi/13.3.1/../../../../arm-none-eabi/lib/thumb/v7e-m+dp/hard/libc_nano.a(libc_a-wbuf.o)
                0x0800439a                __swbuf_r
 *fill*         0x08004416        0x2 
 .text.__swsetup_r
                0x08004418       0xac /opt/st/stm32cubeide_1.19.0/plugins/com.st.stm32cube.ide.mcu.externaltools.gnu-tools-for-stm32.13.3.rel1.linux64_1.0.0.202410170706/tools/bin/../lib/gcc/arm-none-eabi/13.3.1/../../../../arm-none-eabi/lib/thumb/v7e-m+dp/hard/libc_nano.a(libc_a-wsetup.o)
                0x08004418                __swsetup_r
 .text.memset   0x080044c4       0x10 /opt/st/stm32cubeide_1.19.0/plugins/com.st.stm32cube.ide.mcu.externaltools.gnu-tools-for-stm32.13.3.rel1.linux64_1.0.0.202410170706/tools/bin/../lib/gcc/arm-none-eabi/13.3.1/../../../../arm-none-eabi/lib/thumb/v7e-m+dp/hard/libc_nano.a(libc_a-memset.o)
                0x080044c4                memset
 .text._close_r
                0x080044d4       0x20 /opt/st/stm32cubeide_1.19.0/plugins/com.st.stm32cube.ide.mcu.externaltools.gnu-tools-for-stm32.13.3.rel1.linux64_1.0.0.202410170706/tools/bin/../lib/gcc/arm-none-eabi/13.3.1/../../../../arm-none-eabi/lib/thumb/v7e-m+dp/hard/libc_nano.a(libc_a-closer.o)
                0x080044d4                _close_r
 .text._lseek_r
                0x080044f4       0x24 /opt/st/stm32cubeide_1.19.0/plugins/com.st.stm32cube.ide.mcu.externaltools.gnu-tools-for-stm32.13.3.rel1.linux64_1.0.0.202410170706/tools/bin/../lib/gcc/arm-none-eabi/13.3.1/../../../../arm-none-eabi/lib/thumb/v7e-m+dp/hard/libc_nano.a(libc_a-lseekr.o)
                0x080044f4                _lseek_r
 .text._read_r  0x08004518       0x24 /opt/st/stm32cubeide_1.19.0/plugins/com.st.stm32cube.ide.mcu.externaltools.gnu-tools-for-stm32.13.3.rel1.linux64_1.0.0.202410170706/tools/bin/../lib/gcc/arm-none-eabi/13.3.1/../../../../arm-none-eabi/lib/thumb/v7e-m+dp/hard/libc_nano.a(libc_a-readr.o)
                0x08004518                _read_r
 .text._write_r
                0x0800453c       0x24 /opt/st/stm32cubeide_1.19.0/plugins/com.st.stm32cube.ide.mcu.externaltools.gnu-tools-for-stm32.13.3.rel1.linux64_1.0.0.202410170706/tools/bin/../lib/gcc/arm-none-eabi/13.3.1/../../../../arm-none-eabi/lib/thumb/v7e-m+dp/hard/libc_nano.a(libc_a-writer.o)
                0x0800453c                _write_r
 .text.__errno  0x08004560        0xc /opt/st/stm32cubeide_1.19.0/plugins/com.st.stm32cube.ide.mcu.externaltools.gnu-tools-for-stm32.13.3.rel1.linux64_1.0.0.202410170706/tools/bin/../lib/gcc/arm-none-eabi/13.3.1/../../../../arm-none-eabi/lib/thumb/v7e-m+dp/hard/libc_nano.a(libc_a-errno.o)
                0x08004560                __errno
 .text.__libc_init_array
                0x0800456c       0x48 /opt/st/stm32cubeide_1.19.0/plugins/com.st.stm32cube.ide.mcu.externaltools.gnu-tools-for-stm32.13.3.rel1.linux64_1.0.0.202410170706/tools/bin/../lib/gcc/arm-none-eabi/13.3.1/../../../../arm-none-eabi/lib/thumb/v7e-m+dp/hard/libc_nano.a(libc_a-init.o)
                0x0800456c                __libc_init_array
 .text.__retarget_lock_init_recursive
                0x080045b4        0x2 /opt/st/stm32cubeide_1.19.0/plugins/com.st.stm32cube.ide.mcu.externaltools.gnu-tools-for-stm32.13.3.rel1.linux64_1.0.0.202410170706/tools/bin/../lib/gcc/arm-none-eabi/13.3.1/../../../../arm-none-eabi/lib/thumb/v7e-m+dp/hard/libc_nano.a(libc_a-lock.o)
                0x080045b4                __retarget_lock_init_recursive
 .text.__retarget_lock_acquire_recursive
                0x080045b6        0x2 /opt/st/stm32cubeide_1.19.0/plugins/com.st.stm32cube.ide.mcu.externaltools.gnu-tools-for-stm32.13.3.rel1.linux64_1.0.0.202410170706/tools/bin/../lib/gcc/arm-none-eabi/13.3.1/../../../../arm-none-eabi/lib/thumb/v7e-m+dp/hard/libc_nano.a(libc_a-lock.o)
                0x080045b6                __retarget_lock_acquire_recursive
 .text.__retarget_lock_release_recursive
                0x080045b8        0x2 /opt/st/stm32cubeide_1.19.0/plugins/com.st.stm32cube.ide.mcu.externaltools.gnu-tools-for-stm32.13.3.rel1.linux64_1.0.0.202410170706/tools/bin/../lib/gcc/arm-none-eabi/13.3.1/../../../../arm-none-eabi/lib/thumb/v7e-m+dp/hard/libc_nano.a(libc_a-lock.o)
                0x080045b8                __retarget_lock_release_recursive
 *fill*         0x080045ba        0x2 
 .text._free_r  0x080045bc       0x94 /opt/st/stm32cubeide_1.19.0/plugins/com.st.stm32cube.ide.mcu.externaltools.gnu-tools-for-stm32.13.3.rel1.linux64_1.0.0.202410170706/tools/bin/../lib/gcc/arm-none-eabi/13.3.1/../../../../arm-none-eabi/lib/thumb/v7e-m+dp/hard/libc_nano.a(libc_a-freer.o)
                0x080045bc                _free_r
 .text.sbrk_aligned
                0x08004650       0x44 /opt/st/stm32cubeide_1.19.0/plugins/com.st.stm32cube.ide.mcu.externaltools.gnu-tools-for-stm32.13.3.rel1.linux64_1.0.0.202410170706/tools/bin/../lib/gcc/arm-none-eabi/13.3.1/../../../../arm-none-eabi/lib/thumb/v7e-m+dp/hard/libc_nano.a(libc_a-mallocr.o)
 .text._malloc_r
                0x08004694      0x100 /opt/st/stm32cubeide_1.19.0/plugins/com.st.stm32cube.ide.mcu.externaltools.gnu-tools-for-stm32.13.3.rel1.linux64_1.0.0.202410170706/tools/bin/../lib/gcc/arm-none-eabi/13.3.1/../../../../arm-none-eabi/lib/thumb/v7e-m+dp/hard/libc_nano.a(libc_a-mallocr.o)
                0x08004694                _malloc_r
 .text.__malloc_lock
                0x08004794        0xc /opt/st/stm32cubeide_1.19.0/plugins/com.st.stm32cube.ide.mcu.externaltools.gnu-tools-for-stm32.13.3.rel1.linux64_1.0.0.202410170706/tools/bin/../lib/gcc/arm-none-eabi/13.3.1/../../../../arm-none-eabi/lib/thumb/v7e-m+dp/hard/libc_nano.a(libc_a-mlock.o)
                0x08004794                __malloc_lock
 .text.__malloc_unlock
                0x080047a0        0xc /opt/st/stm32cubeide_1.19.0/plugins/com.st.stm32cube.ide.mcu.externaltools.gnu-tools-for-stm32.13.3.rel1.linux64_1.0.0.202410170706/tools/bin/../lib/gcc/arm-none-eabi/13.3.1/../../../../arm-none-eabi/lib/thumb/v7e-m+dp/hard/libc_nano.a(libc_a-mlock.o)
                0x080047a0                __malloc_unlock
 .text.__sflush_r
                0x080047ac      0x108 /opt/st/stm32cubeide_1.19.0/plugins/com.st.stm32cube.ide.mcu.externaltools.gnu-tools-for-stm32.13.3.rel1.linux64_1.0.0.202410170706/tools/bin/../lib/gcc/arm-none-eabi/13.3.1/../../../../arm-none-eabi/lib/thumb/v7e-m+dp/hard/libc_nano.a(libc_a-fflush.o)
                0x080047ac                __sflush_r
 .text._fflush_r
                0x080048b4       0x50 /opt/st/stm32cubeide_1.19.0/plugins/com.st.stm32cube.ide.mcu.externaltools.gnu-tools-for-stm32.13.3.rel1.linux64_1.0.0.202410170706/tools/bin/../lib/gcc/arm-none-eabi/13.3.1/../../../../arm-none-eabi/lib/thumb/v7e-m+dp/hard/libc_nano.a(libc_a-fflush.o)
                0x080048b4                _fflush_r
 .text.__swhatbuf_r
                0x08004904       0x4c /opt/st/stm32cubeide_1.19.0/plugins/com.st.stm32cube.ide.mcu.externaltools.gnu-tools-for-stm32.13.3.rel1.linux64_1.0.0.202410170706/tools/bin/../lib/gcc/arm-none-eabi/13.3.1/../../../../arm-none-eabi/lib/thumb/v7e-m+dp/hard/libc_nano.a(libc_a-makebuf.o)
                0x08004904                __swhatbuf_r
 .text.__smakebuf_r
                0x08004950       0x78 /opt/st/stm32cubeide_1.19.0/plugins/com.st.stm32cube.ide.mcu.externaltools.gnu-tools-for-stm32.13.3.rel1.linux64_1.0.0.202410170706/tools/bin/../lib/gcc/arm-none-eabi/13.3.1/../../../../arm-none-eabi/lib/thumb/v7e-m+dp/hard/libc_nano.a(libc_a-makebuf.o)
                0x08004950                __smakebuf_r
 .text._fstat_r
                0x080049c8       0x24 /opt/st/stm32cubeide_1.19.0/plugins/com.st.stm32cube.ide.mcu.externaltools.gnu-tools-for-stm32.13.3.rel1.linux64_1.0.0.202410170706/tools/bin/../lib/gcc/arm-none-eabi/13.3.1/../../../../arm-none-eabi/lib/thumb/v7e-m+dp/hard/libc_nano.a(libc_a-fstatr.o)
                0x080049c8                _fstat_r
 .text._isatty_r
                0x080049ec       0x20 /opt/st/stm32cubeide_1.19.0/plugins/com.st.stm32cube.ide.mcu.externaltools.gnu-tools-for-stm32.13.3.rel1.linux64_1.0.0.202410170706/tools/bin/../lib/gcc/arm-none-eabi/13.3.1/../../../../arm-none-eabi/lib/thumb/v7e-m+dp/hard/libc_nano.a(libc_a-isattyr.o)
                0x080049ec                _isatty_r
 .text._sbrk_r  0x08004a0c       0x20 /opt/st/stm32cubeide_1.19.0/plugins/com.st.stm32cube.ide.mcu.externaltools.gnu-tools-for-stm32.13.3.rel1.linux64_1.0.0.202410170706/tools/bin/../lib/gcc/arm-none-eabi/13.3.1/../../../../arm-none-eabi/lib/thumb/v7e-m+dp/hard/libc_nano.a(libc_a-sbrkr.o)
                0x08004a0c                _sbrk_r
 *(.glue_7)
 .glue_7        0x08004a2c        0x0 linker stubs
 *(.glue_7t)
 .glue_7t       0x08004a2c        0x0 linker stubs
 *(.eh_frame)
 .eh_frame      0x08004a2c        0x0 /opt/st/stm32cubeide_1.19.0/plugins/com.st.stm32cube.ide.mcu.externaltools.gnu-tools-for-stm32.13.3.rel1.linux64_1.0.0.202410170706/tools/bin/../lib/gcc/arm-none-eabi/13.3.1/thumb/v7e-m+dp/hard/crtbegin.o
 *(.init)
 .init          0x08004a2c        0x4 /opt/st/stm32cubeide_1.19.0/plugins/com.st.stm32cube.ide.mcu.externaltools.gnu-tools-for-stm32.13.3.rel1.linux64_1.0.0.202410170706/tools/bin/../lib/gcc/arm-none-eabi/13.3.1/thumb/v7e-m+dp/hard/crti.o
                0x08004a2c                _init
 .init          0x08004a30        0x8 /opt/st/stm32cubeide_1.19.0/plugins/com.st.stm32cube.ide.mcu.externaltools.gnu-tools-for-stm32.13.3.rel1.linux64_1.0.0.202410170706/tools/bin/../lib/gcc/arm-none-eabi/13.3.1/thumb/v7e-m+dp/hard/crtn.o
 *(.fini)
 .fini          0x08004a38        0x4 /opt/st/stm32cubeide_1.19.0/plugins/com.st.stm32cube.ide.mcu.externaltools.gnu-tools-for-stm32.13.3.rel1.linux64_1.0.0.202410170706/tools/bin/../lib/gcc/arm-none-eabi/13.3.1/thumb/v7e-m+dp/hard/crti.o
                0x08004a38                _fini
 .fini          0x08004a3c        0x8 /opt/st/stm32cubeide_1.19.0/plugins/com.st.stm32cube.ide.mcu.externaltools.gnu-tools-for-stm32.13.3.rel1.linux64_1.0.0.202410170706/tools/bin/../lib/gcc/arm-none-eabi/13.3.1/thumb/v7e-m+dp/hard/crtn.o
                0x08004a44                        . = ALIGN (0x4)
                0x08004a44                        _etext = .

.vfp11_veneer   0x08004a44        0x0
 .vfp11_veneer  0x08004a44        0x0 linker stubs

.v4_bx          0x08004a44        0x0
 .v4_bx         0x08004a44        0x0 linker stubs

.iplt           0x08004a44        0x0
 .iplt          0x08004a44        0x0 /opt/st/stm32cubeide_1.19.0/plugins/com.st.stm32cube.ide.mcu.externaltools.gnu-tools-for-stm32.13.3.rel1.linux64_1.0.0.202410170706/tools/bin/../lib/gcc/arm-none-eabi/13.3.1/thumb/v7e-m+dp/hard/crtbegin.o

.rodata         0x08004a44       0x20
                0x08004a44                        . = ALIGN (0x4)
 *(.rodata)
 *(.rodata*)
 .rodata.main.str1.4
                0x08004a44        0xf build/main.o
 *fill*         0x08004a53        0x1 
 .rodata.D1CorePrescTable
                0x08004a54       0x10 build/system_stm32h7xx.o
                0x08004a54                D1CorePrescTable
                0x08004a64                        . = ALIGN (0x4)

.rel.dyn        0x08004a64        0x0
 .rel.iplt      0x08004a64        0x0 /opt/st/stm32cubeide_1.19.0/plugins/com.st.stm32cube.ide.mcu.externaltools.gnu-tools-for-stm32.13.3.rel1.linux64_1.0.0.202410170706/tools/bin/../lib/gcc/arm-none-eabi/13.3.1/thumb/v7e-m+dp/hard/crtbegin.o

.ARM.extab      0x08004a64        0x0
                0x08004a64                        . = ALIGN (0x4)
 *(.ARM.extab* .gnu.linkonce.armextab.*)
                0x08004a64                        . = ALIGN (0x4)

.ARM            0x08004a64        0x0
                0x08004a64                        . = ALIGN (0x4)
                0x08004a64                        __exidx_start = .
 *(.ARM.exidx*)
                0x08004a64                        __exidx_end = .
                0x08004a64                        . = ALIGN (0x4)

.preinit_array  0x08004a64        0x0
                0x08004a64                        . = ALIGN (0x4)
                0x08004a64                        PROVIDE (__preinit_array_start = .)
 *(.preinit_array*)
                0x08004a64                        PROVIDE (__preinit_array_end = .)
                0x08004a64                        . = ALIGN (0x4)

.init_array     0x08004a64        0x4
                0x08004a64                        . = ALIGN (0x4)
                0x08004a64                        PROVIDE (__init_array_start = .)
 *(SORT_BY_NAME(.init_array.*))
 *(.init_array*)
 .init_array    0x08004a64        0x4 /opt/st/stm32cubeide_1.19.0/plugins/com.st.stm32cube.ide.mcu.externaltools.gnu-tools-for-stm32.13.3.rel1.linux64_1.0.0.202410170706/tools/bin/../lib/gcc/arm-none-eabi/13.3.1/thumb/v7e-m+dp/hard/crtbegin.o
                0x08004a68                        PROVIDE (__init_array_end = .)
                0x08004a68                        . = ALIGN (0x4)

.fini_array     0x08004a68        0x4
                0x08004a68                        . = ALIGN (0x4)
                [!provide]                        PROVIDE (__fini_array_start = .)
 *(SORT_BY_NAME(.fini_array.*))
 *(.fini_array*)
 .fini_array    0x08004a68        0x4 /opt/st/stm32cubeide_1.19.0/plugins/com.st.stm32cube.ide.mcu.externaltools.gnu-tools-for-stm32.13.3.rel1.linux64_1.0.0.202410170706/tools/bin/../lib/gcc/arm-none-eabi/13.3.1/thumb/v7e-m+dp/hard/crtbegin.o
                [!provide]                        PROVIDE (__fini_array_end = .)
                0x08004a6c                        . = ALIGN (0x4)
                0x08004a6c                        _sidata = LOADADDR (.data)

.data           0x20000000       0x70 load address 0x08004a6c
                0x20000000                        . = ALIGN (0x4)
                0x20000000                        _sdata = .
 *(.data)
 *(.data*)
 .data.uwTickFreq
                0x20000000        0x1 build/stm32h7xx_hal.o
                0x20000000                uwTickFreq
 *fill*         0x20000001        0x3 
 .data.uwTickPrio
                0x20000004        0x4 build/stm32h7xx_hal.o
                0x20000004                uwTickPrio
 .data.SystemD2Clock
                0x20000008        0x4 build/system_stm32h7xx.o
                0x20000008                SystemD2Clock
 .data.SystemCoreClock
                0x2000000c        0x4 build/system_stm32h7xx.o
                0x2000000c                SystemCoreClock
 .data.QSpiReadDataAvailable
                0x20000010        0x1 build/z_qflash_W25QXXX.o
 .data.QSpiAvailable
                0x20000011        0x1 build/z_qflash_W25QXXX.o
 *fill*         0x20000012        0x2 
 .data.__sglue  0x20000014        0xc /opt/st/stm32cubeide_1.19.0/plugins/com.st.stm32cube.ide.mcu.externaltools.gnu-tools-for-stm32.13.3.rel1.linux64_1.0.0.202410170706/tools/bin/../lib/gcc/arm-none-eabi/13.3.1/../../../../arm-none-eabi/lib/thumb/v7e-m+dp/hard/libc_nano.a(libc_a-findfp.o)
                0x20000014                __sglue
 .data._impure_ptr
                0x20000020        0x4 /opt/st/stm32cubeide_1.19.0/plugins/com.st.stm32cube.ide.mcu.externaltools.gnu-tools-for-stm32.13.3.rel1.linux64_1.0.0.202410170706/tools/bin/../lib/gcc/arm-none-eabi/13.3.1/../../../../arm-none-eabi/lib/thumb/v7e-m+dp/hard/libc_nano.a(libc_a-impure.o)
                0x20000020                _impure_ptr
 .data._impure_data
                0x20000024       0x4c /opt/st/stm32cubeide_1.19.0/plugins/com.st.stm32cube.ide.mcu.externaltools.gnu-tools-for-stm32.13.3.rel1.linux64_1.0.0.202410170706/tools/bin/../lib/gcc/arm-none-eabi/13.3.1/../../../../arm-none-eabi/lib/thumb/v7e-m+dp/hard/libc_nano.a(libc_a-impure.o)
                0x20000024                _impure_data
 *(.RamFunc)
 *(.RamFunc*)
                0x20000070                        . = ALIGN (0x4)
                0x20000070                        _edata = .

.igot.plt       0x20000070        0x0 load address 0x08004adc
 .igot.plt      0x20000070        0x0 /opt/st/stm32cubeide_1.19.0/plugins/com.st.stm32cube.ide.mcu.externaltools.gnu-tools-for-stm32.13.3.rel1.linux64_1.0.0.202410170706/tools/bin/../lib/gcc/arm-none-eabi/13.3.1/thumb/v7e-m+dp/hard/crtbegin.o
                0x20000070                        . = ALIGN (0x4)

.bss            0x20000070      0x274 load address 0x08004adc
                0x20000070                        _sbss = .
                0x20000070                        __bss_start__ = _sbss
 *(.bss)
 .bss           0x20000070       0x1c /opt/st/stm32cubeide_1.19.0/plugins/com.st.stm32cube.ide.mcu.externaltools.gnu-tools-for-stm32.13.3.rel1.linux64_1.0.0.202410170706/tools/bin/../lib/gcc/arm-none-eabi/13.3.1/thumb/v7e-m+dp/hard/crtbegin.o
 *(.bss*)
 .bss.hmdma_quadspi_fifo_th
                0x2000008c       0x6c build/quadspi.o
                0x2000008c                hmdma_quadspi_fifo_th
 .bss.hqspi     0x200000f8       0x4c build/quadspi.o
                0x200000f8                hqspi
 .bss.htim2     0x20000144       0x4c build/tim.o
                0x20000144                htim2
 .bss.uwTick    0x20000190        0x4 build/stm32h7xx_hal.o
                0x20000190                uwTick
 .bss.__sbrk_heap_end
                0x20000194        0x4 build/sysmem.o
 .bss.__sf      0x20000198      0x138 /opt/st/stm32cubeide_1.19.0/plugins/com.st.stm32cube.ide.mcu.externaltools.gnu-tools-for-stm32.13.3.rel1.linux64_1.0.0.202410170706/tools/bin/../lib/gcc/arm-none-eabi/13.3.1/../../../../arm-none-eabi/lib/thumb/v7e-m+dp/hard/libc_nano.a(libc_a-findfp.o)
                0x20000198                __sf
 .bss.__stdio_exit_handler
                0x200002d0        0x4 /opt/st/stm32cubeide_1.19.0/plugins/com.st.stm32cube.ide.mcu.externaltools.gnu-tools-for-stm32.13.3.rel1.linux64_1.0.0.202410170706/tools/bin/../lib/gcc/arm-none-eabi/13.3.1/../../../../arm-none-eabi/lib/thumb/v7e-m+dp/hard/libc_nano.a(libc_a-findfp.o)
                0x200002d0                __stdio_exit_handler
 .bss.errno     0x200002d4        0x4 /opt/st/stm32cubeide_1.19.0/plugins/com.st.stm32cube.ide.mcu.externaltools.gnu-tools-for-stm32.13.3.rel1.linux64_1.0.0.202410170706/tools/bin/../lib/gcc/arm-none-eabi/13.3.1/../../../../arm-none-eabi/lib/thumb/v7e-m+dp/hard/libc_nano.a(libc_a-reent.o)
                0x200002d4                errno
 .bss.__lock___malloc_recursive_mutex
                0x200002d8        0x1 /opt/st/stm32cubeide_1.19.0/plugins/com.st.stm32cube.ide.mcu.externaltools.gnu-tools-for-stm32.13.3.rel1.linux64_1.0.0.202410170706/tools/bin/../lib/gcc/arm-none-eabi/13.3.1/../../../../arm-none-eabi/lib/thumb/v7e-m+dp/hard/libc_nano.a(libc_a-lock.o)
                0x200002d8                __lock___malloc_recursive_mutex
 .bss.__lock___sfp_recursive_mutex
                0x200002d9        0x1 /opt/st/stm32cubeide_1.19.0/plugins/com.st.stm32cube.ide.mcu.externaltools.gnu-tools-for-stm32.13.3.rel1.linux64_1.0.0.202410170706/tools/bin/../lib/gcc/arm-none-eabi/13.3.1/../../../../arm-none-eabi/lib/thumb/v7e-m+dp/hard/libc_nano.a(libc_a-lock.o)
                0x200002d9                __lock___sfp_recursive_mutex
 *fill*         0x200002da        0x2 
 .bss.__malloc_sbrk_start
                0x200002dc        0x4 /opt/st/stm32cubeide_1.19.0/plugins/com.st.stm32cube.ide.mcu.externaltools.gnu-tools-for-stm32.13.3.rel1.linux64_1.0.0.202410170706/tools/bin/../lib/gcc/arm-none-eabi/13.3.1/../../../../arm-none-eabi/lib/thumb/v7e-m+dp/hard/libc_nano.a(libc_a-mallocr.o)
                0x200002dc                __malloc_sbrk_start
 .bss.__malloc_free_list
                0x200002e0        0x4 /opt/st/stm32cubeide_1.19.0/plugins/com.st.stm32cube.ide.mcu.externaltools.gnu-tools-for-stm32.13.3.rel1.linux64_1.0.0.202410170706/tools/bin/../lib/gcc/arm-none-eabi/13.3.1/../../../../arm-none-eabi/lib/thumb/v7e-m+dp/hard/libc_nano.a(libc_a-mallocr.o)
                0x200002e0                __malloc_free_list
 *(COMMON)
                0x200002e4                        . = ALIGN (0x4)
                0x200002e4                        _ebss = .
                0x200002e4                        __bss_end__ = _ebss

._user_heap_stack
                0x200002e4    0x12004 load address 0x08004adc
                0x200002e8                        . = ALIGN (0x8)
 *fill*         0x200002e4        0x4 
                [!provide]                        PROVIDE (end = .)
                0x200002e8                        PROVIDE (_end = .)
                0x200002e8                        . = (. + _Min_Heap_Size)
                0x200122e8                        . = (. + _Min_Stack_Size)
 *fill*         0x200002e8    0x12000 
                0x200122e8                        . = ALIGN (0x8)

/DISCARD/
 libc.a(*)
 libm.a(*)
 libgcc.a(*)
OUTPUT(build/h753_qspi.elf elf32-littlearm)
LOAD linker stubs
LOAD /opt/st/stm32cubeide_1.19.0/plugins/com.st.stm32cube.ide.mcu.externaltools.gnu-tools-for-stm32.13.3.rel1.linux64_1.0.0.202410170706/tools/bin/../lib/gcc/arm-none-eabi/13.3.1/../../../../arm-none-eabi/lib/thumb/v7e-m+dp/hard/libc.a
LOAD /opt/st/stm32cubeide_1.19.0/plugins/com.st.stm32cube.ide.mcu.externaltools.gnu-tools-for-stm32.13.3.rel1.linux64_1.0.0.202410170706/tools/bin/../lib/gcc/arm-none-eabi/13.3.1/../../../../arm-none-eabi/lib/thumb/v7e-m+dp/hard/libm.a
LOAD /opt/st/stm32cubeide_1.19.0/plugins/com.st.stm32cube.ide.mcu.externaltools.gnu-tools-for-stm32.13.3.rel1.linux64_1.0.0.202410170706/tools/bin/../lib/gcc/arm-none-eabi/13.3.1/thumb/v7e-m+dp/hard/libgcc.a

.ARM.attributes
                0x00000000       0x2e
 .ARM.attributes
                0x00000000       0x20 /opt/st/stm32cubeide_1.19.0/plugins/com.st.stm32cube.ide.mcu.externaltools.gnu-tools-for-stm32.13.3.rel1.linux64_1.0.0.202410170706/tools/bin/../lib/gcc/arm-none-eabi/13.3.1/thumb/v7e-m+dp/hard/crti.o
 .ARM.attributes
                0x00000020       0x32 /opt/st/stm32cubeide_1.19.0/plugins/com.st.stm32cube.ide.mcu.externaltools.gnu-tools-for-stm32.13.3.rel1.linux64_1.0.0.202410170706/tools/bin/../lib/gcc/arm-none-eabi/13.3.1/thumb/v7e-m+dp/hard/crtbegin.o
 .ARM.attributes
                0x00000052       0x32 build/main.o
 .ARM.attributes
                0x00000084       0x32 build/gpio.o
 .ARM.attributes
                0x000000b6       0x32 build/mdma.o
 .ARM.attributes
                0x000000e8       0x32 build/quadspi.o
 .ARM.attributes
                0x0000011a       0x32 build/tim.o
 .ARM.attributes
                0x0000014c       0x32 build/stm32h7xx_it.o
 .ARM.attributes
                0x0000017e       0x32 build/stm32h7xx_hal_msp.o
 .ARM.attributes
                0x000001b0       0x32 build/stm32h7xx_hal_rcc.o
 .ARM.attributes
                0x000001e2       0x32 build/stm32h7xx_hal_rcc_ex.o
 .ARM.attributes
                0x00000214       0x32 build/stm32h7xx_hal_gpio.o
 .ARM.attributes
                0x00000246       0x32 build/stm32h7xx_hal_mdma.o
 .ARM.attributes
                0x00000278       0x32 build/stm32h7xx_hal_pwr_ex.o
 .ARM.attributes
                0x000002aa       0x32 build/stm32h7xx_hal_cortex.o
 .ARM.attributes
                0x000002dc       0x32 build/stm32h7xx_hal.o
 .ARM.attributes
                0x0000030e       0x32 build/stm32h7xx_hal_qspi.o
 .ARM.attributes
                0x00000340       0x32 build/stm32h7xx_hal_tim.o
 .ARM.attributes
                0x00000372       0x32 build/stm32h7xx_hal_tim_ex.o
 .ARM.attributes
                0x000003a4       0x32 build/system_stm32h7xx.o
 .ARM.attributes
                0x000003d6       0x32 build/sysmem.o
 .ARM.attributes
                0x00000408       0x32 build/syscalls.o
 .ARM.attributes
                0x0000043a       0x32 build/z_qflash_W25QXXX.o
 .ARM.attributes
                0x0000046c       0x32 build/z_qflash_W25QXXX_test.o
 .ARM.attributes
                0x0000049e       0x21 build/startup_stm32h753xx.o
 .ARM.attributes
                0x000004bf       0x32 /opt/st/stm32cubeide_1.19.0/plugins/com.st.stm32cube.ide.mcu.externaltools.gnu-tools-for-stm32.13.3.rel1.linux64_1.0.0.202410170706/tools/bin/../lib/gcc/arm-none-eabi/13.3.1/../../../../arm-none-eabi/lib/thumb/v7e-m+dp/hard/libc_nano.a(libc_a-findfp.o)
 .ARM.attributes
                0x000004f1       0x32 /opt/st/stm32cubeide_1.19.0/plugins/com.st.stm32cube.ide.mcu.externaltools.gnu-tools-for-stm32.13.3.rel1.linux64_1.0.0.202410170706/tools/bin/../lib/gcc/arm-none-eabi/13.3.1/../../../../arm-none-eabi/lib/thumb/v7e-m+dp/hard/libc_nano.a(libc_a-fwalk.o)
 .ARM.attributes
                0x00000523       0x32 /opt/st/stm32cubeide_1.19.0/plugins/com.st.stm32cube.ide.mcu.externaltools.gnu-tools-for-stm32.13.3.rel1.linux64_1.0.0.202410170706/tools/bin/../lib/gcc/arm-none-eabi/13.3.1/../../../../arm-none-eabi/lib/thumb/v7e-m+dp/hard/libc_nano.a(libc_a-puts.o)
 .ARM.attributes
                0x00000555       0x32 /opt/st/stm32cubeide_1.19.0/plugins/com.st.stm32cube.ide.mcu.externaltools.gnu-tools-for-stm32.13.3.rel1.linux64_1.0.0.202410170706/tools/bin/../lib/gcc/arm-none-eabi/13.3.1/../../../../arm-none-eabi/lib/thumb/v7e-m+dp/hard/libc_nano.a(libc_a-stdio.o)
 .ARM.attributes
                0x00000587       0x32 /opt/st/stm32cubeide_1.19.0/plugins/com.st.stm32cube.ide.mcu.externaltools.gnu-tools-for-stm32.13.3.rel1.linux64_1.0.0.202410170706/tools/bin/../lib/gcc/arm-none-eabi/13.3.1/../../../../arm-none-eabi/lib/thumb/v7e-m+dp/hard/libc_nano.a(libc_a-wbuf.o)
 .ARM.attributes
                0x000005b9       0x32 /opt/st/stm32cubeide_1.19.0/plugins/com.st.stm32cube.ide.mcu.externaltools.gnu-tools-for-stm32.13.3.rel1.linux64_1.0.0.202410170706/tools/bin/../lib/gcc/arm-none-eabi/13.3.1/../../../../arm-none-eabi/lib/thumb/v7e-m+dp/hard/libc_nano.a(libc_a-wsetup.o)
 .ARM.attributes
                0x000005eb       0x32 /opt/st/stm32cubeide_1.19.0/plugins/com.st.stm32cube.ide.mcu.externaltools.gnu-tools-for-stm32.13.3.rel1.linux64_1.0.0.202410170706/tools/bin/../lib/gcc/arm-none-eabi/13.3.1/../../../../arm-none-eabi/lib/thumb/v7e-m+dp/hard/libc_nano.a(libc_a-memset.o)
 .ARM.attributes
                0x0000061d       0x32 /opt/st/stm32cubeide_1.19.0/plugins/com.st.stm32cube.ide.mcu.externaltools.gnu-tools-for-stm32.13.3.rel1.linux64_1.0.0.202410170706/tools/bin/../lib/gcc/arm-none-eabi/13.3.1/../../../../arm-none-eabi/lib/thumb/v7e-m+dp/hard/libc_nano.a(libc_a-closer.o)
 .ARM.attributes
                0x0000064f       0x32 /opt/st/stm32cubeide_1.19.0/plugins/com.st.stm32cube.ide.mcu.externaltools.gnu-tools-for-stm32.13.3.rel1.linux64_1.0.0.202410170706/tools/bin/../lib/gcc/arm-none-eabi/13.3.1/../../../../arm-none-eabi/lib/thumb/v7e-m+dp/hard/libc_nano.a(libc_a-reent.o)
 .ARM.attributes
                0x00000681       0x32 /opt/st/stm32cubeide_1.19.0/plugins/com.st.stm32cube.ide.mcu.externaltools.gnu-tools-for-stm32.13.3.rel1.linux64_1.0.0.202410170706/tools/bin/../lib/gcc/arm-none-eabi/13.3.1/../../../../arm-none-eabi/lib/thumb/v7e-m+dp/hard/libc_nano.a(libc_a-impure.o)
 .ARM.attributes
                0x000006b3       0x32 /opt/st/stm32cubeide_1.19.0/plugins/com.st.stm32cube.ide.mcu.externaltools.gnu-tools-for-stm32.13.3.rel1.linux64_1.0.0.202410170706/tools/bin/../lib/gcc/arm-none-eabi/13.3.1/../../../../arm-none-eabi/lib/thumb/v7e-m+dp/hard/libc_nano.a(libc_a-lseekr.o)
 .ARM.attributes
                0x000006e5       0x32 /opt/st/stm32cubeide_1.19.0/plugins/com.st.stm32cube.ide.mcu.externaltools.gnu-tools-for-stm32.13.3.rel1.linux64_1.0.0.202410170706/tools/bin/../lib/gcc/arm-none-eabi/13.3.1/../../../../arm-none-eabi/lib/thumb/v7e-m+dp/hard/libc_nano.a(libc_a-readr.o)
 .ARM.attributes
                0x00000717       0x32 /opt/st/stm32cubeide_1.19.0/plugins/com.st.stm32cube.ide.mcu.externaltools.gnu-tools-for-stm32.13.3.rel1.linux64_1.0.0.202410170706/tools/bin/../lib/gcc/arm-none-eabi/13.3.1/../../../../arm-none-eabi/lib/thumb/v7e-m+dp/hard/libc_nano.a(libc_a-writer.o)
 .ARM.attributes
                0x00000749       0x32 /opt/st/stm32cubeide_1.19.0/plugins/com.st.stm32cube.ide.mcu.externaltools.gnu-tools-for-stm32.13.3.rel1.linux64_1.0.0.202410170706/tools/bin/../lib/gcc/arm-none-eabi/13.3.1/../../../../arm-none-eabi/lib/thumb/v7e-m+dp/hard/libc_nano.a(libc_a-errno.o)
 .ARM.attributes
                0x0000077b       0x32 /opt/st/stm32cubeide_1.19.0/plugins/com.st.stm32cube.ide.mcu.externaltools.gnu-tools-for-stm32.13.3.rel1.linux64_1.0.0.202410170706/tools/bin/../lib/gcc/arm-none-eabi/13.3.1/../../../../arm-none-eabi/lib/thumb/v7e-m+dp/hard/libc_nano.a(libc_a-init.o)
 .ARM.attributes
                0x000007ad       0x32 /opt/st/stm32cubeide_1.19.0/plugins/com.st.stm32cube.ide.mcu.externaltools.gnu-tools-for-stm32.13.3.rel1.linux64_1.0.0.202410170706/tools/bin/../lib/gcc/arm-none-eabi/13.3.1/../../../../arm-none-eabi/lib/thumb/v7e-m+dp/hard/libc_nano.a(libc_a-lock.o)
 .ARM.attributes
                0x000007df       0x32 /opt/st/stm32cubeide_1.19.0/plugins/com.st.stm32cube.ide.mcu.externaltools.gnu-tools-for-stm32.13.3.rel1.linux64_1.0.0.202410170706/tools/bin/../lib/gcc/arm-none-eabi/13.3.1/../../../../arm-none-eabi/lib/thumb/v7e-m+dp/hard/libc_nano.a(libc_a-freer.o)
 .ARM.attributes
                0x00000811       0x32 /opt/st/stm32cubeide_1.19.0/plugins/com.st.stm32cube.ide.mcu.externaltools.gnu-tools-for-stm32.13.3.rel1.linux64_1.0.0.202410170706/tools/bin/../lib/gcc/arm-none-eabi/13.3.1/../../../../arm-none-eabi/lib/thumb/v7e-m+dp/hard/libc_nano.a(libc_a-mallocr.o)
 .ARM.attributes
                0x00000843       0x32 /opt/st/stm32cubeide_1.19.0/plugins/com.st.stm32cube.ide.mcu.externaltools.gnu-tools-for-stm32.13.3.rel1.linux64_1.0.0.202410170706/tools/bin/../lib/gcc/arm-none-eabi/13.3.1/../../../../arm-none-eabi/lib/thumb/v7e-m+dp/hard/libc_nano.a(libc_a-mlock.o)
 .ARM.attributes
                0x00000875       0x32 /opt/st/stm32cubeide_1.19.0/plugins/com.st.stm32cube.ide.mcu.externaltools.gnu-tools-for-stm32.13.3.rel1.linux64_1.0.0.202410170706/tools/bin/../lib/gcc/arm-none-eabi/13.3.1/../../../../arm-none-eabi/lib/thumb/v7e-m+dp/hard/libc_nano.a(libc_a-fflush.o)
 .ARM.attributes
                0x000008a7       0x32 /opt/st/stm32cubeide_1.19.0/plugins/com.st.stm32cube.ide.mcu.externaltools.gnu-tools-for-stm32.13.3.rel1.linux64_1.0.0.202410170706/tools/bin/../lib/gcc/arm-none-eabi/13.3.1/../../../../arm-none-eabi/lib/thumb/v7e-m+dp/hard/libc_nano.a(libc_a-makebuf.o)
 .ARM.attributes
                0x000008d9       0x32 /opt/st/stm32cubeide_1.19.0/plugins/com.st.stm32cube.ide.mcu.externaltools.gnu-tools-for-stm32.13.3.rel1.linux64_1.0.0.202410170706/tools/bin/../lib/gcc/arm-none-eabi/13.3.1/../../../../arm-none-eabi/lib/thumb/v7e-m+dp/hard/libc_nano.a(libc_a-fstatr.o)
 .ARM.attributes
                0x0000090b       0x32 /opt/st/stm32cubeide_1.19.0/plugins/com.st.stm32cube.ide.mcu.externaltools.gnu-tools-for-stm32.13.3.rel1.linux64_1.0.0.202410170706/tools/bin/../lib/gcc/arm-none-eabi/13.3.1/../../../../arm-none-eabi/lib/thumb/v7e-m+dp/hard/libc_nano.a(libc_a-isattyr.o)
 .ARM.attributes
                0x0000093d       0x32 /opt/st/stm32cubeide_1.19.0/plugins/com.st.stm32cube.ide.mcu.externaltools.gnu-tools-for-stm32.13.3.rel1.linux64_1.0.0.202410170706/tools/bin/../lib/gcc/arm-none-eabi/13.3.1/../../../../arm-none-eabi/lib/thumb/v7e-m+dp/hard/libc_nano.a(libc_a-sbrkr.o)
 .ARM.attributes
                0x0000096f       0x20 /opt/st/stm32cubeide_1.19.0/plugins/com.st.stm32cube.ide.mcu.externaltools.gnu-tools-for-stm32.13.3.rel1.linux64_1.0.0.202410170706/tools/bin/../lib/gcc/arm-none-eabi/13.3.1/thumb/v7e-m+dp/hard/crtn.o

.comment        0x00000000       0x43
 .comment       0x00000000       0x43 build/main.o
                                 0x44 (size before relaxing)
 .comment       0x00000043       0x44 build/gpio.o
 .comment       0x00000043       0x44 build/mdma.o
 .comment       0x00000043       0x44 build/quadspi.o
 .comment       0x00000043       0x44 build/tim.o
 .comment       0x00000043       0x44 build/stm32h7xx_it.o
 .comment       0x00000043       0x44 build/stm32h7xx_hal_msp.o
 .comment       0x00000043       0x44 build/stm32h7xx_hal_rcc.o
 .comment       0x00000043       0x44 build/stm32h7xx_hal_rcc_ex.o
 .comment       0x00000043       0x44 build/stm32h7xx_hal_gpio.o
 .comment       0x00000043       0x44 build/stm32h7xx_hal_mdma.o
 .comment       0x00000043       0x44 build/stm32h7xx_hal_pwr_ex.o
 .comment       0x00000043       0x44 build/stm32h7xx_hal_cortex.o
 .comment       0x00000043       0x44 build/stm32h7xx_hal.o
 .comment       0x00000043       0x44 build/stm32h7xx_hal_qspi.o
 .comment       0x00000043       0x44 build/stm32h7xx_hal_tim.o
 .comment       0x00000043       0x44 build/stm32h7xx_hal_tim_ex.o
 .comment       0x00000043       0x44 build/system_stm32h7xx.o
 .comment       0x00000043       0x44 build/sysmem.o
 .comment       0x00000043       0x44 build/syscalls.o
 .comment       0x00000043       0x44 build/z_qflash_W25QXXX.o
 .comment       0x00000043       0x44 build/z_qflash_W25QXXX_test.o

.debug_info     0x00000000    0x1c5ab
 .debug_info    0x00000000     0x1690 build/main.o
 .debug_info    0x00001690      0x7c4 build/gpio.o
 .debug_info    0x00001e54      0x944 build/mdma.o
 .debug_info    0x00002798     0x18e1 build/quadspi.o
 .debug_info    0x00004079      0xefe build/tim.o
 .debug_info    0x00004f77      0x91c build/stm32h7xx_it.o
 .debug_info    0x00005893      0x543 build/stm32h7xx_hal_msp.o
 .debug_info    0x00005dd6     0x1411 build/stm32h7xx_hal_rcc.o
 .debug_info    0x000071e7     0x1d05 build/stm32h7xx_hal_rcc_ex.o
 .debug_info    0x00008eec      0xef1 build/stm32h7xx_hal_gpio.o
 .debug_info    0x00009ddd      0xfb9 build/stm32h7xx_hal_mdma.o
 .debug_info    0x0000ad96     0x13fb build/stm32h7xx_hal_pwr_ex.o
 .debug_info    0x0000c191     0x1582 build/stm32h7xx_hal_cortex.o
 .debug_info    0x0000d713     0x1910 build/stm32h7xx_hal.o
 .debug_info    0x0000f023     0x1b2e build/stm32h7xx_hal_qspi.o
 .debug_info    0x00010b51     0x4390 build/stm32h7xx_hal_tim.o
 .debug_info    0x00014ee1     0x216a build/stm32h7xx_hal_tim_ex.o
 .debug_info    0x0001704b      0xf94 build/system_stm32h7xx.o
 .debug_info    0x00017fdf      0x18c build/sysmem.o
 .debug_info    0x0001816b      0x853 build/syscalls.o
 .debug_info    0x000189be     0x1f60 build/z_qflash_W25QXXX.o
 .debug_info    0x0001a91e     0x1c5d build/z_qflash_W25QXXX_test.o
 .debug_info    0x0001c57b       0x30 build/startup_stm32h753xx.o

.debug_abbrev   0x00000000     0x333b
 .debug_abbrev  0x00000000      0x39f build/main.o
 .debug_abbrev  0x0000039f      0x18b build/gpio.o
 .debug_abbrev  0x0000052a      0x12f build/mdma.o
 .debug_abbrev  0x00000659      0x247 build/quadspi.o
 .debug_abbrev  0x000008a0      0x217 build/tim.o
 .debug_abbrev  0x00000ab7      0x16b build/stm32h7xx_it.o
 .debug_abbrev  0x00000c22       0xc8 build/stm32h7xx_hal_msp.o
 .debug_abbrev  0x00000cea      0x29b build/stm32h7xx_hal_rcc.o
 .debug_abbrev  0x00000f85      0x285 build/stm32h7xx_hal_rcc_ex.o
 .debug_abbrev  0x0000120a      0x25a build/stm32h7xx_hal_gpio.o
 .debug_abbrev  0x00001464      0x27b build/stm32h7xx_hal_mdma.o
 .debug_abbrev  0x000016df      0x2ca build/stm32h7xx_hal_pwr_ex.o
 .debug_abbrev  0x000019a9      0x3e6 build/stm32h7xx_hal_cortex.o
 .debug_abbrev  0x00001d8f      0x2b1 build/stm32h7xx_hal.o
 .debug_abbrev  0x00002040      0x298 build/stm32h7xx_hal_qspi.o
 .debug_abbrev  0x000022d8      0x2bd build/stm32h7xx_hal_tim.o
 .debug_abbrev  0x00002595      0x2b7 build/stm32h7xx_hal_tim_ex.o
 .debug_abbrev  0x0000284c      0x144 build/system_stm32h7xx.o
 .debug_abbrev  0x00002990       0xeb build/sysmem.o
 .debug_abbrev  0x00002a7b      0x1ea build/syscalls.o
 .debug_abbrev  0x00002c65      0x354 build/z_qflash_W25QXXX.o
 .debug_abbrev  0x00002fb9      0x365 build/z_qflash_W25QXXX_test.o
 .debug_abbrev  0x0000331e       0x1d build/startup_stm32h753xx.o

.debug_loc      0x00000000    0x12a76
 .debug_loc     0x00000000      0x179 build/main.o
 .debug_loc     0x00000179       0x39 build/gpio.o
 .debug_loc     0x000001b2       0x38 build/mdma.o
 .debug_loc     0x000001ea       0xe0 build/quadspi.o
 .debug_loc     0x000002ca       0x70 build/tim.o
 .debug_loc     0x0000033a       0x60 build/stm32h7xx_it.o
 .debug_loc     0x0000039a       0x2c build/stm32h7xx_hal_msp.o
 .debug_loc     0x000003c6      0xb18 build/stm32h7xx_hal_rcc.o
 .debug_loc     0x00000ede     0x20ec build/stm32h7xx_hal_rcc_ex.o
 .debug_loc     0x00002fca      0x4b2 build/stm32h7xx_hal_gpio.o
 .debug_loc     0x0000347c     0x153d build/stm32h7xx_hal_mdma.o
 .debug_loc     0x000049b9      0x6af build/stm32h7xx_hal_pwr_ex.o
 .debug_loc     0x00005068      0x898 build/stm32h7xx_hal_cortex.o
 .debug_loc     0x00005900      0x59b build/stm32h7xx_hal.o
 .debug_loc     0x00005e9b     0x19c9 build/stm32h7xx_hal_qspi.o
 .debug_loc     0x00007864     0x6674 build/stm32h7xx_hal_tim.o
 .debug_loc     0x0000ded8     0x2b15 build/stm32h7xx_hal_tim_ex.o
 .debug_loc     0x000109ed      0x1d8 build/system_stm32h7xx.o
 .debug_loc     0x00010bc5       0x90 build/sysmem.o
 .debug_loc     0x00010c55      0x583 build/syscalls.o
 .debug_loc     0x000111d8      0xf93 build/z_qflash_W25QXXX.o
 .debug_loc     0x0001216b      0x90b build/z_qflash_W25QXXX_test.o

.debug_aranges  0x00000000     0x1188
 .debug_aranges
                0x00000000       0x48 build/main.o
 .debug_aranges
                0x00000048       0x20 build/gpio.o
 .debug_aranges
                0x00000068       0x20 build/mdma.o
 .debug_aranges
                0x00000088       0x30 build/quadspi.o
 .debug_aranges
                0x000000b8       0x30 build/tim.o
 .debug_aranges
                0x000000e8       0x70 build/stm32h7xx_it.o
 .debug_aranges
                0x00000158       0x20 build/stm32h7xx_hal_msp.o
 .debug_aranges
                0x00000178       0x88 build/stm32h7xx_hal_rcc.o
 .debug_aranges
                0x00000200       0xf8 build/stm32h7xx_hal_rcc_ex.o
 .debug_aranges
                0x000002f8       0x58 build/stm32h7xx_hal_gpio.o
 .debug_aranges
                0x00000350       0xc0 build/stm32h7xx_hal_mdma.o
 .debug_aranges
                0x00000410      0x158 build/stm32h7xx_hal_pwr_ex.o
 .debug_aranges
                0x00000568       0xf8 build/stm32h7xx_hal_cortex.o
 .debug_aranges
                0x00000660      0x198 build/stm32h7xx_hal.o
 .debug_aranges
                0x000007f8      0x148 build/stm32h7xx_hal_qspi.o
 .debug_aranges
                0x00000940      0x3e0 build/stm32h7xx_hal_tim.o
 .debug_aranges
                0x00000d20      0x188 build/stm32h7xx_hal_tim_ex.o
 .debug_aranges
                0x00000ea8       0x30 build/system_stm32h7xx.o
 .debug_aranges
                0x00000ed8       0x20 build/sysmem.o
 .debug_aranges
                0x00000ef8       0xa8 build/syscalls.o
 .debug_aranges
                0x00000fa0      0x148 build/z_qflash_W25QXXX.o
 .debug_aranges
                0x000010e8       0x78 build/z_qflash_W25QXXX_test.o
 .debug_aranges
                0x00001160       0x28 build/startup_stm32h753xx.o

.debug_ranges   0x00000000     0x1180
 .debug_ranges  0x00000000       0x38 build/main.o
 .debug_ranges  0x00000038       0x10 build/gpio.o
 .debug_ranges  0x00000048       0x10 build/mdma.o
 .debug_ranges  0x00000058       0x20 build/quadspi.o
 .debug_ranges  0x00000078       0x20 build/tim.o
 .debug_ranges  0x00000098       0x60 build/stm32h7xx_it.o
 .debug_ranges  0x000000f8       0x10 build/stm32h7xx_hal_msp.o
 .debug_ranges  0x00000108       0xe8 build/stm32h7xx_hal_rcc.o
 .debug_ranges  0x000001f0       0xe8 build/stm32h7xx_hal_rcc_ex.o
 .debug_ranges  0x000002d8       0x48 build/stm32h7xx_hal_gpio.o
 .debug_ranges  0x00000320       0xb0 build/stm32h7xx_hal_mdma.o
 .debug_ranges  0x000003d0      0x1a8 build/stm32h7xx_hal_pwr_ex.o
 .debug_ranges  0x00000578       0xe8 build/stm32h7xx_hal_cortex.o
 .debug_ranges  0x00000660      0x188 build/stm32h7xx_hal.o
 .debug_ranges  0x000007e8      0x138 build/stm32h7xx_hal_qspi.o
 .debug_ranges  0x00000920      0x3d0 build/stm32h7xx_hal_tim.o
 .debug_ranges  0x00000cf0      0x178 build/stm32h7xx_hal_tim_ex.o
 .debug_ranges  0x00000e68       0x20 build/system_stm32h7xx.o
 .debug_ranges  0x00000e88       0x10 build/sysmem.o
 .debug_ranges  0x00000e98       0x98 build/syscalls.o
 .debug_ranges  0x00000f30      0x138 build/z_qflash_W25QXXX.o
 .debug_ranges  0x00001068       0xf8 build/z_qflash_W25QXXX_test.o
 .debug_ranges  0x00001160       0x20 build/startup_stm32h753xx.o

.debug_line     0x00000000    0x13615
 .debug_line    0x00000000      0x74c build/main.o
 .debug_line    0x0000074c      0x276 build/gpio.o
 .debug_line    0x000009c2      0x232 build/mdma.o
 .debug_line    0x00000bf4      0x529 build/quadspi.o
 .debug_line    0x0000111d      0x370 build/tim.o
 .debug_line    0x0000148d      0x35e build/stm32h7xx_it.o
 .debug_line    0x000017eb      0x202 build/stm32h7xx_hal_msp.o
 .debug_line    0x000019ed     0x14c8 build/stm32h7xx_hal_rcc.o
 .debug_line    0x00002eb5     0x2107 build/stm32h7xx_hal_rcc_ex.o
 .debug_line    0x00004fbc      0x7b9 build/stm32h7xx_hal_gpio.o
 .debug_line    0x00005775     0x1518 build/stm32h7xx_hal_mdma.o
 .debug_line    0x00006c8d      0xbc6 build/stm32h7xx_hal_pwr_ex.o
 .debug_line    0x00007853      0x8dd build/stm32h7xx_hal_cortex.o
 .debug_line    0x00008130      0x98f build/stm32h7xx_hal.o
 .debug_line    0x00008abf     0x1538 build/stm32h7xx_hal_qspi.o
 .debug_line    0x00009ff7     0x4b5b build/stm32h7xx_hal_tim.o
 .debug_line    0x0000eb52     0x1d9a build/stm32h7xx_hal_tim_ex.o
 .debug_line    0x000108ec      0x597 build/system_stm32h7xx.o
 .debug_line    0x00010e83      0x2cb build/sysmem.o
 .debug_line    0x0001114e      0x48a build/syscalls.o
 .debug_line    0x000115d8     0x14bb build/z_qflash_W25QXXX.o
 .debug_line    0x00012a93      0xb0e build/z_qflash_W25QXXX_test.o
 .debug_line    0x000135a1       0x74 build/startup_stm32h753xx.o

.debug_str      0x00000000     0x61d2
 .debug_str     0x00000000     0x61d2 build/main.o
                                0xd60 (size before relaxing)
 .debug_str     0x000061d2      0x486 build/gpio.o
 .debug_str     0x000061d2      0xc19 build/mdma.o
 .debug_str     0x000061d2     0x1674 build/quadspi.o
 .debug_str     0x000061d2      0xb85 build/tim.o
 .debug_str     0x000061d2      0x7ca build/stm32h7xx_it.o
 .debug_str     0x000061d2      0x3c7 build/stm32h7xx_hal_msp.o
 .debug_str     0x000061d2      0x9ef build/stm32h7xx_hal_rcc.o
 .debug_str     0x000061d2      0xefa build/stm32h7xx_hal_rcc_ex.o
 .debug_str     0x000061d2      0x6a9 build/stm32h7xx_hal_gpio.o
 .debug_str     0x000061d2      0xa02 build/stm32h7xx_hal_mdma.o
 .debug_str     0x000061d2      0xa1e build/stm32h7xx_hal_pwr_ex.o
 .debug_str     0x000061d2     0x1064 build/stm32h7xx_hal_cortex.o
 .debug_str     0x000061d2     0x149e build/stm32h7xx_hal.o
 .debug_str     0x000061d2      0xc3a build/stm32h7xx_hal_qspi.o
 .debug_str     0x000061d2     0x183e build/stm32h7xx_hal_tim.o
 .debug_str     0x000061d2     0x1166 build/stm32h7xx_hal_tim_ex.o
 .debug_str     0x000061d2      0x743 build/system_stm32h7xx.o
 .debug_str     0x000061d2      0x1f8 build/sysmem.o
 .debug_str     0x000061d2      0x3cc build/syscalls.o
 .debug_str     0x000061d2      0xcc3 build/z_qflash_W25QXXX.o
 .debug_str     0x000061d2      0xb0b build/z_qflash_W25QXXX_test.o
 .debug_str     0x000061d2       0x55 build/startup_stm32h753xx.o

.debug_frame    0x00000000     0x34c4
 .debug_frame   0x00000000       0xa8 build/main.o
 .debug_frame   0x000000a8       0x30 build/gpio.o
 .debug_frame   0x000000d8       0x2c build/mdma.o
 .debug_frame   0x00000104       0x6c build/quadspi.o
 .debug_frame   0x00000170       0x58 build/tim.o
 .debug_frame   0x000001c8       0xd8 build/stm32h7xx_it.o
 .debug_frame   0x000002a0       0x28 build/stm32h7xx_hal_msp.o
 .debug_frame   0x000002c8      0x18c build/stm32h7xx_hal_rcc.o
 .debug_frame   0x00000454      0x284 build/stm32h7xx_hal_rcc_ex.o
 .debug_frame   0x000006d8       0xd4 build/stm32h7xx_hal_gpio.o
 .debug_frame   0x000007ac      0x260 build/stm32h7xx_hal_mdma.o
 .debug_frame   0x00000a0c      0x2f4 build/stm32h7xx_hal_pwr_ex.o
 .debug_frame   0x00000d00      0x214 build/stm32h7xx_hal_cortex.o
 .debug_frame   0x00000f14      0x360 build/stm32h7xx_hal.o
 .debug_frame   0x00001274      0x3dc build/stm32h7xx_hal_qspi.o
 .debug_frame   0x00001650      0xb74 build/stm32h7xx_hal_tim.o
 .debug_frame   0x000021c4      0x494 build/stm32h7xx_hal_tim_ex.o
 .debug_frame   0x00002658       0x4c build/system_stm32h7xx.o
 .debug_frame   0x000026a4       0x28 build/sysmem.o
 .debug_frame   0x000026cc      0x190 build/syscalls.o
 .debug_frame   0x0000285c      0x430 build/z_qflash_W25QXXX.o
 .debug_frame   0x00002c8c      0x19c build/z_qflash_W25QXXX_test.o
 .debug_frame   0x00002e28      0x144 /opt/st/stm32cubeide_1.19.0/plugins/com.st.stm32cube.ide.mcu.externaltools.gnu-tools-for-stm32.13.3.rel1.linux64_1.0.0.202410170706/tools/bin/../lib/gcc/arm-none-eabi/13.3.1/../../../../arm-none-eabi/lib/thumb/v7e-m+dp/hard/libc_nano.a(libc_a-findfp.o)
 .debug_frame   0x00002f6c       0x34 /opt/st/stm32cubeide_1.19.0/plugins/com.st.stm32cube.ide.mcu.externaltools.gnu-tools-for-stm32.13.3.rel1.linux64_1.0.0.202410170706/tools/bin/../lib/gcc/arm-none-eabi/13.3.1/../../../../arm-none-eabi/lib/thumb/v7e-m+dp/hard/libc_nano.a(libc_a-fwalk.o)
 .debug_frame   0x00002fa0       0x3c /opt/st/stm32cubeide_1.19.0/plugins/com.st.stm32cube.ide.mcu.externaltools.gnu-tools-for-stm32.13.3.rel1.linux64_1.0.0.202410170706/tools/bin/../lib/gcc/arm-none-eabi/13.3.1/../../../../arm-none-eabi/lib/thumb/v7e-m+dp/hard/libc_nano.a(libc_a-puts.o)
 .debug_frame   0x00002fdc       0x88 /opt/st/stm32cubeide_1.19.0/plugins/com.st.stm32cube.ide.mcu.externaltools.gnu-tools-for-stm32.13.3.rel1.linux64_1.0.0.202410170706/tools/bin/../lib/gcc/arm-none-eabi/13.3.1/../../../../arm-none-eabi/lib/thumb/v7e-m+dp/hard/libc_nano.a(libc_a-stdio.o)
 .debug_frame   0x00003064       0x40 /opt/st/stm32cubeide_1.19.0/plugins/com.st.stm32cube.ide.mcu.externaltools.gnu-tools-for-stm32.13.3.rel1.linux64_1.0.0.202410170706/tools/bin/../lib/gcc/arm-none-eabi/13.3.1/../../../../arm-none-eabi/lib/thumb/v7e-m+dp/hard/libc_nano.a(libc_a-wbuf.o)
 .debug_frame   0x000030a4       0x2c /opt/st/stm32cubeide_1.19.0/plugins/com.st.stm32cube.ide.mcu.externaltools.gnu-tools-for-stm32.13.3.rel1.linux64_1.0.0.202410170706/tools/bin/../lib/gcc/arm-none-eabi/13.3.1/../../../../arm-none-eabi/lib/thumb/v7e-m+dp/hard/libc_nano.a(libc_a-wsetup.o)
 .debug_frame   0x000030d0       0x20 /opt/st/stm32cubeide_1.19.0/plugins/com.st.stm32cube.ide.mcu.externaltools.gnu-tools-for-stm32.13.3.rel1.linux64_1.0.0.202410170706/tools/bin/../lib/gcc/arm-none-eabi/13.3.1/../../../../arm-none-eabi/lib/thumb/v7e-m+dp/hard/libc_nano.a(libc_a-memset.o)
 .debug_frame   0x000030f0       0x2c /opt/st/stm32cubeide_1.19.0/plugins/com.st.stm32cube.ide.mcu.externaltools.gnu-tools-for-stm32.13.3.rel1.linux64_1.0.0.202410170706/tools/bin/../lib/gcc/arm-none-eabi/13.3.1/../../../../arm-none-eabi/lib/thumb/v7e-m+dp/hard/libc_nano.a(libc_a-closer.o)
 .debug_frame   0x0000311c       0x38 /opt/st/stm32cubeide_1.19.0/plugins/com.st.stm32cube.ide.mcu.externaltools.gnu-tools-for-stm32.13.3.rel1.linux64_1.0.0.202410170706/tools/bin/../lib/gcc/arm-none-eabi/13.3.1/../../../../arm-none-eabi/lib/thumb/v7e-m+dp/hard/libc_nano.a(libc_a-reent.o)
 .debug_frame   0x00003154       0x2c /opt/st/stm32cubeide_1.19.0/plugins/com.st.stm32cube.ide.mcu.externaltools.gnu-tools-for-stm32.13.3.rel1.linux64_1.0.0.202410170706/tools/bin/../lib/gcc/arm-none-eabi/13.3.1/../../../../arm-none-eabi/lib/thumb/v7e-m+dp/hard/libc_nano.a(libc_a-lseekr.o)
 .debug_frame   0x00003180       0x2c /opt/st/stm32cubeide_1.19.0/plugins/com.st.stm32cube.ide.mcu.externaltools.gnu-tools-for-stm32.13.3.rel1.linux64_1.0.0.202410170706/tools/bin/../lib/gcc/arm-none-eabi/13.3.1/../../../../arm-none-eabi/lib/thumb/v7e-m+dp/hard/libc_nano.a(libc_a-readr.o)
 .debug_frame   0x000031ac       0x2c /opt/st/stm32cubeide_1.19.0/plugins/com.st.stm32cube.ide.mcu.externaltools.gnu-tools-for-stm32.13.3.rel1.linux64_1.0.0.202410170706/tools/bin/../lib/gcc/arm-none-eabi/13.3.1/../../../../arm-none-eabi/lib/thumb/v7e-m+dp/hard/libc_nano.a(libc_a-writer.o)
 .debug_frame   0x000031d8       0x20 /opt/st/stm32cubeide_1.19.0/plugins/com.st.stm32cube.ide.mcu.externaltools.gnu-tools-for-stm32.13.3.rel1.linux64_1.0.0.202410170706/tools/bin/../lib/gcc/arm-none-eabi/13.3.1/../../../../arm-none-eabi/lib/thumb/v7e-m+dp/hard/libc_nano.a(libc_a-errno.o)
 .debug_frame   0x000031f8       0x2c /opt/st/stm32cubeide_1.19.0/plugins/com.st.stm32cube.ide.mcu.externaltools.gnu-tools-for-stm32.13.3.rel1.linux64_1.0.0.202410170706/tools/bin/../lib/gcc/arm-none-eabi/13.3.1/../../../../arm-none-eabi/lib/thumb/v7e-m+dp/hard/libc_nano.a(libc_a-init.o)
 .debug_frame   0x00003224       0xb0 /opt/st/stm32cubeide_1.19.0/plugins/com.st.stm32cube.ide.mcu.externaltools.gnu-tools-for-stm32.13.3.rel1.linux64_1.0.0.202410170706/tools/bin/../lib/gcc/arm-none-eabi/13.3.1/../../../../arm-none-eabi/lib/thumb/v7e-m+dp/hard/libc_nano.a(libc_a-lock.o)
 .debug_frame   0x000032d4       0x38 /opt/st/stm32cubeide_1.19.0/plugins/com.st.stm32cube.ide.mcu.externaltools.gnu-tools-for-stm32.13.3.rel1.linux64_1.0.0.202410170706/tools/bin/../lib/gcc/arm-none-eabi/13.3.1/../../../../arm-none-eabi/lib/thumb/v7e-m+dp/hard/libc_nano.a(libc_a-freer.o)
 .debug_frame   0x0000330c       0x50 /opt/st/stm32cubeide_1.19.0/plugins/com.st.stm32cube.ide.mcu.externaltools.gnu-tools-for-stm32.13.3.rel1.linux64_1.0.0.202410170706/tools/bin/../lib/gcc/arm-none-eabi/13.3.1/../../../../arm-none-eabi/lib/thumb/v7e-m+dp/hard/libc_nano.a(libc_a-mallocr.o)
 .debug_frame   0x0000335c       0x30 /opt/st/stm32cubeide_1.19.0/plugins/com.st.stm32cube.ide.mcu.externaltools.gnu-tools-for-stm32.13.3.rel1.linux64_1.0.0.202410170706/tools/bin/../lib/gcc/arm-none-eabi/13.3.1/../../../../arm-none-eabi/lib/thumb/v7e-m+dp/hard/libc_nano.a(libc_a-mlock.o)
 .debug_frame   0x0000338c       0x5c /opt/st/stm32cubeide_1.19.0/plugins/com.st.stm32cube.ide.mcu.externaltools.gnu-tools-for-stm32.13.3.rel1.linux64_1.0.0.202410170706/tools/bin/../lib/gcc/arm-none-eabi/13.3.1/../../../../arm-none-eabi/lib/thumb/v7e-m+dp/hard/libc_nano.a(libc_a-fflush.o)
 .debug_frame   0x000033e8       0x58 /opt/st/stm32cubeide_1.19.0/plugins/com.st.stm32cube.ide.mcu.externaltools.gnu-tools-for-stm32.13.3.rel1.linux64_1.0.0.202410170706/tools/bin/../lib/gcc/arm-none-eabi/13.3.1/../../../../arm-none-eabi/lib/thumb/v7e-m+dp/hard/libc_nano.a(libc_a-makebuf.o)
 .debug_frame   0x00003440       0x2c /opt/st/stm32cubeide_1.19.0/plugins/com.st.stm32cube.ide.mcu.externaltools.gnu-tools-for-stm32.13.3.rel1.linux64_1.0.0.202410170706/tools/bin/../lib/gcc/arm-none-eabi/13.3.1/../../../../arm-none-eabi/lib/thumb/v7e-m+dp/hard/libc_nano.a(libc_a-fstatr.o)
 .debug_frame   0x0000346c       0x2c /opt/st/stm32cubeide_1.19.0/plugins/com.st.stm32cube.ide.mcu.externaltools.gnu-tools-for-stm32.13.3.rel1.linux64_1.0.0.202410170706/tools/bin/../lib/gcc/arm-none-eabi/13.3.1/../../../../arm-none-eabi/lib/thumb/v7e-m+dp/hard/libc_nano.a(libc_a-isattyr.o)
 .debug_frame   0x00003498       0x2c /opt/st/stm32cubeide_1.19.0/plugins/com.st.stm32cube.ide.mcu.externaltools.gnu-tools-for-stm32.13.3.rel1.linux64_1.0.0.202410170706/tools/bin/../lib/gcc/arm-none-eabi/13.3.1/../../../../arm-none-eabi/lib/thumb/v7e-m+dp/hard/libc_nano.a(libc_a-sbrkr.o)

Cross Reference Table

Symbol                                            File
ADC3_IRQHandler                                   build/startup_stm32h753xx.o
ADC_IRQHandler                                    build/startup_stm32h753xx.o
BDMA_Channel0_IRQHandler                          build/startup_stm32h753xx.o
BDMA_Channel1_IRQHandler                          build/startup_stm32h753xx.o
BDMA_Channel2_IRQHandler                          build/startup_stm32h753xx.o
BDMA_Channel3_IRQHandler                          build/startup_stm32h753xx.o
BDMA_Channel4_IRQHandler                          build/startup_stm32h753xx.o
BDMA_Channel5_IRQHandler                          build/startup_stm32h753xx.o
BDMA_Channel6_IRQHandler                          build/startup_stm32h753xx.o
BDMA_Channel7_IRQHandler                          build/startup_stm32h753xx.o
BlinkIt                                           build/z_qflash_W25QXXX_test.o
                                                  build/main.o
BusFault_Handler                                  build/stm32h7xx_it.o
CEC_IRQHandler                                    build/startup_stm32h753xx.o
COMP1_IRQHandler                                  build/startup_stm32h753xx.o
CRS_IRQHandler                                    build/startup_stm32h753xx.o
CRYP_IRQHandler                                   build/startup_stm32h753xx.o
D1CorePrescTable                                  build/system_stm32h7xx.o
                                                  build/stm32h7xx_hal.o
                                                  build/stm32h7xx_hal_rcc_ex.o
                                                  build/stm32h7xx_hal_rcc.o
DCMI_IRQHandler                                   build/startup_stm32h753xx.o
DFSDM1_FLT0_IRQHandler                            build/startup_stm32h753xx.o
DFSDM1_FLT1_IRQHandler                            build/startup_stm32h753xx.o
DFSDM1_FLT2_IRQHandler                            build/startup_stm32h753xx.o
DFSDM1_FLT3_IRQHandler                            build/startup_stm32h753xx.o
DMA1_Stream0_IRQHandler                           build/startup_stm32h753xx.o
DMA1_Stream1_IRQHandler                           build/startup_stm32h753xx.o
DMA1_Stream2_IRQHandler                           build/startup_stm32h753xx.o
DMA1_Stream3_IRQHandler                           build/startup_stm32h753xx.o
DMA1_Stream4_IRQHandler                           build/startup_stm32h753xx.o
DMA1_Stream5_IRQHandler                           build/startup_stm32h753xx.o
DMA1_Stream6_IRQHandler                           build/startup_stm32h753xx.o
DMA1_Stream7_IRQHandler                           build/startup_stm32h753xx.o
DMA2D_IRQHandler                                  build/startup_stm32h753xx.o
DMA2_Stream0_IRQHandler                           build/startup_stm32h753xx.o
DMA2_Stream1_IRQHandler                           build/startup_stm32h753xx.o
DMA2_Stream2_IRQHandler                           build/startup_stm32h753xx.o
DMA2_Stream3_IRQHandler                           build/startup_stm32h753xx.o
DMA2_Stream4_IRQHandler                           build/startup_stm32h753xx.o
DMA2_Stream5_IRQHandler                           build/startup_stm32h753xx.o
DMA2_Stream6_IRQHandler                           build/startup_stm32h753xx.o
DMA2_Stream7_IRQHandler                           build/startup_stm32h753xx.o
DMAMUX1_OVR_IRQHandler                            build/startup_stm32h753xx.o
DMAMUX2_OVR_IRQHandler                            build/startup_stm32h753xx.o
DataReader_ReadData                               build/z_qflash_W25QXXX.o
DataReader_StartDMAReadData                       build/z_qflash_W25QXXX.o
DataReader_WaitForReceiveDone                     build/z_qflash_W25QXXX.o
DebugMon_Handler                                  build/stm32h7xx_it.o
Default_Handler                                   build/startup_stm32h753xx.o
DelayBlock_Configure                              build/stm32h7xx_ll_delayblock.o
DelayBlock_Disable                                build/stm32h7xx_ll_delayblock.o
DelayBlock_Enable                                 build/stm32h7xx_ll_delayblock.o
ECC_IRQHandler                                    build/startup_stm32h753xx.o
ETH_IRQHandler                                    build/startup_stm32h753xx.o
ETH_WKUP_IRQHandler                               build/startup_stm32h753xx.o
EXTI0_IRQHandler                                  build/startup_stm32h753xx.o
EXTI15_10_IRQHandler                              build/startup_stm32h753xx.o
EXTI1_IRQHandler                                  build/startup_stm32h753xx.o
EXTI2_IRQHandler                                  build/startup_stm32h753xx.o
EXTI3_IRQHandler                                  build/startup_stm32h753xx.o
EXTI4_IRQHandler                                  build/startup_stm32h753xx.o
EXTI9_5_IRQHandler                                build/startup_stm32h753xx.o
Error_Handler                                     build/main.o
                                                  build/tim.o
                                                  build/quadspi.o
ExitRun0Mode                                      build/system_stm32h7xx.o
                                                  build/startup_stm32h753xx.o
FDCAN1_IT0_IRQHandler                             build/startup_stm32h753xx.o
FDCAN1_IT1_IRQHandler                             build/startup_stm32h753xx.o
FDCAN2_IT0_IRQHandler                             build/startup_stm32h753xx.o
FDCAN2_IT1_IRQHandler                             build/startup_stm32h753xx.o
FDCAN_CAL_IRQHandler                              build/startup_stm32h753xx.o
FLASH_CRC_WaitForLastOperation                    build/stm32h7xx_hal_flash.o
                                                  build/stm32h7xx_hal_flash_ex.o
FLASH_Erase_Sector                                build/stm32h7xx_hal_flash_ex.o
                                                  build/stm32h7xx_hal_flash.o
FLASH_IRQHandler                                  build/startup_stm32h753xx.o
FLASH_OB_WaitForLastOperation                     build/stm32h7xx_hal_flash.o
                                                  build/stm32h7xx_hal_flash_ex.o
FLASH_WaitForLastOperation                        build/stm32h7xx_hal_flash.o
                                                  build/stm32h7xx_hal_flash_ex.o
FMC_IRQHandler                                    build/startup_stm32h753xx.o
FPU_IRQHandler                                    build/startup_stm32h753xx.o
HAL_DBGMCU_DisableDBGSleepMode                    build/stm32h7xx_hal.o
HAL_DBGMCU_DisableDBGStandbyMode                  build/stm32h7xx_hal.o
HAL_DBGMCU_DisableDBGStopMode                     build/stm32h7xx_hal.o
HAL_DBGMCU_EnableDBGSleepMode                     build/stm32h7xx_hal.o
HAL_DBGMCU_EnableDBGStandbyMode                   build/stm32h7xx_hal.o
HAL_DBGMCU_EnableDBGStopMode                      build/stm32h7xx_hal.o
HAL_DMAEx_ChangeMemory                            build/stm32h7xx_hal_dma_ex.o
HAL_DMAEx_ConfigMuxRequestGenerator               build/stm32h7xx_hal_dma_ex.o
HAL_DMAEx_ConfigMuxSync                           build/stm32h7xx_hal_dma_ex.o
HAL_DMAEx_DisableMuxRequestGenerator              build/stm32h7xx_hal_dma_ex.o
HAL_DMAEx_EnableMuxRequestGenerator               build/stm32h7xx_hal_dma_ex.o
HAL_DMAEx_MUX_IRQHandler                          build/stm32h7xx_hal_dma_ex.o
HAL_DMAEx_MultiBufferStart                        build/stm32h7xx_hal_dma_ex.o
HAL_DMAEx_MultiBufferStart_IT                     build/stm32h7xx_hal_dma_ex.o
HAL_DMA_Abort                                     build/stm32h7xx_hal_dma.o
HAL_DMA_Abort_IT                                  build/stm32h7xx_hal_dma.o
                                                  build/stm32h7xx_hal_tim_ex.o
                                                  build/stm32h7xx_hal_tim.o
                                                  build/stm32h7xx_hal_i2c.o
HAL_DMA_DeInit                                    build/stm32h7xx_hal_dma.o
HAL_DMA_GetError                                  build/stm32h7xx_hal_dma.o
                                                  build/stm32h7xx_hal_i2c.o
HAL_DMA_GetState                                  build/stm32h7xx_hal_dma.o
                                                  build/stm32h7xx_hal_i2c.o
HAL_DMA_IRQHandler                                build/stm32h7xx_hal_dma.o
HAL_DMA_Init                                      build/stm32h7xx_hal_dma.o
HAL_DMA_PollForTransfer                           build/stm32h7xx_hal_dma.o
HAL_DMA_RegisterCallback                          build/stm32h7xx_hal_dma.o
HAL_DMA_Start                                     build/stm32h7xx_hal_dma.o
HAL_DMA_Start_IT                                  build/stm32h7xx_hal_dma.o
                                                  build/stm32h7xx_hal_tim_ex.o
                                                  build/stm32h7xx_hal_tim.o
                                                  build/stm32h7xx_hal_i2c.o
HAL_DMA_UnRegisterCallback                        build/stm32h7xx_hal_dma.o
HAL_DeInit                                        build/stm32h7xx_hal.o
HAL_Delay                                         build/stm32h7xx_hal.o
                                                  build/z_qflash_W25QXXX_test.o