Archive member included to satisfy reference by file (symbol)

/opt/gcc-arm-none-eabi-9-2020-q2-update/bin/../lib/gcc/arm-none-eabi/9.3.1/../../../../arm-none-eabi/lib/thumb/v7e-m+dp/hard/libc_nano.a(lib_a-errno.o)
                              build/sysmem.o (__errno)
/opt/gcc-arm-none-eabi-9-2020-q2-update/bin/../lib/gcc/arm-none-eabi/9.3.1/../../../../arm-none-eabi/lib/thumb/v7e-m+dp/hard/libc_nano.a(lib_a-exit.o)
                              /opt/gcc-arm-none-eabi-9-2020-q2-update/bin/../lib/gcc/arm-none-eabi/9.3.1/../../../../arm-none-eabi/lib/thumb/v7e-m+dp/hard/crt0.o (exit)
/opt/gcc-arm-none-eabi-9-2020-q2-update/bin/../lib/gcc/arm-none-eabi/9.3.1/../../../../arm-none-eabi/lib/thumb/v7e-m+dp/hard/libc_nano.a(lib_a-impure.o)
                              /opt/gcc-arm-none-eabi-9-2020-q2-update/bin/../lib/gcc/arm-none-eabi/9.3.1/../../../../arm-none-eabi/lib/thumb/v7e-m+dp/hard/libc_nano.a(lib_a-exit.o) (_global_impure_ptr)
/opt/gcc-arm-none-eabi-9-2020-q2-update/bin/../lib/gcc/arm-none-eabi/9.3.1/../../../../arm-none-eabi/lib/thumb/v7e-m+dp/hard/libc_nano.a(lib_a-init.o)
                              /opt/gcc-arm-none-eabi-9-2020-q2-update/bin/../lib/gcc/arm-none-eabi/9.3.1/../../../../arm-none-eabi/lib/thumb/v7e-m+dp/hard/crt0.o (__libc_init_array)
/opt/gcc-arm-none-eabi-9-2020-q2-update/bin/../lib/gcc/arm-none-eabi/9.3.1/../../../../arm-none-eabi/lib/thumb/v7e-m+dp/hard/libc_nano.a(lib_a-memcpy-stub.o)
                              build/z_qflash_W25QXXX_test.o (memcpy)
/opt/gcc-arm-none-eabi-9-2020-q2-update/bin/../lib/gcc/arm-none-eabi/9.3.1/../../../../arm-none-eabi/lib/thumb/v7e-m+dp/hard/libc_nano.a(lib_a-memset.o)
                              /opt/gcc-arm-none-eabi-9-2020-q2-update/bin/../lib/gcc/arm-none-eabi/9.3.1/../../../../arm-none-eabi/lib/thumb/v7e-m+dp/hard/crt0.o (memset)

Allocating common symbols
Common symbol       size              file

hmdma_quadspi_fifo_th
                    0x6c              build/quadspi.o
uwTick              0x4               build/stm32h7xx_hal.o
pFlash              0x1c              build/stm32h7xx_hal_flash.o
htim2               0x4c              build/tim.o
hqspi               0x4c              build/quadspi.o

Discarded input sections

 .text          0x0000000000000000        0x0 /opt/gcc-arm-none-eabi-9-2020-q2-update/bin/../lib/gcc/arm-none-eabi/9.3.1/thumb/v7e-m+dp/hard/crti.o
 .data          0x0000000000000000        0x0 /opt/gcc-arm-none-eabi-9-2020-q2-update/bin/../lib/gcc/arm-none-eabi/9.3.1/thumb/v7e-m+dp/hard/crti.o
 .bss           0x0000000000000000        0x0 /opt/gcc-arm-none-eabi-9-2020-q2-update/bin/../lib/gcc/arm-none-eabi/9.3.1/thumb/v7e-m+dp/hard/crti.o
 .data          0x0000000000000000        0x4 /opt/gcc-arm-none-eabi-9-2020-q2-update/bin/../lib/gcc/arm-none-eabi/9.3.1/thumb/v7e-m+dp/hard/crtbegin.o
 .text          0x0000000000000000       0x7c /opt/gcc-arm-none-eabi-9-2020-q2-update/bin/../lib/gcc/arm-none-eabi/9.3.1/../../../../arm-none-eabi/lib/thumb/v7e-m+dp/hard/crt0.o
 .data          0x0000000000000000        0x0 /opt/gcc-arm-none-eabi-9-2020-q2-update/bin/../lib/gcc/arm-none-eabi/9.3.1/../../../../arm-none-eabi/lib/thumb/v7e-m+dp/hard/crt0.o
 .bss           0x0000000000000000        0x0 /opt/gcc-arm-none-eabi-9-2020-q2-update/bin/../lib/gcc/arm-none-eabi/9.3.1/../../../../arm-none-eabi/lib/thumb/v7e-m+dp/hard/crt0.o
 .ARM.extab     0x0000000000000000        0x0 /opt/gcc-arm-none-eabi-9-2020-q2-update/bin/../lib/gcc/arm-none-eabi/9.3.1/../../../../arm-none-eabi/lib/thumb/v7e-m+dp/hard/crt0.o
 .ARM.exidx     0x0000000000000000       0x10 /opt/gcc-arm-none-eabi-9-2020-q2-update/bin/../lib/gcc/arm-none-eabi/9.3.1/../../../../arm-none-eabi/lib/thumb/v7e-m+dp/hard/crt0.o
 .ARM.attributes
                0x0000000000000000       0x1c /opt/gcc-arm-none-eabi-9-2020-q2-update/bin/../lib/gcc/arm-none-eabi/9.3.1/../../../../arm-none-eabi/lib/thumb/v7e-m+dp/hard/crt0.o
 .text          0x0000000000000000        0x0 build/main.o
 .data          0x0000000000000000        0x0 build/main.o
 .bss           0x0000000000000000        0x0 build/main.o
 .text          0x0000000000000000        0x0 build/gpio.o
 .data          0x0000000000000000        0x0 build/gpio.o
 .bss           0x0000000000000000        0x0 build/gpio.o
 .text          0x0000000000000000        0x0 build/mdma.o
 .data          0x0000000000000000        0x0 build/mdma.o
 .bss           0x0000000000000000        0x0 build/mdma.o
 .text          0x0000000000000000        0x0 build/quadspi.o
 .data          0x0000000000000000        0x0 build/quadspi.o
 .bss           0x0000000000000000        0x0 build/quadspi.o
 .text.HAL_QSPI_MspDeInit
                0x0000000000000000       0x68 build/quadspi.o
 .text          0x0000000000000000        0x0 build/tim.o
 .data          0x0000000000000000        0x0 build/tim.o
 .bss           0x0000000000000000        0x0 build/tim.o
 .text.HAL_TIM_Base_MspDeInit
                0x0000000000000000       0x20 build/tim.o
[...]
Memory Configuration

Name             Origin             Length             Attributes
DTCMRAM          0x0000000020000000 0x0000000000020000 xrw
RAM              0x0000000024000000 0x0000000000080000 xrw
RAM_D2           0x0000000030000000 0x0000000000048000 xrw
RAM_D3           0x0000000038000000 0x0000000000010000 xrw
ITCMRAM          0x0000000000000000 0x0000000000010000 xrw
FLASH            0x0000000008000000 0x0000000000200000 xr
*default*        0x0000000000000000 0xffffffffffffffff

Linker script and memory map

LOAD /opt/gcc-arm-none-eabi-9-2020-q2-update/bin/../lib/gcc/arm-none-eabi/9.3.1/thumb/v7e-m+dp/hard/crti.o
LOAD /opt/gcc-arm-none-eabi-9-2020-q2-update/bin/../lib/gcc/arm-none-eabi/9.3.1/thumb/v7e-m+dp/hard/crtbegin.o
LOAD /opt/gcc-arm-none-eabi-9-2020-q2-update/bin/../lib/gcc/arm-none-eabi/9.3.1/../../../../arm-none-eabi/lib/thumb/v7e-m+dp/hard/crt0.o
LOAD build/main.o
LOAD build/gpio.o
LOAD build/mdma.o
LOAD build/quadspi.o
LOAD build/tim.o
LOAD build/stm32h7xx_it.o
LOAD build/stm32h7xx_hal_msp.o
LOAD build/stm32h7xx_hal_rcc.o
LOAD build/stm32h7xx_hal_rcc_ex.o
LOAD build/stm32h7xx_hal_flash.o
LOAD build/stm32h7xx_hal_flash_ex.o
LOAD build/stm32h7xx_hal_gpio.o
LOAD build/stm32h7xx_hal_hsem.o
LOAD build/stm32h7xx_hal_dma.o
LOAD build/stm32h7xx_hal_dma_ex.o
LOAD build/stm32h7xx_hal_mdma.o
LOAD build/stm32h7xx_hal_pwr.o
LOAD build/stm32h7xx_hal_pwr_ex.o
LOAD build/stm32h7xx_hal_cortex.o
LOAD build/stm32h7xx_hal.o
LOAD build/stm32h7xx_hal_i2c.o
LOAD build/stm32h7xx_hal_i2c_ex.o
LOAD build/stm32h7xx_hal_exti.o
LOAD build/stm32h7xx_hal_qspi.o
LOAD build/stm32h7xx_ll_delayblock.o
LOAD build/stm32h7xx_hal_tim.o
LOAD build/stm32h7xx_hal_tim_ex.o
LOAD build/system_stm32h7xx.o
LOAD build/sysmem.o
LOAD build/syscalls.o
LOAD build/z_qflash_W25QXXX.o
LOAD build/z_qflash_W25QXXX_test.o
LOAD build/startup_stm32h753xx.o
LOAD /opt/gcc-arm-none-eabi-9-2020-q2-update/bin/../lib/gcc/arm-none-eabi/9.3.1/../../../../arm-none-eabi/lib/thumb/v7e-m+dp/hard/libc_nano.a
LOAD /opt/gcc-arm-none-eabi-9-2020-q2-update/bin/../lib/gcc/arm-none-eabi/9.3.1/../../../../arm-none-eabi/lib/thumb/v7e-m+dp/hard/libm.a
LOAD /opt/gcc-arm-none-eabi-9-2020-q2-update/bin/../lib/gcc/arm-none-eabi/9.3.1/../../../../arm-none-eabi/lib/thumb/v7e-m+dp/hard/libnosys.a
START GROUP
LOAD /opt/gcc-arm-none-eabi-9-2020-q2-update/bin/../lib/gcc/arm-none-eabi/9.3.1/thumb/v7e-m+dp/hard/libgcc.a
LOAD /opt/gcc-arm-none-eabi-9-2020-q2-update/bin/../lib/gcc/arm-none-eabi/9.3.1/../../../../arm-none-eabi/lib/thumb/v7e-m+dp/hard/libc_nano.a
END GROUP
START GROUP
LOAD /opt/gcc-arm-none-eabi-9-2020-q2-update/bin/../lib/gcc/arm-none-eabi/9.3.1/thumb/v7e-m+dp/hard/libgcc.a
LOAD /opt/gcc-arm-none-eabi-9-2020-q2-update/bin/../lib/gcc/arm-none-eabi/9.3.1/../../../../arm-none-eabi/lib/thumb/v7e-m+dp/hard/libc_nano.a
END GROUP
LOAD /opt/gcc-arm-none-eabi-9-2020-q2-update/bin/../lib/gcc/arm-none-eabi/9.3.1/thumb/v7e-m+dp/hard/crtend.o
LOAD /opt/gcc-arm-none-eabi-9-2020-q2-update/bin/../lib/gcc/arm-none-eabi/9.3.1/thumb/v7e-m+dp/hard/crtn.o
                0x0000000020020000                _estack = (ORIGIN (DTCMRAM) + LENGTH (DTCMRAM))
                0x0000000000000200                _Min_Heap_Size = 0x200
                0x0000000000000400                _Min_Stack_Size = 0x400

.isr_vector     0x0000000008000000      0x298
                0x0000000008000000                . = ALIGN (0x4)
 *(.isr_vector)
 .isr_vector    0x0000000008000000      0x298 build/startup_stm32h753xx.o
                0x0000000008000000                g_pfnVectors
                0x0000000008000298                . = ALIGN (0x4)

.text           0x0000000008000298     0x3e50
                0x0000000008000298                . = ALIGN (0x4)
 *(.text)
 .text          0x0000000008000298       0x40 /opt/gcc-arm-none-eabi-9-2020-q2-update/bin/../lib/gcc/arm-none-eabi/9.3.1/thumb/v7e-m+dp/hard/crtbegin.o
 *(.text*)
 .text.MPU_Config
                0x00000000080002d8       0x52 build/main.o
 .text.Error_Handler
                0x000000000800032a        0x4 build/main.o
                0x000000000800032a                Error_Handler
 *fill*         0x000000000800032e        0x2 
 .text.SystemClock_Config
                0x0000000008000330       0xc0 build/main.o
                0x0000000008000330                SystemClock_Config
 .text.main     0x00000000080003f0       0x26 build/main.o
                0x00000000080003f0                main
 *fill*         0x0000000008000416        0x2 
 .text.MX_GPIO_Init
                0x0000000008000418       0xd0 build/gpio.o
                0x0000000008000418                MX_GPIO_Init
 .text.MX_MDMA_Init
                0x00000000080004e8       0x38 build/mdma.o
                0x00000000080004e8                MX_MDMA_Init
 .text.MX_QUADSPI_Init
                0x0000000008000520       0x38 build/quadspi.o
                0x0000000008000520                MX_QUADSPI_Init
 .text.HAL_QSPI_MspInit
                0x0000000008000558      0x1a0 build/quadspi.o
                0x0000000008000558                HAL_QSPI_MspInit
 .text.MX_TIM2_Init
                0x00000000080006f8       0x70 build/tim.o
                0x00000000080006f8                MX_TIM2_Init
 .text.HAL_TIM_Base_MspInit
                0x0000000008000768       0x30 build/tim.o
                0x0000000008000768                HAL_TIM_Base_MspInit
 .text.NMI_Handler
                0x0000000008000798        0x2 build/stm32h7xx_it.o
                0x0000000008000798                NMI_Handler
 .text.HardFault_Handler
                0x000000000800079a        0x2 build/stm32h7xx_it.o
                0x000000000800079a                HardFault_Handler
 .text.MemManage_Handler
                0x000000000800079c        0x2 build/stm32h7xx_it.o
                0x000000000800079c                MemManage_Handler
 .text.BusFault_Handler
                0x000000000800079e        0x2 build/stm32h7xx_it.o
                0x000000000800079e                BusFault_Handler
 .text.UsageFault_Handler
                0x00000000080007a0        0x2 build/stm32h7xx_it.o
                0x00000000080007a0                UsageFault_Handler
 .text.SVC_Handler
                0x00000000080007a2        0x2 build/stm32h7xx_it.o
                0x00000000080007a2                SVC_Handler
 .text.DebugMon_Handler
                0x00000000080007a4        0x2 build/stm32h7xx_it.o
                0x00000000080007a4                DebugMon_Handler
 .text.PendSV_Handler
                0x00000000080007a6        0x2 build/stm32h7xx_it.o
                0x00000000080007a6                PendSV_Handler
 .text.SysTick_Handler
                0x00000000080007a8        0x8 build/stm32h7xx_it.o
                0x00000000080007a8                SysTick_Handler
 .text.QUADSPI_IRQHandler
                0x00000000080007b0       0x10 build/stm32h7xx_it.o
                0x00000000080007b0                QUADSPI_IRQHandler
 .text.MDMA_IRQHandler
                0x00000000080007c0       0x10 build/stm32h7xx_it.o
                0x00000000080007c0                MDMA_IRQHandler
 .text.HAL_MspInit
                0x00000000080007d0       0x24 build/stm32h7xx_hal_msp.o
                0x00000000080007d0                HAL_MspInit
 .text.HAL_RCC_OscConfig
                0x00000000080007f4      0x6b4 build/stm32h7xx_hal_rcc.o
                0x00000000080007f4                HAL_RCC_OscConfig
 .text.HAL_RCC_GetSysClockFreq
                0x0000000008000ea8      0x1f4 build/stm32h7xx_hal_rcc.o
                0x0000000008000ea8                HAL_RCC_GetSysClockFreq
 .text.HAL_RCC_ClockConfig
                0x000000000800109c      0x294 build/stm32h7xx_hal_rcc.o
                0x000000000800109c                HAL_RCC_ClockConfig
 .text.RCCEx_PLL2_Config
                0x0000000008001330      0x10c build/stm32h7xx_hal_rcc_ex.o
 .text.RCCEx_PLL3_Config
                0x000000000800143c      0x10c build/stm32h7xx_hal_rcc_ex.o
 .text.HAL_RCCEx_PeriphCLKConfig
                0x0000000008001548      0xb2c build/stm32h7xx_hal_rcc_ex.o
                0x0000000008001548                HAL_RCCEx_PeriphCLKConfig
 .text.HAL_GPIO_Init
                0x0000000008002074      0x1ec build/stm32h7xx_hal_gpio.o
                0x0000000008002074                HAL_GPIO_Init
 .text.HAL_GPIO_WritePin
                0x0000000008002260        0xc build/stm32h7xx_hal_gpio.o
                0x0000000008002260                HAL_GPIO_WritePin
 .text.MDMA_SetConfig
                0x000000000800226c       0x88 build/stm32h7xx_hal_mdma.o
 .text.MDMA_Init
                0x00000000080022f4       0xb8 build/stm32h7xx_hal_mdma.o
 .text.HAL_MDMA_Init
                0x00000000080023ac       0x60 build/stm32h7xx_hal_mdma.o
                0x00000000080023ac                HAL_MDMA_Init
 .text.HAL_MDMA_ConfigPostRequestMask
                0x000000000800240c       0x66 build/stm32h7xx_hal_mdma.o
                0x000000000800240c                HAL_MDMA_ConfigPostRequestMask
 .text.HAL_MDMA_Start_IT
                0x0000000008002472       0xac build/stm32h7xx_hal_mdma.o
                0x0000000008002472                HAL_MDMA_Start_IT
 .text.HAL_MDMA_Abort_IT
                0x000000000800251e       0x2c build/stm32h7xx_hal_mdma.o
                0x000000000800251e                HAL_MDMA_Abort_IT
 *fill*         0x000000000800254a        0x2 
 .text.HAL_MDMA_IRQHandler
                0x000000000800254c      0x1b4 build/stm32h7xx_hal_mdma.o
                0x000000000800254c                HAL_MDMA_IRQHandler
 .text.HAL_PWREx_ConfigSupply
                0x0000000008002700       0x54 build/stm32h7xx_hal_pwr_ex.o
                0x0000000008002700                HAL_PWREx_ConfigSupply
 .text.HAL_NVIC_SetPriorityGrouping
                0x0000000008002754       0x24 build/stm32h7xx_hal_cortex.o
                0x0000000008002754                HAL_NVIC_SetPriorityGrouping
 .text.HAL_NVIC_SetPriority
                0x0000000008002778       0x64 build/stm32h7xx_hal_cortex.o
                0x0000000008002778                HAL_NVIC_SetPriority
 .text.HAL_NVIC_EnableIRQ
                0x00000000080027dc       0x1c build/stm32h7xx_hal_cortex.o
                0x00000000080027dc                HAL_NVIC_EnableIRQ
 .text.HAL_SYSTICK_Config
                0x00000000080027f8       0x2c build/stm32h7xx_hal_cortex.o
                0x00000000080027f8                HAL_SYSTICK_Config
 .text.HAL_MPU_Disable
                0x0000000008002824       0x20 build/stm32h7xx_hal_cortex.o
                0x0000000008002824                HAL_MPU_Disable
 .text.HAL_MPU_Enable
                0x0000000008002844       0x24 build/stm32h7xx_hal_cortex.o
                0x0000000008002844                HAL_MPU_Enable
 .text.HAL_MPU_ConfigRegion
                0x0000000008002868       0x4c build/stm32h7xx_hal_cortex.o
                0x0000000008002868                HAL_MPU_ConfigRegion
 .text.HAL_InitTick
                0x00000000080028b4       0x50 build/stm32h7xx_hal.o
                0x00000000080028b4                HAL_InitTick
 .text.HAL_Init
                0x0000000008002904       0x5c build/stm32h7xx_hal.o
                0x0000000008002904                HAL_Init
 .text.HAL_IncTick
                0x0000000008002960       0x18 build/stm32h7xx_hal.o
                0x0000000008002960                HAL_IncTick
 .text.HAL_GetTick
                0x0000000008002978        0xc build/stm32h7xx_hal.o
                0x0000000008002978                HAL_GetTick
 .text.HAL_Delay
                0x0000000008002984       0x28 build/stm32h7xx_hal.o
                0x0000000008002984                HAL_Delay
 .text.HAL_GetREVID
                0x00000000080029ac        0xc build/stm32h7xx_hal.o
                0x00000000080029ac                HAL_GetREVID
 .text.QSPI_DMARxCplt
                0x00000000080029b8       0x12 build/stm32h7xx_hal_qspi.o
 .text.QSPI_DMATxCplt
                0x00000000080029ca       0x12 build/stm32h7xx_hal_qspi.o
 .text.QSPI_Config
                0x00000000080029dc      0x1ec build/stm32h7xx_hal_qspi.o
 .text.QSPI_WaitFlagStateUntilTimeout
                0x0000000008002bc8       0x50 build/stm32h7xx_hal_qspi.o
 .text.HAL_QSPI_Command
                0x0000000008002c18       0x98 build/stm32h7xx_hal_qspi.o
                0x0000000008002c18                HAL_QSPI_Command
 .text.HAL_QSPI_Transmit
                0x0000000008002cb0       0xc8 build/stm32h7xx_hal_qspi.o
                0x0000000008002cb0                HAL_QSPI_Transmit
 .text.HAL_QSPI_Transmit_DMA
                0x0000000008002d78      0x140 build/stm32h7xx_hal_qspi.o
                0x0000000008002d78                HAL_QSPI_Transmit_DMA
 .text.HAL_QSPI_Receive_DMA
                0x0000000008002eb8      0x150 build/stm32h7xx_hal_qspi.o
                0x0000000008002eb8                HAL_QSPI_Receive_DMA
 .text.HAL_QSPI_AutoPolling
                0x0000000008003008       0xb4 build/stm32h7xx_hal_qspi.o
                0x0000000008003008                HAL_QSPI_AutoPolling
 .text.QSPI_DMAAbortCplt
                0x00000000080030bc       0x3c build/stm32h7xx_hal_qspi.o
 .text.HAL_QSPI_AbortCpltCallback
                0x00000000080030f8        0x2 build/stm32h7xx_hal_qspi.o
                0x00000000080030f8                HAL_QSPI_AbortCpltCallback
 .text.HAL_QSPI_FifoThresholdCallback
                0x00000000080030fa        0x2 build/stm32h7xx_hal_qspi.o
                0x00000000080030fa                HAL_QSPI_FifoThresholdCallback
 .text.HAL_QSPI_StatusMatchCallback
                0x00000000080030fc        0x2 build/stm32h7xx_hal_qspi.o
                0x00000000080030fc                HAL_QSPI_StatusMatchCallback
 .text.HAL_QSPI_TimeOutCallback
                0x00000000080030fe        0x2 build/stm32h7xx_hal_qspi.o
                0x00000000080030fe                HAL_QSPI_TimeOutCallback
 .text.HAL_QSPI_IRQHandler
                0x0000000008003100      0x240 build/stm32h7xx_hal_qspi.o
                0x0000000008003100                HAL_QSPI_IRQHandler
 .text.HAL_QSPI_Abort_IT
                0x0000000008003340       0x88 build/stm32h7xx_hal_qspi.o
                0x0000000008003340                HAL_QSPI_Abort_IT
 .text.QSPI_DMAError
                0x00000000080033c8       0x22 build/stm32h7xx_hal_qspi.o
 .text.HAL_QSPI_SetTimeout
                0x00000000080033ea        0x4 build/stm32h7xx_hal_qspi.o
                0x00000000080033ea                HAL_QSPI_SetTimeout
 *fill*         0x00000000080033ee        0x2 
 .text.HAL_QSPI_Init
                0x00000000080033f0       0xa8 build/stm32h7xx_hal_qspi.o
                0x00000000080033f0                HAL_QSPI_Init
 .text.TIM_TI1_ConfigInputStage
                0x0000000008003498       0x24 build/stm32h7xx_hal_tim.o
 .text.TIM_TI2_ConfigInputStage
                0x00000000080034bc       0x26 build/stm32h7xx_hal_tim.o
 *fill*         0x00000000080034e2        0x2 
 .text.TIM_ITRx_SetConfig
                0x00000000080034e4       0x14 build/stm32h7xx_hal_tim.o
 .text.TIM_Base_SetConfig
                0x00000000080034f8      0x108 build/stm32h7xx_hal_tim.o
                0x00000000080034f8                TIM_Base_SetConfig
 .text.HAL_TIM_Base_Init
                0x0000000008003600       0x60 build/stm32h7xx_hal_tim.o
                0x0000000008003600                HAL_TIM_Base_Init
 .text.TIM_ETR_SetConfig
                0x0000000008003660       0x18 build/stm32h7xx_hal_tim.o
                0x0000000008003660                TIM_ETR_SetConfig
 .text.HAL_TIM_ConfigClockSource
                0x0000000008003678      0x138 build/stm32h7xx_hal_tim.o
                0x0000000008003678                HAL_TIM_ConfigClockSource
 .text.HAL_TIMEx_MasterConfigSynchronization
                0x00000000080037b0       0xa0 build/stm32h7xx_hal_tim_ex.o
                0x00000000080037b0                HAL_TIMEx_MasterConfigSynchronization
 .text.SystemInit
                0x0000000008003850       0xf0 build/system_stm32h7xx.o
                0x0000000008003850                SystemInit
 .text.ExitRun0Mode
                0x0000000008003940       0x1c build/system_stm32h7xx.o
                0x0000000008003940                ExitRun0Mode
 .text.QFlash_WaitForDataAvailable
                0x000000000800395c       0x30 build/z_qflash_W25QXXX.o
                0x000000000800395c                QFlash_WaitForDataAvailable
 .text.QFlash_DefaultCmd
                0x000000000800398c       0x26 build/z_qflash_W25QXXX.o
                0x000000000800398c                QFlash_DefaultCmd
 *fill*         0x00000000080039b2        0x2 
 .text.QFlash_WriteEnable
                0x00000000080039b4       0x48 build/z_qflash_W25QXXX.o
                0x00000000080039b4                QFlash_WriteEnable
 .text.QFlash_WriteDisable
                0x00000000080039fc       0x48 build/z_qflash_W25QXXX.o
                0x00000000080039fc                QFlash_WriteDisable
 .text.QFlash_ReadSR1
                0x0000000008003a44       0x78 build/z_qflash_W25QXXX.o
                0x0000000008003a44                QFlash_ReadSR1
 .text.QFlash_ReadSR2
                0x0000000008003abc       0x78 build/z_qflash_W25QXXX.o
                0x0000000008003abc                QFlash_ReadSR2
 .text.QFlash_ReadSR3
                0x0000000008003b34       0x78 build/z_qflash_W25QXXX.o
                0x0000000008003b34                QFlash_ReadSR3
 .text.QFlash_WaitForWritingComplete
                0x0000000008003bac       0x64 build/z_qflash_W25QXXX.o
                0x0000000008003bac                QFlash_WaitForWritingComplete
 .text.QFlash_WriteSR2
                0x0000000008003c10       0x84 build/z_qflash_W25QXXX.o
                0x0000000008003c10                QFlash_WriteSR2
 .text.QFlash_WriteSR3
                0x0000000008003c94       0x70 build/z_qflash_W25QXXX.o
                0x0000000008003c94                QFlash_WriteSR3
 .text.HAL_QSPI_CmdCpltCallback
                0x0000000008003d04       0x18 build/z_qflash_W25QXXX.o
                0x0000000008003d04                HAL_QSPI_CmdCpltCallback
 .text.HAL_QSPI_RxCpltCallback
                0x0000000008003d1c       0x20 build/z_qflash_W25QXXX.o
                0x0000000008003d1c                HAL_QSPI_RxCpltCallback
 .text.HAL_QSPI_TxCpltCallback
                0x0000000008003d3c       0x18 build/z_qflash_W25QXXX.o
                0x0000000008003d3c                HAL_QSPI_TxCpltCallback
 .text.HAL_QSPI_ErrorCallback
                0x0000000008003d54       0x28 build/z_qflash_W25QXXX.o
                0x0000000008003d54                HAL_QSPI_ErrorCallback
 .text.BlinkIt  0x0000000008003d7c       0x74 build/z_qflash_W25QXXX_test.o
                0x0000000008003d7c                BlinkIt
 .text.TestSR1Setting
                0x0000000008003df0       0x56 build/z_qflash_W25QXXX_test.o
                0x0000000008003df0                TestSR1Setting
 .text.TestSR3Setting
                0x0000000008003e46       0x78 build/z_qflash_W25QXXX_test.o
                0x0000000008003e46                TestSR3Setting
 .text.TestQESetting
                0x0000000008003ebe      0x100 build/z_qflash_W25QXXX_test.o
                0x0000000008003ebe                TestQESetting
 .text.TestStatusRegisters
                0x0000000008003fbe       0x62 build/z_qflash_W25QXXX_test.o
                0x0000000008003fbe                TestStatusRegisters
 .text.Reset_Handler
                0x0000000008004020       0x54 build/startup_stm32h753xx.o
                0x0000000008004020                Reset_Handler
 .text.Default_Handler
                0x0000000008004074        0x2 build/startup_stm32h753xx.o
                0x0000000008004074                RTC_Alarm_IRQHandler
                0x0000000008004074                HASH_RNG_IRQHandler
                0x0000000008004074                EXTI2_IRQHandler
                0x0000000008004074                TIM8_CC_IRQHandler
                0x0000000008004074                HRTIM1_Master_IRQHandler
                0x0000000008004074                UART8_IRQHandler
                0x0000000008004074                SPI4_IRQHandler
                0x0000000008004074                TIM1_CC_IRQHandler
                0x0000000008004074                BDMA_Channel6_IRQHandler
                0x0000000008004074                DMA2_Stream5_IRQHandler
                0x0000000008004074                HRTIM1_FLT_IRQHandler
                0x0000000008004074                JPEG_IRQHandler
                0x0000000008004074                DMA1_Stream5_IRQHandler
                0x0000000008004074                BDMA_Channel1_IRQHandler
                0x0000000008004074                HRTIM1_TIMD_IRQHandler
                0x0000000008004074                TAMP_STAMP_IRQHandler
                0x0000000008004074                EXTI3_IRQHandler
                0x0000000008004074                LPTIM4_IRQHandler
                0x0000000008004074                TIM8_TRG_COM_TIM14_IRQHandler
                0x0000000008004074                LPTIM2_IRQHandler
                0x0000000008004074                DFSDM1_FLT1_IRQHandler
                0x0000000008004074                DMAMUX2_OVR_IRQHandler
                0x0000000008004074                TIM8_UP_TIM13_IRQHandler
                0x0000000008004074                I2C3_ER_IRQHandler
                0x0000000008004074                DFSDM1_FLT2_IRQHandler
                0x0000000008004074                LPTIM3_IRQHandler
                0x0000000008004074                HSEM1_IRQHandler
                0x0000000008004074                EXTI0_IRQHandler
                0x0000000008004074                I2C2_EV_IRQHandler
                0x0000000008004074                DMA1_Stream2_IRQHandler
                0x0000000008004074                FPU_IRQHandler
                0x0000000008004074                OTG_HS_WKUP_IRQHandler
                0x0000000008004074                FDCAN1_IT1_IRQHandler
                0x0000000008004074                LTDC_ER_IRQHandler
                0x0000000008004074                DMA2_Stream2_IRQHandler
                0x0000000008004074                HRTIM1_TIME_IRQHandler
                0x0000000008004074                SPI1_IRQHandler
                0x0000000008004074                TIM6_DAC_IRQHandler
                0x0000000008004074                DCMI_IRQHandler
                0x0000000008004074                HRTIM1_TIMC_IRQHandler
                0x0000000008004074                DMA2_Stream3_IRQHandler
                0x0000000008004074                SAI2_IRQHandler
                0x0000000008004074                DFSDM1_FLT3_IRQHandler
                0x0000000008004074                USART6_IRQHandler
                0x0000000008004074                TIM17_IRQHandler
                0x0000000008004074                USART3_IRQHandler
                0x0000000008004074                BDMA_Channel7_IRQHandler
                0x0000000008004074                CRYP_IRQHandler
                0x0000000008004074                LPTIM5_IRQHandler
                0x0000000008004074                UART5_IRQHandler
                0x0000000008004074                ADC3_IRQHandler
                0x0000000008004074                DMA2_Stream0_IRQHandler
                0x0000000008004074                TIM4_IRQHandler
                0x0000000008004074                BDMA_Channel2_IRQHandler
                0x0000000008004074                I2C1_EV_IRQHandler
                0x0000000008004074                DMA1_Stream6_IRQHandler
                0x0000000008004074                DMAMUX1_OVR_IRQHandler
                0x0000000008004074                DMA1_Stream1_IRQHandler
                0x0000000008004074                TIM16_IRQHandler
                0x0000000008004074                UART4_IRQHandler
                0x0000000008004074                BDMA_Channel5_IRQHandler
                0x0000000008004074                TIM3_IRQHandler
                0x0000000008004074                RCC_IRQHandler
                0x0000000008004074                TIM8_BRK_TIM12_IRQHandler
                0x0000000008004074                TIM1_TRG_COM_IRQHandler
                0x0000000008004074                Default_Handler
                0x0000000008004074                ECC_IRQHandler
                0x0000000008004074                CEC_IRQHandler
                0x0000000008004074                EXTI15_10_IRQHandler
                0x0000000008004074                BDMA_Channel0_IRQHandler
                0x0000000008004074                ADC_IRQHandler
                0x0000000008004074                DMA1_Stream7_IRQHandler
                0x0000000008004074                HRTIM1_TIMA_IRQHandler
                0x0000000008004074                SPI5_IRQHandler
                0x0000000008004074                TIM7_IRQHandler
                0x0000000008004074                SDMMC1_IRQHandler
                0x0000000008004074                TIM5_IRQHandler
                0x0000000008004074                DMA2_Stream7_IRQHandler
                0x0000000008004074                TIM15_IRQHandler
                0x0000000008004074                PVD_AVD_IRQHandler
                0x0000000008004074                I2C3_EV_IRQHandler
                0x0000000008004074                EXTI9_5_IRQHandler
                0x0000000008004074                RTC_WKUP_IRQHandler
                0x0000000008004074                LTDC_IRQHandler
                0x0000000008004074                SAI3_IRQHandler
                0x0000000008004074                ETH_WKUP_IRQHandler
                0x0000000008004074                SPDIF_RX_IRQHandler
                0x0000000008004074                SPI2_IRQHandler
                0x0000000008004074                OTG_HS_EP1_IN_IRQHandler
                0x0000000008004074                DMA1_Stream0_IRQHandler
                0x0000000008004074                CRS_IRQHandler
                0x0000000008004074                EXTI4_IRQHandler
                0x0000000008004074                HRTIM1_TIMB_IRQHandler
                0x0000000008004074                FDCAN2_IT1_IRQHandler
                0x0000000008004074                ETH_IRQHandler
                0x0000000008004074                TIM1_UP_IRQHandler
                0x0000000008004074                BDMA_Channel4_IRQHandler
                0x0000000008004074                OTG_HS_EP1_OUT_IRQHandler
                0x0000000008004074                WWDG_IRQHandler
                0x0000000008004074                SPI6_IRQHandler
                0x0000000008004074                MDIOS_IRQHandler
                0x0000000008004074                I2C4_EV_IRQHandler
                0x0000000008004074                FDCAN2_IT0_IRQHandler
                0x0000000008004074                LPUART1_IRQHandler
                0x0000000008004074                FDCAN1_IT0_IRQHandler
                0x0000000008004074                TIM2_IRQHandler
                0x0000000008004074                OTG_FS_WKUP_IRQHandler
                0x0000000008004074                OTG_HS_IRQHandler
                0x0000000008004074                DMA2D_IRQHandler
                0x0000000008004074                TIM1_BRK_IRQHandler
                0x0000000008004074                EXTI1_IRQHandler
                0x0000000008004074                SDMMC2_IRQHandler
                0x0000000008004074                OTG_FS_EP1_OUT_IRQHandler
                0x0000000008004074                BDMA_Channel3_IRQHandler
                0x0000000008004074                UART7_IRQHandler
                0x0000000008004074                MDIOS_WKUP_IRQHandler
                0x0000000008004074                USART2_IRQHandler
                0x0000000008004074                DFSDM1_FLT0_IRQHandler
                0x0000000008004074                SAI4_IRQHandler
                0x0000000008004074                I2C2_ER_IRQHandler
                0x0000000008004074                DMA2_Stream1_IRQHandler
                0x0000000008004074                FLASH_IRQHandler
                0x0000000008004074                DMA2_Stream4_IRQHandler
                0x0000000008004074                USART1_IRQHandler
                0x0000000008004074                OTG_FS_IRQHandler
                0x0000000008004074                SPI3_IRQHandler
                0x0000000008004074                WAKEUP_PIN_IRQHandler
                0x0000000008004074                DMA1_Stream4_IRQHandler
                0x0000000008004074                OTG_FS_EP1_IN_IRQHandler
                0x0000000008004074                I2C1_ER_IRQHandler
                0x0000000008004074                FMC_IRQHandler
                0x0000000008004074                FDCAN_CAL_IRQHandler
                0x0000000008004074                SWPMI1_IRQHandler
                0x0000000008004074                COMP1_IRQHandler
                0x0000000008004074                LPTIM1_IRQHandler
                0x0000000008004074                I2C4_ER_IRQHandler
                0x0000000008004074                DMA2_Stream6_IRQHandler
                0x0000000008004074                SAI1_IRQHandler
                0x0000000008004074                DMA1_Stream3_IRQHandler
 *fill*         0x0000000008004076        0x2 
 .text.__libc_init_array
                0x0000000008004078       0x48 /opt/gcc-arm-none-eabi-9-2020-q2-update/bin/../lib/gcc/arm-none-eabi/9.3.1/../../../../arm-none-eabi/lib/thumb/v7e-m+dp/hard/libc_nano.a(lib_a-init.o)
                0x0000000008004078                __libc_init_array
 .text.memset   0x00000000080040c0       0x10 /opt/gcc-arm-none-eabi-9-2020-q2-update/bin/../lib/gcc/arm-none-eabi/9.3.1/../../../../arm-none-eabi/lib/thumb/v7e-m+dp/hard/libc_nano.a(lib_a-memset.o)
                0x00000000080040c0                memset
 *(.glue_7)
 .glue_7        0x00000000080040d0        0x0 linker stubs
 *(.glue_7t)
 .glue_7t       0x00000000080040d0        0x0 linker stubs
 *(.eh_frame)
 .eh_frame      0x00000000080040d0        0x0 /opt/gcc-arm-none-eabi-9-2020-q2-update/bin/../lib/gcc/arm-none-eabi/9.3.1/thumb/v7e-m+dp/hard/crtbegin.o
 *(.init)
 .init          0x00000000080040d0        0x4 /opt/gcc-arm-none-eabi-9-2020-q2-update/bin/../lib/gcc/arm-none-eabi/9.3.1/thumb/v7e-m+dp/hard/crti.o
                0x00000000080040d0                _init
 .init          0x00000000080040d4        0x8 /opt/gcc-arm-none-eabi-9-2020-q2-update/bin/../lib/gcc/arm-none-eabi/9.3.1/thumb/v7e-m+dp/hard/crtn.o
 *(.fini)
 .fini          0x00000000080040dc        0x4 /opt/gcc-arm-none-eabi-9-2020-q2-update/bin/../lib/gcc/arm-none-eabi/9.3.1/thumb/v7e-m+dp/hard/crti.o
                0x00000000080040dc                _fini
 .fini          0x00000000080040e0        0x8 /opt/gcc-arm-none-eabi-9-2020-q2-update/bin/../lib/gcc/arm-none-eabi/9.3.1/thumb/v7e-m+dp/hard/crtn.o
                0x00000000080040e8                . = ALIGN (0x4)
                0x00000000080040e8                _etext = .

.vfp11_veneer   0x00000000080040e8        0x0
 .vfp11_veneer  0x00000000080040e8        0x0 linker stubs

.v4_bx          0x00000000080040e8        0x0
 .v4_bx         0x00000000080040e8        0x0 linker stubs

.iplt           0x00000000080040e8        0x0
 .iplt          0x00000000080040e8        0x0 /opt/gcc-arm-none-eabi-9-2020-q2-update/bin/../lib/gcc/arm-none-eabi/9.3.1/thumb/v7e-m+dp/hard/crtbegin.o

.rodata         0x00000000080040e8       0x10
                0x00000000080040e8                . = ALIGN (0x4)
 *(.rodata)
 *(.rodata*)
 .rodata.D1CorePrescTable
                0x00000000080040e8       0x10 build/system_stm32h7xx.o
                0x00000000080040e8                D1CorePrescTable
                0x00000000080040f8                . = ALIGN (0x4)

.rel.dyn        0x00000000080040f8        0x0
 .rel.iplt      0x00000000080040f8        0x0 /opt/gcc-arm-none-eabi-9-2020-q2-update/bin/../lib/gcc/arm-none-eabi/9.3.1/thumb/v7e-m+dp/hard/crtbegin.o

.ARM.extab      0x00000000080040f8        0x0
                0x00000000080040f8                . = ALIGN (0x4)
 *(.ARM.extab* .gnu.linkonce.armextab.*)
                0x00000000080040f8                . = ALIGN (0x4)

.ARM            0x00000000080040f8        0x0
                0x00000000080040f8                . = ALIGN (0x4)
                0x00000000080040f8                __exidx_start = .
 *(.ARM.exidx*)
                0x00000000080040f8                __exidx_end = .
                0x00000000080040f8                . = ALIGN (0x4)

.preinit_array  0x00000000080040f8        0x0
                0x00000000080040f8                . = ALIGN (0x4)
                0x00000000080040f8                PROVIDE (__preinit_array_start = .)
 *(.preinit_array*)
                0x00000000080040f8                PROVIDE (__preinit_array_end = .)
                0x00000000080040f8                . = ALIGN (0x4)

.init_array     0x00000000080040f8        0x4
                0x00000000080040f8                . = ALIGN (0x4)
                0x00000000080040f8                PROVIDE (__init_array_start = .)
 *(SORT_BY_NAME(.init_array.*))
 *(.init_array*)
 .init_array    0x00000000080040f8        0x4 /opt/gcc-arm-none-eabi-9-2020-q2-update/bin/../lib/gcc/arm-none-eabi/9.3.1/thumb/v7e-m+dp/hard/crtbegin.o
                0x00000000080040fc                PROVIDE (__init_array_end = .)
                0x00000000080040fc                . = ALIGN (0x4)

.fini_array     0x00000000080040fc        0x4
                0x00000000080040fc                . = ALIGN (0x4)
                [!provide]                        PROVIDE (__fini_array_start = .)
 *(SORT_BY_NAME(.fini_array.*))
 *(.fini_array*)
 .fini_array    0x00000000080040fc        0x4 /opt/gcc-arm-none-eabi-9-2020-q2-update/bin/../lib/gcc/arm-none-eabi/9.3.1/thumb/v7e-m+dp/hard/crtbegin.o
                [!provide]                        PROVIDE (__fini_array_end = .)
                0x0000000008004100                . = ALIGN (0x4)
                0x0000000008004100                _sidata = LOADADDR (.data)

.data           0x0000000020000000       0x14 load address 0x0000000008004100
                0x0000000020000000                . = ALIGN (0x4)
                0x0000000020000000                _sdata = .
 *(.data)
 *(.data*)
 .data.uwTickFreq
                0x0000000020000000        0x1 build/stm32h7xx_hal.o
                0x0000000020000000                uwTickFreq
 *fill*         0x0000000020000001        0x3 
 .data.uwTickPrio
                0x0000000020000004        0x4 build/stm32h7xx_hal.o
                0x0000000020000004                uwTickPrio
 .data.SystemCoreClock
                0x0000000020000008        0x4 build/system_stm32h7xx.o
                0x0000000020000008                SystemCoreClock
 .data.SystemD2Clock
                0x000000002000000c        0x4 build/system_stm32h7xx.o
                0x000000002000000c                SystemD2Clock
 .data.QSpiAvailable
                0x0000000020000010        0x1 build/z_qflash_W25QXXX.o
 .data.QSpiReadDataAvailable
                0x0000000020000011        0x1 build/z_qflash_W25QXXX.o
 *(.RamFunc)
 *(.RamFunc*)
                0x0000000020000014                . = ALIGN (0x4)
 *fill*         0x0000000020000012        0x2 
                0x0000000020000014                _edata = .

.igot.plt       0x0000000020000014        0x0 load address 0x0000000008004114
 .igot.plt      0x0000000020000014        0x0 /opt/gcc-arm-none-eabi-9-2020-q2-update/bin/../lib/gcc/arm-none-eabi/9.3.1/thumb/v7e-m+dp/hard/crtbegin.o
                0x0000000020000014                . = ALIGN (0x4)

.bss            0x0000000020000014      0x124 load address 0x0000000008004114
                0x0000000020000014                _sbss = .
                0x0000000020000014                __bss_start__ = _sbss
 *(.bss)
 .bss           0x0000000020000014       0x1c /opt/gcc-arm-none-eabi-9-2020-q2-update/bin/../lib/gcc/arm-none-eabi/9.3.1/thumb/v7e-m+dp/hard/crtbegin.o
 *(.bss*)
 *(COMMON)
 COMMON         0x0000000020000030       0xb8 build/quadspi.o
                0x0000000020000030                hmdma_quadspi_fifo_th
                0x000000002000009c                hqspi
 COMMON         0x00000000200000e8       0x4c build/tim.o
                0x00000000200000e8                htim2
 COMMON         0x0000000020000134        0x4 build/stm32h7xx_hal.o
                0x0000000020000134                uwTick
                0x0000000020000138                . = ALIGN (0x4)
                0x0000000020000138                _ebss = .
                0x0000000020000138                __bss_end__ = _ebss

._user_heap_stack
                0x0000000020000138      0x600 load address 0x0000000008004114
                0x0000000020000138                . = ALIGN (0x8)
                [!provide]                        PROVIDE (end = .)
                0x0000000020000138                PROVIDE (_end = .)
                0x0000000020000338                . = (. + _Min_Heap_Size)
 *fill*         0x0000000020000138      0x200 
                0x0000000020000738                . = (. + _Min_Stack_Size)
 *fill*         0x0000000020000338      0x400 
                0x0000000020000738                . = ALIGN (0x8)

/DISCARD/
 libc.a(*)
 libm.a(*)
 libgcc.a(*)
OUTPUT(build/h753_qspi.elf elf32-littlearm)
LOAD linker stubs
LOAD /opt/gcc-arm-none-eabi-9-2020-q2-update/bin/../lib/gcc/arm-none-eabi/9.3.1/../../../../arm-none-eabi/lib/thumb/v7e-m+dp/hard/libc.a
LOAD /opt/gcc-arm-none-eabi-9-2020-q2-update/bin/../lib/gcc/arm-none-eabi/9.3.1/../../../../arm-none-eabi/lib/thumb/v7e-m+dp/hard/libm.a
LOAD /opt/gcc-arm-none-eabi-9-2020-q2-update/bin/../lib/gcc/arm-none-eabi/9.3.1/thumb/v7e-m+dp/hard/libgcc.a

.ARM.attributes
                0x0000000000000000       0x2e
 .ARM.attributes
                0x0000000000000000       0x1e /opt/gcc-arm-none-eabi-9-2020-q2-update/bin/../lib/gcc/arm-none-eabi/9.3.1/thumb/v7e-m+dp/hard/crti.o
 .ARM.attributes
                0x000000000000001e       0x32 /opt/gcc-arm-none-eabi-9-2020-q2-update/bin/../lib/gcc/arm-none-eabi/9.3.1/thumb/v7e-m+dp/hard/crtbegin.o
 .ARM.attributes
                0x0000000000000050       0x32 build/main.o
 .ARM.attributes
                0x0000000000000082       0x32 build/gpio.o
 .ARM.attributes
                0x00000000000000b4       0x32 build/mdma.o
 .ARM.attributes
                0x00000000000000e6       0x32 build/quadspi.o
 .ARM.attributes
                0x0000000000000118       0x32 build/tim.o
 .ARM.attributes
                0x000000000000014a       0x32 build/stm32h7xx_it.o
 .ARM.attributes
                0x000000000000017c       0x32 build/stm32h7xx_hal_msp.o
 .ARM.attributes
                0x00000000000001ae       0x32 build/stm32h7xx_hal_rcc.o
 .ARM.attributes
                0x00000000000001e0       0x32 build/stm32h7xx_hal_rcc_ex.o
 .ARM.attributes
                0x0000000000000212       0x32 build/stm32h7xx_hal_gpio.o
 .ARM.attributes
                0x0000000000000244       0x32 build/stm32h7xx_hal_mdma.o
 .ARM.attributes
                0x0000000000000276       0x32 build/stm32h7xx_hal_pwr_ex.o
 .ARM.attributes
                0x00000000000002a8       0x32 build/stm32h7xx_hal_cortex.o
 .ARM.attributes
                0x00000000000002da       0x32 build/stm32h7xx_hal.o
 .ARM.attributes
                0x000000000000030c       0x32 build/stm32h7xx_hal_qspi.o
 .ARM.attributes
                0x000000000000033e       0x32 build/stm32h7xx_hal_tim.o
 .ARM.attributes
                0x0000000000000370       0x32 build/stm32h7xx_hal_tim_ex.o
 .ARM.attributes
                0x00000000000003a2       0x32 build/system_stm32h7xx.o
 .ARM.attributes
                0x00000000000003d4       0x32 build/z_qflash_W25QXXX.o
 .ARM.attributes
                0x0000000000000406       0x32 build/z_qflash_W25QXXX_test.o
 .ARM.attributes
                0x0000000000000438       0x21 build/startup_stm32h753xx.o
 .ARM.attributes
                0x0000000000000459       0x32 /opt/gcc-arm-none-eabi-9-2020-q2-update/bin/../lib/gcc/arm-none-eabi/9.3.1/../../../../arm-none-eabi/lib/thumb/v7e-m+dp/hard/libc_nano.a(lib_a-init.o)
 .ARM.attributes
                0x000000000000048b       0x32 /opt/gcc-arm-none-eabi-9-2020-q2-update/bin/../lib/gcc/arm-none-eabi/9.3.1/../../../../arm-none-eabi/lib/thumb/v7e-m+dp/hard/libc_nano.a(lib_a-memset.o)
 .ARM.attributes
                0x00000000000004bd       0x1e /opt/gcc-arm-none-eabi-9-2020-q2-update/bin/../lib/gcc/arm-none-eabi/9.3.1/thumb/v7e-m+dp/hard/crtn.o

.comment        0x0000000000000000       0x4c
 .comment       0x0000000000000000       0x4c build/main.o
                                         0x4d (size before relaxing)
 .comment       0x000000000000004c       0x4d build/gpio.o
 .comment       0x000000000000004c       0x4d build/mdma.o
 .comment       0x000000000000004c       0x4d build/quadspi.o
 .comment       0x000000000000004c       0x4d build/tim.o
 .comment       0x000000000000004c       0x4d build/stm32h7xx_it.o
 .comment       0x000000000000004c       0x4d build/stm32h7xx_hal_msp.o
 .comment       0x000000000000004c       0x4d build/stm32h7xx_hal_rcc.o
 .comment       0x000000000000004c       0x4d build/stm32h7xx_hal_rcc_ex.o
 .comment       0x000000000000004c       0x4d build/stm32h7xx_hal_gpio.o
 .comment       0x000000000000004c       0x4d build/stm32h7xx_hal_mdma.o
 .comment       0x000000000000004c       0x4d build/stm32h7xx_hal_pwr_ex.o
 .comment       0x000000000000004c       0x4d build/stm32h7xx_hal_cortex.o
 .comment       0x000000000000004c       0x4d build/stm32h7xx_hal.o
 .comment       0x000000000000004c       0x4d build/stm32h7xx_hal_qspi.o
 .comment       0x000000000000004c       0x4d build/stm32h7xx_hal_tim.o
 .comment       0x000000000000004c       0x4d build/stm32h7xx_hal_tim_ex.o
 .comment       0x000000000000004c       0x4d build/system_stm32h7xx.o
 .comment       0x000000000000004c       0x4d build/z_qflash_W25QXXX.o
 .comment       0x000000000000004c       0x4d build/z_qflash_W25QXXX_test.o

.debug_info     0x0000000000000000    0x298bc
 .debug_info    0x0000000000000000     0x22e2 build/main.o
 .debug_info    0x00000000000022e2     0x1326 build/gpio.o
 .debug_info    0x0000000000003608     0x14bb build/mdma.o
 .debug_info    0x0000000000004ac3     0x237b build/quadspi.o
 .debug_info    0x0000000000006e3e     0x1a26 build/tim.o
 .debug_info    0x0000000000008864     0x1449 build/stm32h7xx_it.o
 .debug_info    0x0000000000009cad     0x10da build/stm32h7xx_hal_msp.o
 .debug_info    0x000000000000ad87     0x1f17 build/stm32h7xx_hal_rcc.o
 .debug_info    0x000000000000cc9e     0x283f build/stm32h7xx_hal_rcc_ex.o
 .debug_info    0x000000000000f4dd     0x1a88 build/stm32h7xx_hal_gpio.o
 .debug_info    0x0000000000010f65     0x1b04 build/stm32h7xx_hal_mdma.o
 .debug_info    0x0000000000012a69     0x1f7c build/stm32h7xx_hal_pwr_ex.o
 .debug_info    0x00000000000149e5     0x20cf build/stm32h7xx_hal_cortex.o
 .debug_info    0x0000000000016ab4     0x23c0 build/stm32h7xx_hal.o
 .debug_info    0x0000000000018e74     0x263a build/stm32h7xx_hal_qspi.o
 .debug_info    0x000000000001b4ae     0x4eb6 build/stm32h7xx_hal_tim.o
 .debug_info    0x0000000000020364     0x2ba9 build/stm32h7xx_hal_tim_ex.o
 .debug_info    0x0000000000022f0d     0x1acf build/system_stm32h7xx.o
 .debug_info    0x00000000000249dc     0x281d build/z_qflash_W25QXXX.o
 .debug_info    0x00000000000271f9     0x26a1 build/z_qflash_W25QXXX_test.o
 .debug_info    0x000000000002989a       0x22 build/startup_stm32h753xx.o

.debug_abbrev   0x0000000000000000     0x3fbe
 .debug_abbrev  0x0000000000000000      0x336 build/main.o
 .debug_abbrev  0x0000000000000336      0x27a build/gpio.o
 .debug_abbrev  0x00000000000005b0      0x266 build/mdma.o
 .debug_abbrev  0x0000000000000816      0x2cd build/quadspi.o
 .debug_abbrev  0x0000000000000ae3      0x2c7 build/tim.o
 .debug_abbrev  0x0000000000000daa      0x23c build/stm32h7xx_it.o
 .debug_abbrev  0x0000000000000fe6      0x22a build/stm32h7xx_hal_msp.o
 .debug_abbrev  0x0000000000001210      0x34d build/stm32h7xx_hal_rcc.o
 .debug_abbrev  0x000000000000155d      0x37a build/stm32h7xx_hal_rcc_ex.o
 .debug_abbrev  0x00000000000018d7      0x350 build/stm32h7xx_hal_gpio.o
 .debug_abbrev  0x0000000000001c27      0x35a build/stm32h7xx_hal_mdma.o
 .debug_abbrev  0x0000000000001f81      0x3bd build/stm32h7xx_hal_pwr_ex.o
 .debug_abbrev  0x000000000000233e      0x493 build/stm32h7xx_hal_cortex.o
 .debug_abbrev  0x00000000000027d1      0x359 build/stm32h7xx_hal.o
 .debug_abbrev  0x0000000000002b2a      0x355 build/stm32h7xx_hal_qspi.o
 .debug_abbrev  0x0000000000002e7f      0x368 build/stm32h7xx_hal_tim.o
 .debug_abbrev  0x00000000000031e7      0x364 build/stm32h7xx_hal_tim_ex.o
 .debug_abbrev  0x000000000000354b      0x27d build/system_stm32h7xx.o
 .debug_abbrev  0x00000000000037c8      0x3fa build/z_qflash_W25QXXX.o
 .debug_abbrev  0x0000000000003bc2      0x3ea build/z_qflash_W25QXXX_test.o
 .debug_abbrev  0x0000000000003fac       0x12 build/startup_stm32h753xx.o

.debug_loc      0x0000000000000000    0x115b0
 .debug_loc     0x0000000000000000       0x9e build/main.o
 .debug_loc     0x000000000000009e       0x39 build/gpio.o
 .debug_loc     0x00000000000000d7       0x38 build/mdma.o
 .debug_loc     0x000000000000010f       0xda build/quadspi.o
 .debug_loc     0x00000000000001e9       0x70 build/tim.o
 .debug_loc     0x0000000000000259       0x60 build/stm32h7xx_it.o
 .debug_loc     0x00000000000002b9       0x2c build/stm32h7xx_hal_msp.o
 .debug_loc     0x00000000000002e5      0xab2 build/stm32h7xx_hal_rcc.o
 .debug_loc     0x0000000000000d97     0x2080 build/stm32h7xx_hal_rcc_ex.o
 .debug_loc     0x0000000000002e17      0x45e build/stm32h7xx_hal_gpio.o
 .debug_loc     0x0000000000003275     0x14be build/stm32h7xx_hal_mdma.o
 .debug_loc     0x0000000000004733      0x65b build/stm32h7xx_hal_pwr_ex.o
 .debug_loc     0x0000000000004d8e      0x7b6 build/stm32h7xx_hal_cortex.o
 .debug_loc     0x0000000000005544      0x582 build/stm32h7xx_hal.o
 .debug_loc     0x0000000000005ac6     0x1959 build/stm32h7xx_hal_qspi.o
 .debug_loc     0x000000000000741f     0x5fff build/stm32h7xx_hal_tim.o
 .debug_loc     0x000000000000d41e     0x2975 build/stm32h7xx_hal_tim_ex.o
 .debug_loc     0x000000000000fd93      0x1d8 build/system_stm32h7xx.o
 .debug_loc     0x000000000000ff6b      0xdc5 build/z_qflash_W25QXXX.o
 .debug_loc     0x0000000000010d30      0x880 build/z_qflash_W25QXXX_test.o

.debug_aranges  0x0000000000000000     0x1068
 .debug_aranges
                0x0000000000000000       0x38 build/main.o
 .debug_aranges
                0x0000000000000038       0x20 build/gpio.o
 .debug_aranges
                0x0000000000000058       0x20 build/mdma.o
 .debug_aranges
                0x0000000000000078       0x30 build/quadspi.o
 .debug_aranges
                0x00000000000000a8       0x30 build/tim.o
 .debug_aranges
                0x00000000000000d8       0x70 build/stm32h7xx_it.o
 .debug_aranges
                0x0000000000000148       0x20 build/stm32h7xx_hal_msp.o
 .debug_aranges
                0x0000000000000168       0x88 build/stm32h7xx_hal_rcc.o
 .debug_aranges
                0x00000000000001f0       0xf8 build/stm32h7xx_hal_rcc_ex.o
 .debug_aranges
                0x00000000000002e8       0x58 build/stm32h7xx_hal_gpio.o
 .debug_aranges
                0x0000000000000340       0xc0 build/stm32h7xx_hal_mdma.o
 .debug_aranges
                0x0000000000000400      0x158 build/stm32h7xx_hal_pwr_ex.o
 .debug_aranges
                0x0000000000000558       0xc0 build/stm32h7xx_hal_cortex.o
 .debug_aranges
                0x0000000000000618      0x198 build/stm32h7xx_hal.o
 .debug_aranges
                0x00000000000007b0      0x148 build/stm32h7xx_hal_qspi.o
 .debug_aranges
                0x00000000000008f8      0x3e0 build/stm32h7xx_hal_tim.o
 .debug_aranges
                0x0000000000000cd8      0x188 build/stm32h7xx_hal_tim_ex.o
 .debug_aranges
                0x0000000000000e60       0x30 build/system_stm32h7xx.o
 .debug_aranges
                0x0000000000000e90      0x138 build/z_qflash_W25QXXX.o
 .debug_aranges
                0x0000000000000fc8       0x78 build/z_qflash_W25QXXX_test.o
 .debug_aranges
                0x0000000000001040       0x28 build/startup_stm32h753xx.o

.debug_ranges   0x0000000000000000     0x10e0
 .debug_ranges  0x0000000000000000       0x28 build/main.o
 .debug_ranges  0x0000000000000028       0x10 build/gpio.o
 .debug_ranges  0x0000000000000038       0x10 build/mdma.o
 .debug_ranges  0x0000000000000048       0x20 build/quadspi.o
 .debug_ranges  0x0000000000000068       0x20 build/tim.o
 .debug_ranges  0x0000000000000088       0x60 build/stm32h7xx_it.o
 .debug_ranges  0x00000000000000e8       0x10 build/stm32h7xx_hal_msp.o
 .debug_ranges  0x00000000000000f8       0xe8 build/stm32h7xx_hal_rcc.o
 .debug_ranges  0x00000000000001e0       0xe8 build/stm32h7xx_hal_rcc_ex.o
 .debug_ranges  0x00000000000002c8       0x48 build/stm32h7xx_hal_gpio.o
 .debug_ranges  0x0000000000000310       0xb0 build/stm32h7xx_hal_mdma.o
 .debug_ranges  0x00000000000003c0      0x1a8 build/stm32h7xx_hal_pwr_ex.o
 .debug_ranges  0x0000000000000568      0x110 build/stm32h7xx_hal_cortex.o
 .debug_ranges  0x0000000000000678      0x188 build/stm32h7xx_hal.o
 .debug_ranges  0x0000000000000800      0x138 build/stm32h7xx_hal_qspi.o
 .debug_ranges  0x0000000000000938      0x3d0 build/stm32h7xx_hal_tim.o
 .debug_ranges  0x0000000000000d08      0x178 build/stm32h7xx_hal_tim_ex.o
 .debug_ranges  0x0000000000000e80       0x20 build/system_stm32h7xx.o
 .debug_ranges  0x0000000000000ea0      0x128 build/z_qflash_W25QXXX.o
 .debug_ranges  0x0000000000000fc8       0xf8 build/z_qflash_W25QXXX_test.o
 .debug_ranges  0x00000000000010c0       0x20 build/startup_stm32h753xx.o

.debug_line     0x0000000000000000    0x138ec
 .debug_line    0x0000000000000000      0x571 build/main.o
 .debug_line    0x0000000000000571      0x2f0 build/gpio.o
 .debug_line    0x0000000000000861      0x2ac build/mdma.o
 .debug_line    0x0000000000000b0d      0x583 build/quadspi.o
 .debug_line    0x0000000000001090      0x3c3 build/tim.o
 .debug_line    0x0000000000001453      0x3ea build/stm32h7xx_it.o
 .debug_line    0x000000000000183d      0x29d build/stm32h7xx_hal_msp.o
 .debug_line    0x0000000000001ada     0x1343 build/stm32h7xx_hal_rcc.o
 .debug_line    0x0000000000002e1d     0x2074 build/stm32h7xx_hal_rcc_ex.o
 .debug_line    0x0000000000004e91      0x7ec build/stm32h7xx_hal_gpio.o
 .debug_line    0x000000000000567d     0x1578 build/stm32h7xx_hal_mdma.o
 .debug_line    0x0000000000006bf5      0xb6b build/stm32h7xx_hal_pwr_ex.o
 .debug_line    0x0000000000007760      0x8b6 build/stm32h7xx_hal_cortex.o
 .debug_line    0x0000000000008016      0x983 build/stm32h7xx_hal.o
 .debug_line    0x0000000000008999     0x15e2 build/stm32h7xx_hal_qspi.o
 .debug_line    0x0000000000009f7b     0x519f build/stm32h7xx_hal_tim.o
 .debug_line    0x000000000000f11a     0x204c build/stm32h7xx_hal_tim_ex.o
 .debug_line    0x0000000000011166      0x543 build/system_stm32h7xx.o
 .debug_line    0x00000000000116a9     0x1692 build/z_qflash_W25QXXX.o
 .debug_line    0x0000000000012d3b      0xb3a build/z_qflash_W25QXXX_test.o
 .debug_line    0x0000000000013875       0x77 build/startup_stm32h753xx.o

.debug_str      0x0000000000000000     0x63c3
 .debug_str     0x0000000000000000     0x152f build/main.o
                                       0x16ca (size before relaxing)
 .debug_str     0x000000000000152f      0x2b0 build/gpio.o
                                        0xaf1 (size before relaxing)
 .debug_str     0x00000000000017df      0x83c build/mdma.o
                                       0x1288 (size before relaxing)
 .debug_str     0x000000000000201b      0x431 build/quadspi.o
                                       0x1c76 (size before relaxing)
 .debug_str     0x000000000000244c      0x13f build/tim.o
                                       0x11b5 (size before relaxing)
 .debug_str     0x000000000000258b       0xef build/stm32h7xx_it.o
                                        0xde8 (size before relaxing)
 .debug_str     0x000000000000267a       0x29 build/stm32h7xx_hal_msp.o
                                        0xa40 (size before relaxing)
 .debug_str     0x00000000000026a3      0x348 build/stm32h7xx_hal_rcc.o
                                       0x101c (size before relaxing)
 .debug_str     0x00000000000029eb      0x66b build/stm32h7xx_hal_rcc_ex.o
                                       0x1532 (size before relaxing)
 .debug_str     0x0000000000003056       0xfc build/stm32h7xx_hal_gpio.o
                                        0xd22 (size before relaxing)
 .debug_str     0x0000000000003152      0x470 build/stm32h7xx_hal_mdma.o
                                       0x1022 (size before relaxing)
 .debug_str     0x00000000000035c2      0x663 build/stm32h7xx_hal_pwr_ex.o
                                       0x1085 (size before relaxing)
 .debug_str     0x0000000000003c25      0x3f7 build/stm32h7xx_hal_cortex.o
                                       0x16b9 (size before relaxing)
 .debug_str     0x000000000000401c      0x5af build/stm32h7xx_hal.o
                                       0x1a4b (size before relaxing)
 .debug_str     0x00000000000045cb      0x490 build/stm32h7xx_hal_qspi.o
                                       0x1250 (size before relaxing)
 .debug_str     0x0000000000004a5b      0xec6 build/stm32h7xx_hal_tim.o
                                       0x1e4a (size before relaxing)
 .debug_str     0x0000000000005921      0x61e build/stm32h7xx_hal_tim_ex.o
                                       0x1757 (size before relaxing)
 .debug_str     0x0000000000005f3f       0x4a build/system_stm32h7xx.o
                                        0xd7b (size before relaxing)
 .debug_str     0x0000000000005f89      0x2f4 build/z_qflash_W25QXXX.o
                                       0x1245 (size before relaxing)
 .debug_str     0x000000000000627d      0x122 build/z_qflash_W25QXXX_test.o
                                       0x110c (size before relaxing)
 .debug_str     0x000000000000639f       0x24 build/startup_stm32h753xx.o
                                         0x46 (size before relaxing)

.debug_frame    0x0000000000000000     0x2c38
 .debug_frame   0x0000000000000000       0x78 build/main.o
 .debug_frame   0x0000000000000078       0x30 build/gpio.o
 .debug_frame   0x00000000000000a8       0x2c build/mdma.o
 .debug_frame   0x00000000000000d4       0x68 build/quadspi.o
 .debug_frame   0x000000000000013c       0x58 build/tim.o
 .debug_frame   0x0000000000000194       0xd8 build/stm32h7xx_it.o
 .debug_frame   0x000000000000026c       0x28 build/stm32h7xx_hal_msp.o
 .debug_frame   0x0000000000000294      0x18c build/stm32h7xx_hal_rcc.o
 .debug_frame   0x0000000000000420      0x284 build/stm32h7xx_hal_rcc_ex.o
 .debug_frame   0x00000000000006a4       0xec build/stm32h7xx_hal_gpio.o
 .debug_frame   0x0000000000000790      0x26c build/stm32h7xx_hal_mdma.o
 .debug_frame   0x00000000000009fc      0x2f4 build/stm32h7xx_hal_pwr_ex.o
 .debug_frame   0x0000000000000cf0      0x18c build/stm32h7xx_hal_cortex.o
 .debug_frame   0x0000000000000e7c      0x388 build/stm32h7xx_hal.o
 .debug_frame   0x0000000000001204      0x3d4 build/stm32h7xx_hal_qspi.o
 .debug_frame   0x00000000000015d8      0xb94 build/stm32h7xx_hal_tim.o
 .debug_frame   0x000000000000216c      0x49c build/stm32h7xx_hal_tim_ex.o
 .debug_frame   0x0000000000002608       0x4c build/system_stm32h7xx.o
 .debug_frame   0x0000000000002654      0x3fc build/z_qflash_W25QXXX.o
 .debug_frame   0x0000000000002a50      0x19c build/z_qflash_W25QXXX_test.o
 .debug_frame   0x0000000000002bec       0x2c /opt/gcc-arm-none-eabi-9-2020-q2-update/bin/../lib/gcc/arm-none-eabi/9.3.1/../../../../arm-none-eabi/lib/thumb/v7e-m+dp/hard/libc_nano.a(lib_a-init.o)
 .debug_frame   0x0000000000002c18       0x20 /opt/gcc-arm-none-eabi-9-2020-q2-update/bin/../lib/gcc/arm-none-eabi/9.3.1/../../../../arm-none-eabi/lib/thumb/v7e-m+dp/hard/libc_nano.a(lib_a-memset.o)

Cross Reference Table

Symbol                                            File
ADC3_IRQHandler                                   build/startup_stm32h753xx.o
ADC_IRQHandler                                    build/startup_stm32h753xx.o
BDMA_Channel0_IRQHandler                          build/startup_stm32h753xx.o
BDMA_Channel1_IRQHandler                          build/startup_stm32h753xx.o
BDMA_Channel2_IRQHandler                          build/startup_stm32h753xx.o
BDMA_Channel3_IRQHandler                          build/startup_stm32h753xx.o
BDMA_Channel4_IRQHandler                          build/startup_stm32h753xx.o
BDMA_Channel5_IRQHandler                          build/startup_stm32h753xx.o
BDMA_Channel6_IRQHandler                          build/startup_stm32h753xx.o
BDMA_Channel7_IRQHandler                          build/startup_stm32h753xx.o
BlinkIt                                           build/z_qflash_W25QXXX_test.o
BusFault_Handler                                  build/stm32h7xx_it.o
CEC_IRQHandler                                    build/startup_stm32h753xx.o
COMP1_IRQHandler                                  build/startup_stm32h753xx.o
CRS_IRQHandler                                    build/startup_stm32h753xx.o
CRYP_IRQHandler                                   build/startup_stm32h753xx.o
D1CorePrescTable                                  build/system_stm32h7xx.o
                                                  build/stm32h7xx_hal.o
                                                  build/stm32h7xx_hal_rcc_ex.o
                                                  build/stm32h7xx_hal_rcc.o
DCMI_IRQHandler                                   build/startup_stm32h753xx.o
DFSDM1_FLT0_IRQHandler                            build/startup_stm32h753xx.o
DFSDM1_FLT1_IRQHandler                            build/startup_stm32h753xx.o
DFSDM1_FLT2_IRQHandler                            build/startup_stm32h753xx.o
DFSDM1_FLT3_IRQHandler                            build/startup_stm32h753xx.o
DMA1_Stream0_IRQHandler                           build/startup_stm32h753xx.o
DMA1_Stream1_IRQHandler                           build/startup_stm32h753xx.o
DMA1_Stream2_IRQHandler                           build/startup_stm32h753xx.o
DMA1_Stream3_IRQHandler                           build/startup_stm32h753xx.o
DMA1_Stream4_IRQHandler                           build/startup_stm32h753xx.o
DMA1_Stream5_IRQHandler                           build/startup_stm32h753xx.o
DMA1_Stream6_IRQHandler                           build/startup_stm32h753xx.o
DMA1_Stream7_IRQHandler                           build/startup_stm32h753xx.o
DMA2D_IRQHandler                                  build/startup_stm32h753xx.o
DMA2_Stream0_IRQHandler                           build/startup_stm32h753xx.o
DMA2_Stream1_IRQHandler                           build/startup_stm32h753xx.o
DMA2_Stream2_IRQHandler                           build/startup_stm32h753xx.o
DMA2_Stream3_IRQHandler                           build/startup_stm32h753xx.o
DMA2_Stream4_IRQHandler                           build/startup_stm32h753xx.o
DMA2_Stream5_IRQHandler                           build/startup_stm32h753xx.o
DMA2_Stream6_IRQHandler                           build/startup_stm32h753xx.o
DMA2_Stream7_IRQHandler                           build/startup_stm32h753xx.o
DMAMUX1_OVR_IRQHandler                            build/startup_stm32h753xx.o
DMAMUX2_OVR_IRQHandler                            build/startup_stm32h753xx.o
DataReader_ReadData                               build/z_qflash_W25QXXX.o
DataReader_StartDMAReadData                       build/z_qflash_W25QXXX.o
DataReader_WaitForReceiveDone                     build/z_qflash_W25QXXX.o
DebugMon_Handler                                  build/stm32h7xx_it.o
Default_Handler                                   build/startup_stm32h753xx.o
DelayBlock_Configure                              build/stm32h7xx_ll_delayblock.o
DelayBlock_Disable                                build/stm32h7xx_ll_delayblock.o
DelayBlock_Enable                                 build/stm32h7xx_ll_delayblock.o
ECC_IRQHandler                                    build/startup_stm32h753xx.o
ETH_IRQHandler                                    build/startup_stm32h753xx.o
ETH_WKUP_IRQHandler                               build/startup_stm32h753xx.o
EXTI0_IRQHandler                                  build/startup_stm32h753xx.o
EXTI15_10_IRQHandler                              build/startup_stm32h753xx.o
EXTI1_IRQHandler                                  build/startup_stm32h753xx.o
EXTI2_IRQHandler                                  build/startup_stm32h753xx.o
EXTI3_IRQHandler                                  build/startup_stm32h753xx.o
EXTI4_IRQHandler                                  build/startup_stm32h753xx.o
EXTI9_5_IRQHandler                                build/startup_stm32h753xx.o
Error_Handler                                     build/main.o
                                                  build/tim.o
                                                  build/quadspi.o
ExitRun0Mode                                      build/system_stm32h7xx.o
                                                  build/startup_stm32h753xx.o
FDCAN1_IT0_IRQHandler                             build/startup_stm32h753xx.o
FDCAN1_IT1_IRQHandler                             build/startup_stm32h753xx.o
FDCAN2_IT0_IRQHandler                             build/startup_stm32h753xx.o
FDCAN2_IT1_IRQHandler                             build/startup_stm32h753xx.o
FDCAN_CAL_IRQHandler                              build/startup_stm32h753xx.o
FLASH_CRC_WaitForLastOperation                    build/stm32h7xx_hal_flash.o
                                                  build/stm32h7xx_hal_flash_ex.o
FLASH_Erase_Sector                                build/stm32h7xx_hal_flash_ex.o
                                                  build/stm32h7xx_hal_flash.o
FLASH_IRQHandler                                  build/startup_stm32h753xx.o
FLASH_OB_WaitForLastOperation                     build/stm32h7xx_hal_flash.o
                                                  build/stm32h7xx_hal_flash_ex.o
FLASH_WaitForLastOperation                        build/stm32h7xx_hal_flash.o
                                                  build/stm32h7xx_hal_flash_ex.o
FMC_IRQHandler                                    build/startup_stm32h753xx.o
FPU_IRQHandler                                    build/startup_stm32h753xx.o
HAL_DBGMCU_DisableDBGSleepMode                    build/stm32h7xx_hal.o
HAL_DBGMCU_DisableDBGStandbyMode                  build/stm32h7xx_hal.o
HAL_DBGMCU_DisableDBGStopMode                     build/stm32h7xx_hal.o
HAL_DBGMCU_EnableDBGSleepMode                     build/stm32h7xx_hal.o
HAL_DBGMCU_EnableDBGStandbyMode                   build/stm32h7xx_hal.o
HAL_DBGMCU_EnableDBGStopMode                      build/stm32h7xx_hal.o
HAL_DMAEx_ChangeMemory                            build/stm32h7xx_hal_dma_ex.o
HAL_DMAEx_ConfigMuxRequestGenerator               build/stm32h7xx_hal_dma_ex.o
HAL_DMAEx_ConfigMuxSync                           build/stm32h7xx_hal_dma_ex.o
HAL_DMAEx_DisableMuxRequestGenerator              build/stm32h7xx_hal_dma_ex.o
HAL_DMAEx_EnableMuxRequestGenerator               build/stm32h7xx_hal_dma_ex.o
HAL_DMAEx_MUX_IRQHandler                          build/stm32h7xx_hal_dma_ex.o
HAL_DMAEx_MultiBufferStart                        build/stm32h7xx_hal_dma_ex.o
HAL_DMAEx_MultiBufferStart_IT                     build/stm32h7xx_hal_dma_ex.o
HAL_DMA_Abort                                     build/stm32h7xx_hal_dma.o
HAL_DMA_Abort_IT                                  build/stm32h7xx_hal_dma.o
                                                  build/stm32h7xx_hal_tim_ex.o
                                                  build/stm32h7xx_hal_tim.o
                                                  build/stm32h7xx_hal_i2c.o
HAL_DMA_DeInit                                    build/stm32h7xx_hal_dma.o
HAL_DMA_GetError                                  build/stm32h7xx_hal_dma.o
                                                  build/stm32h7xx_hal_i2c.o
HAL_DMA_GetState                                  build/stm32h7xx_hal_dma.o
                                                  build/stm32h7xx_hal_i2c.o
HAL_DMA_IRQHandler                                build/stm32h7xx_hal_dma.o
HAL_DMA_Init                                      build/stm32h7xx_hal_dma.o
HAL_DMA_PollForTransfer                           build/stm32h7xx_hal_dma.o
HAL_DMA_RegisterCallback                          build/stm32h7xx_hal_dma.o
HAL_DMA_Start                                     build/stm32h7xx_hal_dma.o
HAL_DMA_Start_IT                                  build/stm32h7xx_hal_dma.o
                                                  build/stm32h7xx_hal_tim_ex.o
                                                  build/stm32h7xx_hal_tim.o
                                                  build/stm32h7xx_hal_i2c.o
HAL_DMA_UnRegisterCallback                        build/stm32h7xx_hal_dma.o
HAL_DeInit                                        build/stm32h7xx_hal.o
HAL_Delay                                         build/stm32h7xx_hal.o
                                                  build/z_qflash_W25QXXX_test.o
                                                  build/z_qflash_W25QXXX.o
HAL_DisableCompensationCell                       build/stm32h7xx_hal.o
HAL_EXTI_ClearConfigLine                          build/stm32h7xx_hal_exti.o
HAL_EXTI_ClearPending                             build/stm32h7xx_hal_exti.o
HAL_EXTI_D1_ClearFlag                             build/stm32h7xx_hal.o
HAL_EXTI_D1_EventInputConfig                      build/stm32h7xx_hal.o
HAL_EXTI_D3_EventInputConfig                      build/stm32h7xx_hal.o
HAL_EXTI_EdgeConfig                               build/stm32h7xx_hal.o
HAL_EXTI_GenerateSWI                              build/stm32h7xx_hal_exti.o
HAL_EXTI_GenerateSWInterrupt                      build/stm32h7xx_hal.o
HAL_EXTI_GetConfigLine                            build/stm32h7xx_hal_exti.o
HAL_EXTI_GetHandle                                build/stm32h7xx_hal_exti.o
HAL_EXTI_GetPending                               build/stm32h7xx_hal_exti.o
HAL_EXTI_IRQHandler                               build/stm32h7xx_hal_exti.o
HAL_EXTI_RegisterCallback                         build/stm32h7xx_hal_exti.o
HAL_EXTI_SetConfigLine                            build/stm32h7xx_hal_exti.o
HAL_EnableCompensationCell                        build/stm32h7xx_hal.o
HAL_FLASHEx_ComputeCRC                            build/stm32h7xx_hal_flash_ex.o
HAL_FLASHEx_Erase                                 build/stm32h7xx_hal_flash_ex.o
HAL_FLASHEx_Erase_IT                              build/stm32h7xx_hal_flash_ex.o
HAL_FLASHEx_Lock_Bank1                            build/stm32h7xx_hal_flash_ex.o
HAL_FLASHEx_Lock_Bank2                            build/stm32h7xx_hal_flash_ex.o
HAL_FLASHEx_OBGetConfig                           build/stm32h7xx_hal_flash_ex.o
HAL_FLASHEx_OBProgram                             build/stm32h7xx_hal_flash_ex.o
HAL_FLASHEx_Unlock_Bank1                          build/stm32h7xx_hal_flash_ex.o
HAL_FLASHEx_Unlock_Bank2                          build/stm32h7xx_hal_flash_ex.o
HAL_FLASH_EndOfOperationCallback                  build/stm32h7xx_hal_flash.o
HAL_FLASH_GetError                                build/stm32h7xx_hal_flash.o
HAL_FLASH_IRQHandler                              build/stm32h7xx_hal_flash.o
HAL_FLASH_Lock                                    build/stm32h7xx_hal_flash.o
HAL_FLASH_OB_Launch                               build/stm32h7xx_hal_flash.o
HAL_FLASH_OB_Lock                                 build/stm32h7xx_hal_flash.o
HAL_FLASH_OB_Unlock                               build/stm32h7xx_hal_flash.o
HAL_FLASH_OperationErrorCallback                  build/stm32h7xx_hal_flash.o
HAL_FLASH_Program                                 build/stm32h7xx_hal_flash.o
HAL_FLASH_Program_IT                              build/stm32h7xx_hal_flash.o
HAL_FLASH_Unlock                                  build/stm32h7xx_hal_flash.o
HAL_GPIO_DeInit                                   build/stm32h7xx_hal_gpio.o
                                                  build/quadspi.o
HAL_GPIO_EXTI_Callback                            build/stm32h7xx_hal_gpio.o
HAL_GPIO_EXTI_IRQHandler                          build/stm32h7xx_hal_gpio.o
HAL_GPIO_Init                                     build/stm32h7xx_hal_gpio.o
                                                  build/stm32h7xx_hal_rcc.o
                                                  build/quadspi.o
                                                  build/gpio.o
HAL_GPIO_LockPin                                  build/stm32h7xx_hal_gpio.o
HAL_GPIO_ReadPin                                  build/stm32h7xx_hal_gpio.o
HAL_GPIO_TogglePin                                build/stm32h7xx_hal_gpio.o
HAL_GPIO_WritePin                                 build/stm32h7xx_hal_gpio.o
                                                  build/z_qflash_W25QXXX_test.o
                                                  build/gpio.o
HAL_GetCurrentCPUID                               build/stm32h7xx_hal_cortex.o
HAL_GetDEVID                                      build/stm32h7xx_hal.o
HAL_GetFMCMemorySwappingConfig                    build/stm32h7xx_hal.o
HAL_GetHalVersion                                 build/stm32h7xx_hal.o
HAL_GetREVID                                      build/stm32h7xx_hal.o
                                                  build/stm32h7xx_hal_rcc_ex.o
                                                  build/stm32h7xx_hal_rcc.o
HAL_GetTick                                       build/stm32h7xx_hal.o
                                                  build/z_qflash_W25QXXX.o
                                                  build/stm32h7xx_ll_delayblock.o
                                                  build/stm32h7xx_hal_qspi.o
                                                  build/stm32h7xx_hal_i2c.o
                                                  build/stm32h7xx_hal_pwr_ex.o
                                                  build/stm32h7xx_hal_mdma.o
                                                  build/stm32h7xx_hal_dma.o
                                                  build/stm32h7xx_hal_flash.o
                                                  build/stm32h7xx_hal_rcc_ex.o
                                                  build/stm32h7xx_hal_rcc.o
HAL_GetTickFreq                                   build/stm32h7xx_hal.o
HAL_GetTickPrio                                   build/stm32h7xx_hal.o
HAL_GetUIDw0                                      build/stm32h7xx_hal.o
HAL_GetUIDw1                                      build/stm32h7xx_hal.o
HAL_GetUIDw2                                      build/stm32h7xx_hal.o
HAL_HSEM_ActivateNotification                     build/stm32h7xx_hal_hsem.o
HAL_HSEM_DeactivateNotification                   build/stm32h7xx_hal_hsem.o
HAL_HSEM_FastTake                                 build/stm32h7xx_hal_hsem.o
HAL_HSEM_FreeCallback                             build/stm32h7xx_hal_hsem.o
HAL_HSEM_GetClearKey                              build/stm32h7xx_hal_hsem.o
HAL_HSEM_IRQHandler                               build/stm32h7xx_hal_hsem.o
HAL_HSEM_IsSemTaken                               build/stm32h7xx_hal_hsem.o
HAL_HSEM_Release                                  build/stm32h7xx_hal_hsem.o
HAL_HSEM_ReleaseAll                               build/stm32h7xx_hal_hsem.o
HAL_HSEM_SetClearKey                              build/stm32h7xx_hal_hsem.o
HAL_HSEM_Take                                     build/stm32h7xx_hal_hsem.o
HAL_I2CEx_ConfigAnalogFilter                      build/stm32h7xx_hal_i2c_ex.o
HAL_I2CEx_ConfigDigitalFilter                     build/stm32h7xx_hal_i2c_ex.o
HAL_I2CEx_DisableFastModePlus                     build/stm32h7xx_hal_i2c_ex.o
HAL_I2CEx_DisableWakeUp                           build/stm32h7xx_hal_i2c_ex.o
HAL_I2CEx_EnableFastModePlus                      build/stm32h7xx_hal_i2c_ex.o
HAL_I2CEx_EnableWakeUp                            build/stm32h7xx_hal_i2c_ex.o
HAL_I2C_AbortCpltCallback                         build/stm32h7xx_hal_i2c.o
HAL_I2C_AddrCallback                              build/stm32h7xx_hal_i2c.o
HAL_I2C_DeInit                                    build/stm32h7xx_hal_i2c.o
HAL_I2C_DisableListen_IT                          build/stm32h7xx_hal_i2c.o
HAL_I2C_ER_IRQHandler                             build/stm32h7xx_hal_i2c.o
HAL_I2C_EV_IRQHandler                             build/stm32h7xx_hal_i2c.o
HAL_I2C_EnableListen_IT                           build/stm32h7xx_hal_i2c.o
HAL_I2C_ErrorCallback                             build/stm32h7xx_hal_i2c.o
HAL_I2C_GetError                                  build/stm32h7xx_hal_i2c.o
HAL_I2C_GetMode                                   build/stm32h7xx_hal_i2c.o
HAL_I2C_GetState                                  build/stm32h7xx_hal_i2c.o
HAL_I2C_Init                                      build/stm32h7xx_hal_i2c.o
HAL_I2C_IsDeviceReady                             build/stm32h7xx_hal_i2c.o
HAL_I2C_ListenCpltCallback                        build/stm32h7xx_hal_i2c.o
HAL_I2C_MasterRxCpltCallback                      build/stm32h7xx_hal_i2c.o
HAL_I2C_MasterTxCpltCallback                      build/stm32h7xx_hal_i2c.o
HAL_I2C_Master_Abort_IT                           build/stm32h7xx_hal_i2c.o
HAL_I2C_Master_Receive                            build/stm32h7xx_hal_i2c.o
HAL_I2C_Master_Receive_DMA                        build/stm32h7xx_hal_i2c.o
HAL_I2C_Master_Receive_IT                         build/stm32h7xx_hal_i2c.o
HAL_I2C_Master_Seq_Receive_DMA                    build/stm32h7xx_hal_i2c.o
HAL_I2C_Master_Seq_Receive_IT                     build/stm32h7xx_hal_i2c.o
HAL_I2C_Master_Seq_Transmit_DMA                   build/stm32h7xx_hal_i2c.o
HAL_I2C_Master_Seq_Transmit_IT                    build/stm32h7xx_hal_i2c.o
HAL_I2C_Master_Transmit                           build/stm32h7xx_hal_i2c.o
HAL_I2C_Master_Transmit_DMA                       build/stm32h7xx_hal_i2c.o
HAL_I2C_Master_Transmit_IT                        build/stm32h7xx_hal_i2c.o
HAL_I2C_MemRxCpltCallback                         build/stm32h7xx_hal_i2c.o
HAL_I2C_MemTxCpltCallback                         build/stm32h7xx_hal_i2c.o
HAL_I2C_Mem_Read                                  build/stm32h7xx_hal_i2c.o
HAL_I2C_Mem_Read_DMA                              build/stm32h7xx_hal_i2c.o
HAL_I2C_Mem_Read_IT                               build/stm32h7xx_hal_i2c.o
HAL_I2C_Mem_Write                                 build/stm32h7xx_hal_i2c.o
HAL_I2C_Mem_Write_DMA                             build/stm32h7xx_hal_i2c.o
HAL_I2C_Mem_Write_IT                              build/stm32h7xx_hal_i2c.o
HAL_I2C_MspDeInit                                 build/stm32h7xx_hal_i2c.o
HAL_I2C_MspInit                                   build/stm32h7xx_hal_i2c.o
HAL_I2C_SlaveRxCpltCallback                       build/stm32h7xx_hal_i2c.o
HAL_I2C_SlaveTxCpltCallback                       build/stm32h7xx_hal_i2c.o
HAL_I2C_Slave_Receive                             build/stm32h7xx_hal_i2c.o
HAL_I2C_Slave_Receive_DMA                         build/stm32h7xx_hal_i2c.o
HAL_I2C_Slave_Receive_IT                          build/stm32h7xx_hal_i2c.o
HAL_I2C_Slave_Seq_Receive_DMA                     build/stm32h7xx_hal_i2c.o
HAL_I2C_Slave_Seq_Receive_IT                      build/stm32h7xx_hal_i2c.o
HAL_I2C_Slave_Seq_Transmit_DMA                    build/stm32h7xx_hal_i2c.o
HAL_I2C_Slave_Seq_Transmit_IT                     build/stm32h7xx_hal_i2c.o
HAL_I2C_Slave_Transmit                            build/stm32h7xx_hal_i2c.o
HAL_I2C_Slave_Transmit_DMA                        build/stm32h7xx_hal_i2c.o
HAL_I2C_Slave_Transmit_IT                         build/stm32h7xx_hal_i2c.o
HAL_IncTick                                       build/stm32h7xx_hal.o
                                                  build/stm32h7xx_it.o
HAL_Init                                          build/stm32h7xx_hal.o
                                                  build/main.o
HAL_InitTick                                      build/stm32h7xx_hal.o
                                                  build/stm32h7xx_hal_rcc.o
HAL_MDMA_Abort                                    build/stm32h7xx_hal_mdma.o
                                                  build/stm32h7xx_hal_qspi.o
HAL_MDMA_Abort_IT                                 build/stm32h7xx_hal_mdma.o
                                                  build/stm32h7xx_hal_qspi.o
HAL_MDMA_ConfigPostRequestMask                    build/stm32h7xx_hal_mdma.o
                                                  build/quadspi.o
HAL_MDMA_DeInit                                   build/stm32h7xx_hal_mdma.o
                                                  build/quadspi.o
HAL_MDMA_GenerateSWRequest                        build/stm32h7xx_hal_mdma.o
HAL_MDMA_GetError                                 build/stm32h7xx_hal_mdma.o
HAL_MDMA_GetState                                 build/stm32h7xx_hal_mdma.o
HAL_MDMA_IRQHandler                               build/stm32h7xx_hal_mdma.o
                                                  build/stm32h7xx_it.o
HAL_MDMA_Init                                     build/stm32h7xx_hal_mdma.o
                                                  build/quadspi.o
HAL_MDMA_LinkedList_AddNode                       build/stm32h7xx_hal_mdma.o
HAL_MDMA_LinkedList_CreateNode                    build/stm32h7xx_hal_mdma.o
HAL_MDMA_LinkedList_DisableCircularMode           build/stm32h7xx_hal_mdma.o
HAL_MDMA_LinkedList_EnableCircularMode            build/stm32h7xx_hal_mdma.o
HAL_MDMA_LinkedList_RemoveNode                    build/stm32h7xx_hal_mdma.o
HAL_MDMA_PollForTransfer                          build/stm32h7xx_hal_mdma.o
HAL_MDMA_RegisterCallback                         build/stm32h7xx_hal_mdma.o
HAL_MDMA_Start                                    build/stm32h7xx_hal_mdma.o
HAL_MDMA_Start_IT                                 build/stm32h7xx_hal_mdma.o
                                                  build/stm32h7xx_hal_qspi.o
HAL_MDMA_UnRegisterCallback                       build/stm32h7xx_hal_mdma.o
HAL_MPU_ConfigRegion                              build/stm32h7xx_hal_cortex.o
                                                  build/main.o
HAL_MPU_Disable                                   build/stm32h7xx_hal_cortex.o
                                                  build/main.o
HAL_MPU_DisableRegion                             build/stm32h7xx_hal_cortex.o
HAL_MPU_Enable                                    build/stm32h7xx_hal_cortex.o
                                                  build/main.o
HAL_MPU_EnableRegion                              build/stm32h7xx_hal_cortex.o
HAL_MspDeInit                                     build/stm32h7xx_hal.o
HAL_MspInit                                       build/stm32h7xx_hal_msp.o
HAL_NVIC_ClearPendingIRQ                          build/stm32h7xx_hal_cortex.o
HAL_NVIC_DisableIRQ                               build/stm32h7xx_hal_cortex.o
                                                  build/quadspi.o
HAL_NVIC_EnableIRQ                                build/stm32h7xx_hal_cortex.o
                                                  build/quadspi.o
                                                  build/mdma.o
HAL_NVIC_GetActive                                build/stm32h7xx_hal_cortex.o
HAL_NVIC_GetPendingIRQ                            build/stm32h7xx_hal_cortex.o
HAL_NVIC_GetPriority                              build/stm32h7xx_hal_cortex.o
HAL_NVIC_GetPriorityGrouping                      build/stm32h7xx_hal_cortex.o
HAL_NVIC_SetPendingIRQ                            build/stm32h7xx_hal_cortex.o
HAL_NVIC_SetPriority                              build/stm32h7xx_hal_cortex.o
                                                  build/stm32h7xx_hal.o
                                                  build/quadspi.o
                                                  build/mdma.o
HAL_NVIC_SetPriorityGrouping                      build/stm32h7xx_hal_cortex.o
                                                  build/stm32h7xx_hal.o
HAL_NVIC_SystemReset                              build/stm32h7xx_hal_cortex.o
HAL_PWREx_AVDCallback                             build/stm32h7xx_hal_pwr_ex.o
HAL_PWREx_ClearPendingEvent                       build/stm32h7xx_hal_pwr_ex.o
HAL_PWREx_ClearWakeupFlag                         build/stm32h7xx_hal_pwr_ex.o
HAL_PWREx_ConfigAVD                               build/stm32h7xx_hal_pwr_ex.o
HAL_PWREx_ConfigD3Domain                          build/stm32h7xx_hal_pwr_ex.o
HAL_PWREx_ConfigSupply                            build/stm32h7xx_hal_pwr_ex.o
                                                  build/main.o
HAL_PWREx_ControlStopModeVoltageScaling           build/stm32h7xx_hal_pwr_ex.o
HAL_PWREx_ControlVoltageScaling                   build/stm32h7xx_hal_pwr_ex.o
HAL_PWREx_DisableAVD                              build/stm32h7xx_hal_pwr_ex.o
HAL_PWREx_DisableBatteryCharging                  build/stm32h7xx_hal_pwr_ex.o
HAL_PWREx_DisableBkUpReg                          build/stm32h7xx_hal_pwr_ex.o
HAL_PWREx_DisableFlashPowerDown                   build/stm32h7xx_hal_pwr_ex.o
HAL_PWREx_DisableMonitoring                       build/stm32h7xx_hal_pwr_ex.o
HAL_PWREx_DisableUSBReg                           build/stm32h7xx_hal_pwr_ex.o
HAL_PWREx_DisableUSBVoltageDetector               build/stm32h7xx_hal_pwr_ex.o
HAL_PWREx_DisableWakeUpPin                        build/stm32h7xx_hal_pwr_ex.o
HAL_PWREx_EnableAVD                               build/stm32h7xx_hal_pwr_ex.o
HAL_PWREx_EnableBatteryCharging                   build/stm32h7xx_hal_pwr_ex.o
HAL_PWREx_EnableBkUpReg                           build/stm32h7xx_hal_pwr_ex.o
HAL_PWREx_EnableFlashPowerDown                    build/stm32h7xx_hal_pwr_ex.o
HAL_PWREx_EnableMonitoring                        build/stm32h7xx_hal_pwr_ex.o
HAL_PWREx_EnableUSBReg                            build/stm32h7xx_hal_pwr_ex.o
HAL_PWREx_EnableUSBVoltageDetector                build/stm32h7xx_hal_pwr_ex.o
HAL_PWREx_EnableWakeUpPin                         build/stm32h7xx_hal_pwr_ex.o
HAL_PWREx_EnterSTANDBYMode                        build/stm32h7xx_hal_pwr_ex.o
HAL_PWREx_EnterSTOPMode                           build/stm32h7xx_hal_pwr_ex.o
HAL_PWREx_GetStopModeVoltageRange                 build/stm32h7xx_hal_pwr_ex.o
HAL_PWREx_GetSupplyConfig                         build/stm32h7xx_hal_pwr_ex.o
HAL_PWREx_GetTemperatureLevel                     build/stm32h7xx_hal_pwr_ex.o
HAL_PWREx_GetVBATLevel                            build/stm32h7xx_hal_pwr_ex.o
HAL_PWREx_GetVoltageRange                         build/stm32h7xx_hal_pwr_ex.o
HAL_PWREx_GetWakeupFlag                           build/stm32h7xx_hal_pwr_ex.o
HAL_PWREx_PVD_AVD_IRQHandler                      build/stm32h7xx_hal_pwr_ex.o
HAL_PWREx_WAKEUP_PIN_IRQHandler                   build/stm32h7xx_hal_pwr_ex.o
HAL_PWREx_WKUP1_Callback                          build/stm32h7xx_hal_pwr_ex.o
HAL_PWREx_WKUP2_Callback                          build/stm32h7xx_hal_pwr_ex.o
HAL_PWREx_WKUP3_Callback                          build/stm32h7xx_hal_pwr_ex.o
HAL_PWREx_WKUP4_Callback                          build/stm32h7xx_hal_pwr_ex.o
HAL_PWREx_WKUP5_Callback                          build/stm32h7xx_hal_pwr_ex.o
HAL_PWREx_WKUP6_Callback                          build/stm32h7xx_hal_pwr_ex.o
HAL_PWR_ConfigPVD                                 build/stm32h7xx_hal_pwr.o
HAL_PWR_DeInit                                    build/stm32h7xx_hal_pwr.o
HAL_PWR_DisableBkUpAccess                         build/stm32h7xx_hal_pwr.o
HAL_PWR_DisablePVD                                build/stm32h7xx_hal_pwr.o
HAL_PWR_DisableSEVOnPend                          build/stm32h7xx_hal_pwr.o
HAL_PWR_DisableSleepOnExit                        build/stm32h7xx_hal_pwr.o
HAL_PWR_DisableWakeUpPin                          build/stm32h7xx_hal_pwr.o
HAL_PWR_EnableBkUpAccess                          build/stm32h7xx_hal_pwr.o
HAL_PWR_EnablePVD                                 build/stm32h7xx_hal_pwr.o
HAL_PWR_EnableSEVOnPend                           build/stm32h7xx_hal_pwr.o
HAL_PWR_EnableSleepOnExit                         build/stm32h7xx_hal_pwr.o
HAL_PWR_EnableWakeUpPin                           build/stm32h7xx_hal_pwr.o
HAL_PWR_EnterSLEEPMode                            build/stm32h7xx_hal_pwr.o
HAL_PWR_EnterSTANDBYMode                          build/stm32h7xx_hal_pwr.o
HAL_PWR_EnterSTOPMode                             build/stm32h7xx_hal_pwr.o
HAL_PWR_PVDCallback                               build/stm32h7xx_hal_pwr.o
                                                  build/stm32h7xx_hal_pwr_ex.o
HAL_PWR_PVD_IRQHandler                            build/stm32h7xx_hal_pwr.o
HAL_QSPI_Abort                                    build/stm32h7xx_hal_qspi.o
HAL_QSPI_AbortCpltCallback                        build/stm32h7xx_hal_qspi.o
HAL_QSPI_Abort_IT                                 build/stm32h7xx_hal_qspi.o
HAL_QSPI_AutoPolling                              build/stm32h7xx_hal_qspi.o
                                                  build/z_qflash_W25QXXX.o
HAL_QSPI_AutoPolling_IT                           build/stm32h7xx_hal_qspi.o
HAL_QSPI_CmdCpltCallback                          build/z_qflash_W25QXXX.o
                                                  build/stm32h7xx_hal_qspi.o
HAL_QSPI_Command                                  build/stm32h7xx_hal_qspi.o
                                                  build/z_qflash_W25QXXX.o
HAL_QSPI_Command_IT                               build/stm32h7xx_hal_qspi.o
HAL_QSPI_DeInit                                   build/stm32h7xx_hal_qspi.o
HAL_QSPI_ErrorCallback                            build/z_qflash_W25QXXX.o
                                                  build/stm32h7xx_hal_qspi.o
HAL_QSPI_FifoThresholdCallback                    build/stm32h7xx_hal_qspi.o
HAL_QSPI_GetError                                 build/stm32h7xx_hal_qspi.o
HAL_QSPI_GetFifoThreshold                         build/stm32h7xx_hal_qspi.o
HAL_QSPI_GetState                                 build/stm32h7xx_hal_qspi.o
HAL_QSPI_IRQHandler                               build/stm32h7xx_hal_qspi.o
                                                  build/stm32h7xx_it.o
HAL_QSPI_Init                                     build/stm32h7xx_hal_qspi.o
                                                  build/quadspi.o
HAL_QSPI_MemoryMapped                             build/stm32h7xx_hal_qspi.o
                                                  build/z_qflash_W25QXXX_test.o
HAL_QSPI_MspDeInit                                build/quadspi.o
HAL_QSPI_MspInit                                  build/quadspi.o
HAL_QSPI_Receive                                  build/stm32h7xx_hal_qspi.o
HAL_QSPI_Receive_DMA                              build/stm32h7xx_hal_qspi.o
                                                  build/z_qflash_W25QXXX.o
HAL_QSPI_Receive_IT                               build/stm32h7xx_hal_qspi.o
HAL_QSPI_RxCpltCallback                           build/z_qflash_W25QXXX.o
                                                  build/stm32h7xx_hal_qspi.o
HAL_QSPI_SetFifoThreshold                         build/stm32h7xx_hal_qspi.o
HAL_QSPI_SetFlashID                               build/stm32h7xx_hal_qspi.o
HAL_QSPI_SetTimeout                               build/stm32h7xx_hal_qspi.o
HAL_QSPI_StatusMatchCallback                      build/stm32h7xx_hal_qspi.o
HAL_QSPI_TimeOutCallback                          build/stm32h7xx_hal_qspi.o
HAL_QSPI_Transmit                                 build/stm32h7xx_hal_qspi.o
                                                  build/z_qflash_W25QXXX.o
HAL_QSPI_Transmit_DMA                             build/stm32h7xx_hal_qspi.o
                                                  build/z_qflash_W25QXXX.o
HAL_QSPI_Transmit_IT                              build/stm32h7xx_hal_qspi.o
HAL_QSPI_TxCpltCallback                           build/z_qflash_W25QXXX.o
                                                  build/stm32h7xx_hal_qspi.o
HAL_RCCEx_CRSConfig                               build/stm32h7xx_hal_rcc_ex.o
HAL_RCCEx_CRSGetSynchronizationInfo               build/stm32h7xx_hal_rcc_ex.o
HAL_RCCEx_CRSSoftwareSynchronizationGenerate      build/stm32h7xx_hal_rcc_ex.o
HAL_RCCEx_CRSWaitSynchronization                  build/stm32h7xx_hal_rcc_ex.o
HAL_RCCEx_CRS_ErrorCallback                       build/stm32h7xx_hal_rcc_ex.o
HAL_RCCEx_CRS_ExpectedSyncCallback                build/stm32h7xx_hal_rcc_ex.o
HAL_RCCEx_CRS_IRQHandler                          build/stm32h7xx_hal_rcc_ex.o
HAL_RCCEx_CRS_SyncOkCallback                      build/stm32h7xx_hal_rcc_ex.o
HAL_RCCEx_CRS_SyncWarnCallback                    build/stm32h7xx_hal_rcc_ex.o
HAL_RCCEx_DisableLSECSS                           build/stm32h7xx_hal_rcc_ex.o
HAL_RCCEx_EnableLSECSS                            build/stm32h7xx_hal_rcc_ex.o
HAL_RCCEx_EnableLSECSS_IT                         build/stm32h7xx_hal_rcc_ex.o
HAL_RCCEx_GetD1PCLK1Freq                          build/stm32h7xx_hal_rcc_ex.o
HAL_RCCEx_GetD1SysClockFreq                       build/stm32h7xx_hal_rcc_ex.o
HAL_RCCEx_GetD3PCLK1Freq                          build/stm32h7xx_hal_rcc_ex.o
HAL_RCCEx_GetPLL1ClockFreq                        build/stm32h7xx_hal_rcc_ex.o
HAL_RCCEx_GetPLL2ClockFreq                        build/stm32h7xx_hal_rcc_ex.o
HAL_RCCEx_GetPLL3ClockFreq                        build/stm32h7xx_hal_rcc_ex.o
HAL_RCCEx_GetPeriphCLKConfig                      build/stm32h7xx_hal_rcc_ex.o
HAL_RCCEx_GetPeriphCLKFreq                        build/stm32h7xx_hal_rcc_ex.o
HAL_RCCEx_KerWakeUpStopCLKConfig                  build/stm32h7xx_hal_rcc_ex.o
HAL_RCCEx_LSECSS_Callback                         build/stm32h7xx_hal_rcc_ex.o
HAL_RCCEx_LSECSS_IRQHandler                       build/stm32h7xx_hal_rcc_ex.o
HAL_RCCEx_PeriphCLKConfig                         build/stm32h7xx_hal_rcc_ex.o
                                                  build/quadspi.o
HAL_RCCEx_WWDGxSysResetConfig                     build/stm32h7xx_hal_rcc_ex.o
HAL_RCCEx_WakeUpStopCLKConfig                     build/stm32h7xx_hal_rcc_ex.o
HAL_RCC_CSSCallback                               build/stm32h7xx_hal_rcc.o
HAL_RCC_ClockConfig                               build/stm32h7xx_hal_rcc.o
                                                  build/main.o
HAL_RCC_DeInit                                    build/stm32h7xx_hal_rcc.o
HAL_RCC_DisableCSS                                build/stm32h7xx_hal_rcc.o
HAL_RCC_EnableCSS                                 build/stm32h7xx_hal_rcc.o
HAL_RCC_GetClockConfig                            build/stm32h7xx_hal_rcc.o
HAL_RCC_GetHCLKFreq                               build/stm32h7xx_hal_rcc.o
                                                  build/stm32h7xx_hal_rcc_ex.o
HAL_RCC_GetOscConfig                              build/stm32h7xx_hal_rcc.o
HAL_RCC_GetPCLK1Freq                              build/stm32h7xx_hal_rcc.o
                                                  build/stm32h7xx_hal_rcc_ex.o
HAL_RCC_GetPCLK2Freq                              build/stm32h7xx_hal_rcc.o
HAL_RCC_GetSysClockFreq                           build/stm32h7xx_hal_rcc.o
                                                  build/stm32h7xx_hal.o
                                                  build/stm32h7xx_hal_rcc_ex.o
HAL_RCC_MCOConfig                                 build/stm32h7xx_hal_rcc.o
HAL_RCC_NMI_IRQHandler                            build/stm32h7xx_hal_rcc.o
HAL_RCC_OscConfig                                 build/stm32h7xx_hal_rcc.o
                                                  build/main.o
HAL_ResumeTick                                    build/stm32h7xx_hal.o
HAL_SYSCFG_AnalogSwitchConfig                     build/stm32h7xx_hal.o
HAL_SYSCFG_CM7BootAddConfig                       build/stm32h7xx_hal.o
HAL_SYSCFG_CompensationCodeConfig                 build/stm32h7xx_hal.o
HAL_SYSCFG_CompensationCodeSelect                 build/stm32h7xx_hal.o
HAL_SYSCFG_DisableBOOST                           build/stm32h7xx_hal.o
HAL_SYSCFG_DisableIOSpeedOptimize                 build/stm32h7xx_hal.o
HAL_SYSCFG_DisableVREFBUF                         build/stm32h7xx_hal.o
HAL_SYSCFG_ETHInterfaceSelect                     build/stm32h7xx_hal.o
HAL_SYSCFG_EnableBOOST                            build/stm32h7xx_hal.o
HAL_SYSCFG_EnableIOSpeedOptimize                  build/stm32h7xx_hal.o
HAL_SYSCFG_EnableVREFBUF                          build/stm32h7xx_hal.o
HAL_SYSCFG_VREFBUF_HighImpedanceConfig            build/stm32h7xx_hal.o
HAL_SYSCFG_VREFBUF_TrimmingConfig                 build/stm32h7xx_hal.o
HAL_SYSCFG_VREFBUF_VoltageScalingConfig           build/stm32h7xx_hal.o
HAL_SYSTICK_CLKSourceConfig                       build/stm32h7xx_hal_cortex.o
HAL_SYSTICK_Callback                              build/stm32h7xx_hal_cortex.o
HAL_SYSTICK_Config                                build/stm32h7xx_hal_cortex.o
                                                  build/stm32h7xx_hal.o
HAL_SYSTICK_IRQHandler                            build/stm32h7xx_hal_cortex.o
HAL_SetFMCMemorySwappingConfig                    build/stm32h7xx_hal.o
HAL_SetTickFreq                                   build/stm32h7xx_hal.o
HAL_SuspendTick                                   build/stm32h7xx_hal.o
HAL_TIMEx_Break2Callback                          build/stm32h7xx_hal_tim_ex.o
                                                  build/stm32h7xx_hal_tim.o
HAL_TIMEx_BreakCallback                           build/stm32h7xx_hal_tim_ex.o
                                                  build/stm32h7xx_hal_tim.o
HAL_TIMEx_CommutCallback                          build/stm32h7xx_hal_tim_ex.o
                                                  build/stm32h7xx_hal_tim.o
HAL_TIMEx_CommutHalfCpltCallback                  build/stm32h7xx_hal_tim_ex.o
HAL_TIMEx_ConfigBreakDeadTime                     build/stm32h7xx_hal_tim_ex.o
HAL_TIMEx_ConfigBreakInput                        build/stm32h7xx_hal_tim_ex.o
HAL_TIMEx_ConfigCommutEvent                       build/stm32h7xx_hal_tim_ex.o
HAL_TIMEx_ConfigCommutEvent_DMA                   build/stm32h7xx_hal_tim_ex.o
HAL_TIMEx_ConfigCommutEvent_IT                    build/stm32h7xx_hal_tim_ex.o